Archive member included to satisfy reference by file (symbol)

/home/gokul/Documents/MCUXpresso_11.0.1_2563/workspace/lpc_board_nxp_lpcxpresso_1769/Debug/liblpc_board_nxp_lpcxpresso_1769.a(board.o)
                              ./source/firstproject.o (Board_LED_Set)
/home/gokul/Documents/MCUXpresso_11.0.1_2563/workspace/lpc_board_nxp_lpcxpresso_1769/Debug/liblpc_board_nxp_lpcxpresso_1769.a(board_sysinit.o)
                              ./source/sysinit.o (Board_SystemInit)
/home/gokul/Documents/MCUXpresso_11.0.1_2563/workspace/lpc_chip_175x_6x/Debug/liblpc_chip_175x_6x.a(chip_17xx_40xx.o)
                              ./source/firstproject.o (SystemCoreClockUpdate)
/home/gokul/Documents/MCUXpresso_11.0.1_2563/workspace/lpc_chip_175x_6x/Debug/liblpc_chip_175x_6x.a(clock_17xx_40xx.o)
                              /home/gokul/Documents/MCUXpresso_11.0.1_2563/workspace/lpc_chip_175x_6x/Debug/liblpc_chip_175x_6x.a(chip_17xx_40xx.o) (Chip_Clock_EnablePLL)
/home/gokul/Documents/MCUXpresso_11.0.1_2563/workspace/lpc_chip_175x_6x/Debug/liblpc_chip_175x_6x.a(i2s_17xx_40xx.o)
                              /home/gokul/Documents/MCUXpresso_11.0.1_2563/workspace/lpc_board_nxp_lpcxpresso_1769/Debug/liblpc_board_nxp_lpcxpresso_1769.a(board.o) (Chip_I2S_Init)
/home/gokul/Documents/MCUXpresso_11.0.1_2563/workspace/lpc_chip_175x_6x/Debug/liblpc_chip_175x_6x.a(iocon_17xx_40xx.o)
                              /home/gokul/Documents/MCUXpresso_11.0.1_2563/workspace/lpc_board_nxp_lpcxpresso_1769/Debug/liblpc_board_nxp_lpcxpresso_1769.a(board.o) (Chip_IOCON_PinMux)
/home/gokul/Documents/MCUXpresso_11.0.1_2563/workspace/lpc_chip_175x_6x/Debug/liblpc_chip_175x_6x.a(sysinit_17xx_40xx.o)
                              /home/gokul/Documents/MCUXpresso_11.0.1_2563/workspace/lpc_board_nxp_lpcxpresso_1769/Debug/liblpc_board_nxp_lpcxpresso_1769.a(board_sysinit.o) (Chip_SetupXtalClocking)
/home/gokul/Documents/MCUXpresso_11.0.1_2563/workspace/lpc_chip_175x_6x/Debug/liblpc_chip_175x_6x.a(uart_17xx_40xx.o)
                              /home/gokul/Documents/MCUXpresso_11.0.1_2563/workspace/lpc_board_nxp_lpcxpresso_1769/Debug/liblpc_board_nxp_lpcxpresso_1769.a(board.o) (Chip_UART_Init)
/home/gokul/Documents/MCUXpresso_11.0.1_2563/workspace/lpc_chip_175x_6x/Debug/liblpc_chip_175x_6x.a(ring_buffer.o)
                              /home/gokul/Documents/MCUXpresso_11.0.1_2563/workspace/lpc_chip_175x_6x/Debug/liblpc_chip_175x_6x.a(uart_17xx_40xx.o) (RingBuffer_Insert)
/usr/local/mcuxpressoide-11.0.1_2563/ide/plugins/com.nxp.mcuxpresso.tools.linux_11.0.1.201907311258/tools/bin/../lib/gcc/arm-none-eabi/8.2.1/thumb/v7-m/nofp/libgcc.a(_aeabi_uldivmod.o)
                              /home/gokul/Documents/MCUXpresso_11.0.1_2563/workspace/lpc_chip_175x_6x/Debug/liblpc_chip_175x_6x.a(i2s_17xx_40xx.o) (__aeabi_uldivmod)
/usr/local/mcuxpressoide-11.0.1_2563/ide/plugins/com.nxp.mcuxpresso.tools.linux_11.0.1.201907311258/tools/bin/../lib/gcc/arm-none-eabi/8.2.1/thumb/v7-m/nofp/libgcc.a(_udivmoddi4.o)
                              /usr/local/mcuxpressoide-11.0.1_2563/ide/plugins/com.nxp.mcuxpresso.tools.linux_11.0.1.201907311258/tools/bin/../lib/gcc/arm-none-eabi/8.2.1/thumb/v7-m/nofp/libgcc.a(_aeabi_uldivmod.o) (__udivmoddi4)
/usr/local/mcuxpressoide-11.0.1_2563/ide/plugins/com.nxp.mcuxpresso.tools.linux_11.0.1.201907311258/tools/bin/../lib/gcc/arm-none-eabi/8.2.1/thumb/v7-m/nofp/libgcc.a(_dvmd_tls.o)
                              /usr/local/mcuxpressoide-11.0.1_2563/ide/plugins/com.nxp.mcuxpresso.tools.linux_11.0.1.201907311258/tools/bin/../lib/gcc/arm-none-eabi/8.2.1/thumb/v7-m/nofp/libgcc.a(_aeabi_uldivmod.o) (__aeabi_ldiv0)
/usr/local/mcuxpressoide-11.0.1_2563/ide/plugins/com.nxp.mcuxpresso.tools.linux_11.0.1.201907311258/tools/bin/../lib/gcc/arm-none-eabi/8.2.1/../../../../arm-none-eabi/lib/thumb/v7-m/nofp/libc.a(lib_a-init.o)
                              ./source/cr_startup_lpc175x_6x.o (__libc_init_array)
/usr/local/mcuxpressoide-11.0.1_2563/ide/plugins/com.nxp.mcuxpresso.tools.linux_11.0.1.201907311258/tools/bin/../lib/gcc/arm-none-eabi/8.2.1/../../../../arm-none-eabi/lib/thumb/v7-m/nofp/libc.a(lib_a-malloc.o)
                              ./source/cr_cpp_config.o (malloc)
/usr/local/mcuxpressoide-11.0.1_2563/ide/plugins/com.nxp.mcuxpresso.tools.linux_11.0.1.201907311258/tools/bin/../lib/gcc/arm-none-eabi/8.2.1/../../../../arm-none-eabi/lib/thumb/v7-m/nofp/libc.a(lib_a-mallocr.o)
                              /usr/local/mcuxpressoide-11.0.1_2563/ide/plugins/com.nxp.mcuxpresso.tools.linux_11.0.1.201907311258/tools/bin/../lib/gcc/arm-none-eabi/8.2.1/../../../../arm-none-eabi/lib/thumb/v7-m/nofp/libc.a(lib_a-malloc.o) (_malloc_r)
/usr/local/mcuxpressoide-11.0.1_2563/ide/plugins/com.nxp.mcuxpresso.tools.linux_11.0.1.201907311258/tools/bin/../lib/gcc/arm-none-eabi/8.2.1/../../../../arm-none-eabi/lib/thumb/v7-m/nofp/libc.a(lib_a-memcpy.o)
[...]
Memory Configuration

Name             Origin             Length             Attributes
MFlash512        0x0000000000000000 0x0000000000080000 xr
RamLoc32         0x0000000010000000 0x0000000000008000 xrw
RamAHB32         0x000000002007c000 0x0000000000008000 xrw
*default*        0x0000000000000000 0xffffffffffffffff

Linker script and memory map

LOAD ./source/cr_cpp_config.o
LOAD ./source/cr_startup_lpc175x_6x.o
LOAD ./source/crp.o
LOAD ./source/firstproject.o
LOAD ./source/sysinit.o
LOAD /home/gokul/Documents/MCUXpresso_11.0.1_2563/workspace/lpc_board_nxp_lpcxpresso_1769/Debug/liblpc_board_nxp_lpcxpresso_1769.a
LOAD /home/gokul/Documents/MCUXpresso_11.0.1_2563/workspace/lpc_chip_175x_6x/Debug/liblpc_chip_175x_6x.a
START GROUP
LOAD /usr/local/mcuxpressoide-11.0.1_2563/ide/plugins/com.nxp.mcuxpresso.tools.linux_11.0.1.201907311258/tools/bin/../lib/gcc/arm-none-eabi/8.2.1/thumb/v7-m/nofp/libgcc.a
LOAD /usr/local/mcuxpressoide-11.0.1_2563/ide/plugins/com.nxp.mcuxpresso.tools.linux_11.0.1.201907311258/tools/bin/../lib/gcc/arm-none-eabi/8.2.1/../../../../arm-none-eabi/lib/thumb/v7-m/nofp/libc.a
LOAD /usr/local/mcuxpressoide-11.0.1_2563/ide/plugins/com.nxp.mcuxpresso.tools.linux_11.0.1.201907311258/tools/bin/../lib/gcc/arm-none-eabi/8.2.1/../../../../arm-none-eabi/lib/thumb/v7-m/nofp/libstdc++.a
LOAD /usr/local/mcuxpressoide-11.0.1_2563/ide/plugins/com.nxp.mcuxpresso.tools.linux_11.0.1.201907311258/tools/bin/../lib/gcc/arm-none-eabi/8.2.1/../../../../arm-none-eabi/lib/thumb/v7-m/nofp/libm.a
LOAD /usr/local/mcuxpressoide-11.0.1_2563/ide/plugins/com.nxp.mcuxpresso.tools.linux_11.0.1.201907311258/tools/bin/../lib/gcc/arm-none-eabi/8.2.1/../../../../arm-none-eabi/lib/thumb/v7-m/nofp/libcr_newlib_nohost.a
LOAD /usr/local/mcuxpressoide-11.0.1_2563/ide/plugins/com.nxp.mcuxpresso.tools.linux_11.0.1.201907311258/tools/bin/../lib/gcc/arm-none-eabi/8.2.1/thumb/v7-m/nofp/crti.o
LOAD /usr/local/mcuxpressoide-11.0.1_2563/ide/plugins/com.nxp.mcuxpresso.tools.linux_11.0.1.201907311258/tools/bin/../lib/gcc/arm-none-eabi/8.2.1/thumb/v7-m/nofp/crtn.o
LOAD /usr/local/mcuxpressoide-11.0.1_2563/ide/plugins/com.nxp.mcuxpresso.tools.linux_11.0.1.201907311258/tools/bin/../lib/gcc/arm-none-eabi/8.2.1/thumb/v7-m/nofp/crtbegin.o
LOAD /usr/local/mcuxpressoide-11.0.1_2563/ide/plugins/com.nxp.mcuxpresso.tools.linux_11.0.1.201907311258/tools/bin/../lib/gcc/arm-none-eabi/8.2.1/thumb/v7-m/nofp/crtend.o
END GROUP
                0x0000000000000000                __base_MFlash512 = 0x0
                0x0000000000000000                __base_Flash = 0x0
                0x0000000000080000                __top_MFlash512 = 0x80000
                0x0000000000080000                __top_Flash = 0x80000
                0x0000000010000000                __base_RamLoc32 = 0x10000000
                0x0000000010000000                __base_RAM = 0x10000000
                0x0000000010008000                __top_RamLoc32 = 0x10008000
                0x0000000010008000                __top_RAM = 0x10008000
                0x000000002007c000                __base_RamAHB32 = 0x2007c000
                0x000000002007c000                __base_RAM2 = 0x2007c000
                0x0000000020084000                __top_RamAHB32 = 0x20084000
                0x0000000020084000                __top_RAM2 = 0x20084000

.text           0x0000000000000000     0x1330
 FILL mask 0xff
                0x0000000000000000                __vectors_start__ = ABSOLUTE (.)
 *(.isr_vector)
 .isr_vector    0x0000000000000000       0xcc ./source/cr_startup_lpc175x_6x.o
                0x0000000000000000                g_pfnVectors
                0x00000000000000cc                . = ALIGN (0x4)
                0x00000000000000cc                __section_table_start = .
                0x00000000000000cc                __data_section_table = .
                0x00000000000000cc        0x4 LONG 0x1330 LOADADDR (.data)
                0x00000000000000d0        0x4 LONG 0x10000000 ADDR (.data)
                0x00000000000000d4        0x4 LONG 0x0 SIZEOF (.data)
                0x00000000000000d8        0x4 LONG 0x1330 LOADADDR (.data_RAM2)
                0x00000000000000dc        0x4 LONG 0x2007c000 ADDR (.data_RAM2)
                0x00000000000000e0        0x4 LONG 0x0 SIZEOF (.data_RAM2)
                0x00000000000000e4                __data_section_table_end = .
                0x00000000000000e4                __bss_section_table = .
                0x00000000000000e4        0x4 LONG 0x10000000 ADDR (.bss)
                0x00000000000000e8        0x4 LONG 0x20 SIZEOF (.bss)
                0x00000000000000ec        0x4 LONG 0x2007c000 ADDR (.bss_RAM2)
                0x00000000000000f0        0x4 LONG 0x0 SIZEOF (.bss_RAM2)
                0x00000000000000f4                __bss_section_table_end = .
                0x00000000000000f4                __section_table_end = .
 *(.after_vectors*)
 .after_vectors
                0x00000000000000f4      0x130 ./source/cr_startup_lpc175x_6x.o
                0x00000000000000f4                data_init(unsigned int, unsigned int, unsigned int)
                0x0000000000000136                bss_init(unsigned int, unsigned int)
                0x000000000000016c                ResetISR
                0x00000000000001e8                NMI_Handler
                0x00000000000001ee                HardFault_Handler
                0x00000000000001f4                MemManage_Handler
                0x00000000000001fa                BusFault_Handler
                0x0000000000000200                UsageFault_Handler
                0x0000000000000206                SVC_Handler
                0x000000000000020c                DebugMon_Handler
                0x0000000000000212                PendSV_Handler
                0x0000000000000218                SysTick_Handler
                0x000000000000021e                TIMER2_IRQHandler
                0x000000000000021e                RIT_IRQHandler
                0x000000000000021e                I2C0_IRQHandler
                0x000000000000021e                USBActivity_IRQHandler
                0x000000000000021e                PWM1_IRQHandler
                0x000000000000021e                I2C1_IRQHandler
                0x000000000000021e                EINT2_IRQHandler
                0x000000000000021e                UART1_IRQHandler
                0x000000000000021e                EINT3_IRQHandler
                0x000000000000021e                CANActivity_IRQHandler
                0x000000000000021e                TIMER3_IRQHandler
                0x000000000000021e                UART0_IRQHandler
                0x000000000000021e                IntDefaultHandler
                0x000000000000021e                PLL0_IRQHandler
                0x000000000000021e                CAN_IRQHandler
                0x000000000000021e                PLL1_IRQHandler
                0x000000000000021e                SSP0_IRQHandler
                0x000000000000021e                I2S_IRQHandler
                0x000000000000021e                I2C2_IRQHandler
                0x000000000000021e                RTC_IRQHandler
                0x000000000000021e                TIMER0_IRQHandler
                0x000000000000021e                SPI_IRQHandler
                0x000000000000021e                EINT1_IRQHandler
                0x000000000000021e                TIMER1_IRQHandler
                0x000000000000021e                UART2_IRQHandler
                0x000000000000021e                ADC_IRQHandler
                0x000000000000021e                SSP1_IRQHandler
                0x000000000000021e                USB_IRQHandler
                0x000000000000021e                BOD_IRQHandler
                0x000000000000021e                WDT_IRQHandler
                0x000000000000021e                QEI_IRQHandler
                0x000000000000021e                EINT0_IRQHandler
                0x000000000000021e                ETH_IRQHandler
                0x000000000000021e                DMA_IRQHandler
                0x000000000000021e                UART3_IRQHandler
                0x000000000000021e                MCPWM_IRQHandler
                0x00000000000002fc                . = 0x2fc
 *fill*         0x0000000000000224       0xd8 ff
                0x00000000000002fc                PROVIDE (__CRP_WORD_START__ = .)
 *(.crp)
 .crp           0x00000000000002fc        0x4 ./source/crp.o
                0x00000000000002fc                CRP_WORD
                0x0000000000000300                PROVIDE (__CRP_WORD_END__ = .)
                0x0000000000000001                ASSERT (! ((__CRP_WORD_START__ == __CRP_WORD_END__)), Linker CRP Enabled, but no CRP_WORD provided within application)
 *(.text*)
 .text._Z5delayv
                0x0000000000000300      0x194 ./source/firstproject.o
                0x0000000000000300                delay()
 .text.main     0x0000000000000494       0x3c ./source/firstproject.o
                0x0000000000000494                main
 .text.SystemInit
                0x00000000000004d0       0x24 ./source/sysinit.o
                0x00000000000004d0                SystemInit
 .text.Chip_IOCON_Init
                0x00000000000004f4       0x16 /home/gokul/Documents/MCUXpresso_11.0.1_2563/workspace/lpc_board_nxp_lpcxpresso_1769/Debug/liblpc_board_nxp_lpcxpresso_1769.a(board.o)
 .text.Chip_GPIO_Init
                0x000000000000050a       0x16 /home/gokul/Documents/MCUXpresso_11.0.1_2563/workspace/lpc_board_nxp_lpcxpresso_1769/Debug/liblpc_board_nxp_lpcxpresso_1769.a(board.o)
 .text.Chip_GPIO_SetPinState
                0x0000000000000520       0x64 /home/gokul/Documents/MCUXpresso_11.0.1_2563/workspace/lpc_board_nxp_lpcxpresso_1769/Debug/liblpc_board_nxp_lpcxpresso_1769.a(board.o)
 .text.Chip_GPIO_WritePortBit
                0x0000000000000584       0x2c /home/gokul/Documents/MCUXpresso_11.0.1_2563/workspace/lpc_board_nxp_lpcxpresso_1769/Debug/liblpc_board_nxp_lpcxpresso_1769.a(board.o)
 .text.Chip_GPIO_GetPinState
                0x00000000000005b0       0x38 /home/gokul/Documents/MCUXpresso_11.0.1_2563/workspace/lpc_board_nxp_lpcxpresso_1769/Debug/liblpc_board_nxp_lpcxpresso_1769.a(board.o)
 .text.Chip_GPIO_ReadPortBit
                0x00000000000005e8       0x26 /home/gokul/Documents/MCUXpresso_11.0.1_2563/workspace/lpc_board_nxp_lpcxpresso_1769/Debug/liblpc_board_nxp_lpcxpresso_1769.a(board.o)
 .text.Chip_GPIO_SetPinDIROutput
                0x000000000000060e       0x36 /home/gokul/Documents/MCUXpresso_11.0.1_2563/workspace/lpc_board_nxp_lpcxpresso_1769/Debug/liblpc_board_nxp_lpcxpresso_1769.a(board.o)
 .text.Chip_GPIO_SetPinDIRInput
                0x0000000000000644       0x3a /home/gokul/Documents/MCUXpresso_11.0.1_2563/workspace/lpc_board_nxp_lpcxpresso_1769/Debug/liblpc_board_nxp_lpcxpresso_1769.a(board.o)
 .text.Chip_GPIO_SetPinDIR
                0x000000000000067e       0x42 /home/gokul/Documents/MCUXpresso_11.0.1_2563/workspace/lpc_board_nxp_lpcxpresso_1769/Debug/liblpc_board_nxp_lpcxpresso_1769.a(board.o)
 .text.Chip_GPIO_WriteDirBit
                0x00000000000006c0       0x2e /home/gokul/Documents/MCUXpresso_11.0.1_2563/workspace/lpc_board_nxp_lpcxpresso_1769/Debug/liblpc_board_nxp_lpcxpresso_1769.a(board.o)
 .text.Chip_UART_ConfigData
                0x00000000000006ee       0x1a /home/gokul/Documents/MCUXpresso_11.0.1_2563/workspace/lpc_board_nxp_lpcxpresso_1769/Debug/liblpc_board_nxp_lpcxpresso_1769.a(board.o)
 .text.Board_LED_Init
                0x0000000000000708       0x30 /home/gokul/Documents/MCUXpresso_11.0.1_2563/workspace/lpc_board_nxp_lpcxpresso_1769/Debug/liblpc_board_nxp_lpcxpresso_1769.a(board.o)
 .text.Board_UART_Init
                0x0000000000000738       0x12 /home/gokul/Documents/MCUXpresso_11.0.1_2563/workspace/lpc_board_nxp_lpcxpresso_1769/Debug/liblpc_board_nxp_lpcxpresso_1769.a(board.o)
                0x0000000000000738                Board_UART_Init
 *fill*         0x000000000000074a        0x2 ff
 .text.Board_Debug_Init
                0x000000000000074c       0x30 /home/gokul/Documents/MCUXpresso_11.0.1_2563/workspace/lpc_board_nxp_lpcxpresso_1769/Debug/liblpc_board_nxp_lpcxpresso_1769.a(board.o)
                0x000000000000074c                Board_Debug_Init
 .text.Board_LED_Set
                0x000000000000077c       0x54 /home/gokul/Documents/MCUXpresso_11.0.1_2563/workspace/lpc_board_nxp_lpcxpresso_1769/Debug/liblpc_board_nxp_lpcxpresso_1769.a(board.o)
                0x000000000000077c                Board_LED_Set
 .text.Board_LED_Test
                0x00000000000007d0       0x58 /home/gokul/Documents/MCUXpresso_11.0.1_2563/workspace/lpc_board_nxp_lpcxpresso_1769/Debug/liblpc_board_nxp_lpcxpresso_1769.a(board.o)
                0x00000000000007d0                Board_LED_Test
 .text.Board_LED_Toggle
                0x0000000000000828       0xa2 /home/gokul/Documents/MCUXpresso_11.0.1_2563/workspace/lpc_board_nxp_lpcxpresso_1769/Debug/liblpc_board_nxp_lpcxpresso_1769.a(board.o)
                0x0000000000000828                Board_LED_Toggle
 *fill*         0x00000000000008ca        0x2 ff
 .text.Board_Init
                0x00000000000008cc       0x24 /home/gokul/Documents/MCUXpresso_11.0.1_2563/workspace/lpc_board_nxp_lpcxpresso_1769/Debug/liblpc_board_nxp_lpcxpresso_1769.a(board.o)
                0x00000000000008cc                Board_Init
 .text.Chip_SYSCTL_SetFLASHAccess
                0x00000000000008f0       0x30 /home/gokul/Documents/MCUXpresso_11.0.1_2563/workspace/lpc_board_nxp_lpcxpresso_1769/Debug/liblpc_board_nxp_lpcxpresso_1769.a(board_sysinit.o)
 .text.Board_SetupMuxing
                0x0000000000000920       0x1c /home/gokul/Documents/MCUXpresso_11.0.1_2563/workspace/lpc_board_nxp_lpcxpresso_1769/Debug/liblpc_board_nxp_lpcxpresso_1769.a(board_sysinit.o)
                0x0000000000000920                Board_SetupMuxing
 .text.Board_SetupClocking
                0x000000000000093c       0x12 /home/gokul/Documents/MCUXpresso_11.0.1_2563/workspace/lpc_board_nxp_lpcxpresso_1769/Debug/liblpc_board_nxp_lpcxpresso_1769.a(board_sysinit.o)
                0x000000000000093c                Board_SetupClocking
 .text.Board_SystemInit
                0x000000000000094e       0x10 /home/gokul/Documents/MCUXpresso_11.0.1_2563/workspace/lpc_board_nxp_lpcxpresso_1769/Debug/liblpc_board_nxp_lpcxpresso_1769.a(board_sysinit.o)
                0x000000000000094e                Board_SystemInit
 *fill*         0x000000000000095e        0x2 ff
 .text.SystemCoreClockUpdate
                0x0000000000000960       0x18 /home/gokul/Documents/MCUXpresso_11.0.1_2563/workspace/lpc_chip_175x_6x/Debug/liblpc_chip_175x_6x.a(chip_17xx_40xx.o)
                0x0000000000000960                SystemCoreClockUpdate
 .text.Chip_Clock_IsMainPLLEnabled
                0x0000000000000978       0x24 /home/gokul/Documents/MCUXpresso_11.0.1_2563/workspace/lpc_chip_175x_6x/Debug/liblpc_chip_175x_6x.a(clock_17xx_40xx.o)
 .text.Chip_Clock_IsMainPLLConnected
                0x000000000000099c       0x24 /home/gokul/Documents/MCUXpresso_11.0.1_2563/workspace/lpc_chip_175x_6x/Debug/liblpc_chip_175x_6x.a(clock_17xx_40xx.o)
 .text.Chip_Clock_FeedPLL
                0x00000000000009c0       0x34 /home/gokul/Documents/MCUXpresso_11.0.1_2563/workspace/lpc_chip_175x_6x/Debug/liblpc_chip_175x_6x.a(clock_17xx_40xx.o)
 .text.Chip_Clock_GetMainPLLSource
                0x00000000000009f4       0x20 /home/gokul/Documents/MCUXpresso_11.0.1_2563/workspace/lpc_chip_175x_6x/Debug/liblpc_chip_175x_6x.a(clock_17xx_40xx.o)
 .text.Chip_Clock_GetMainOscRate
                0x0000000000000a14       0x14 /home/gokul/Documents/MCUXpresso_11.0.1_2563/workspace/lpc_chip_175x_6x/Debug/liblpc_chip_175x_6x.a(clock_17xx_40xx.o)
 .text.Chip_Clock_GetIntOscRate
                0x0000000000000a28       0x14 /home/gokul/Documents/MCUXpresso_11.0.1_2563/workspace/lpc_chip_175x_6x/Debug/liblpc_chip_175x_6x.a(clock_17xx_40xx.o)
 .text.Chip_Clock_GetRTCOscRate
                0x0000000000000a3c       0x14 /home/gokul/Documents/MCUXpresso_11.0.1_2563/workspace/lpc_chip_175x_6x/Debug/liblpc_chip_175x_6x.a(clock_17xx_40xx.o)
 .text.Chip_Clock_GetMainPLLInClockRate
                0x0000000000000a50        0xe /home/gokul/Documents/MCUXpresso_11.0.1_2563/workspace/lpc_chip_175x_6x/Debug/liblpc_chip_175x_6x.a(clock_17xx_40xx.o)
 *fill*         0x0000000000000a5e        0x2 ff
 .text.Chip_Clock_EnablePLL
                0x0000000000000a60       0x44 /home/gokul/Documents/MCUXpresso_11.0.1_2563/workspace/lpc_chip_175x_6x/Debug/liblpc_chip_175x_6x.a(clock_17xx_40xx.o)
                0x0000000000000a60                Chip_Clock_EnablePLL
 .text.Chip_Clock_DisablePLL
                0x0000000000000aa4       0x48 /home/gokul/Documents/MCUXpresso_11.0.1_2563/workspace/lpc_chip_175x_6x/Debug/liblpc_chip_175x_6x.a(clock_17xx_40xx.o)
                0x0000000000000aa4                Chip_Clock_DisablePLL
 .text.Chip_Clock_SetupPLL
                0x0000000000000aec       0x5c /home/gokul/Documents/MCUXpresso_11.0.1_2563/workspace/lpc_chip_175x_6x/Debug/liblpc_chip_175x_6x.a(clock_17xx_40xx.o)
                0x0000000000000aec                Chip_Clock_SetupPLL
 .text.Chip_Clock_EnablePeriphClock
                0x0000000000000b48       0x34 /home/gokul/Documents/MCUXpresso_11.0.1_2563/workspace/lpc_chip_175x_6x/Debug/liblpc_chip_175x_6x.a(clock_17xx_40xx.o)
                0x0000000000000b48                Chip_Clock_EnablePeriphClock
 .text.Chip_Clock_GetCPUClockSource
                0x0000000000000b7c       0x24 /home/gokul/Documents/MCUXpresso_11.0.1_2563/workspace/lpc_chip_175x_6x/Debug/liblpc_chip_175x_6x.a(clock_17xx_40xx.o)
                0x0000000000000b7c                Chip_Clock_GetCPUClockSource
 .text.Chip_Clock_SetCPUClockDiv
                0x0000000000000ba0       0x20 /home/gokul/Documents/MCUXpresso_11.0.1_2563/workspace/lpc_chip_175x_6x/Debug/liblpc_chip_175x_6x.a(clock_17xx_40xx.o)
                0x0000000000000ba0                Chip_Clock_SetCPUClockDiv
 .text.Chip_Clock_GetCPUClockDiv
                0x0000000000000bc0       0x1c /home/gokul/Documents/MCUXpresso_11.0.1_2563/workspace/lpc_chip_175x_6x/Debug/liblpc_chip_175x_6x.a(clock_17xx_40xx.o)
                0x0000000000000bc0                Chip_Clock_GetCPUClockDiv
 .text.Chip_Clock_GetPCLKDiv
                0x0000000000000bdc       0x8c /home/gokul/Documents/MCUXpresso_11.0.1_2563/workspace/lpc_chip_175x_6x/Debug/liblpc_chip_175x_6x.a(clock_17xx_40xx.o)
                0x0000000000000bdc                Chip_Clock_GetPCLKDiv
 .text.Chip_Clock_GetSYSCLKRate
                0x0000000000000c68       0x34 /home/gokul/Documents/MCUXpresso_11.0.1_2563/workspace/lpc_chip_175x_6x/Debug/liblpc_chip_175x_6x.a(clock_17xx_40xx.o)
                0x0000000000000c68                Chip_Clock_GetSYSCLKRate
 .text.Chip_Clock_GetMainPLLOutClockRate
                0x0000000000000c9c       0x54 /home/gokul/Documents/MCUXpresso_11.0.1_2563/workspace/lpc_chip_175x_6x/Debug/liblpc_chip_175x_6x.a(clock_17xx_40xx.o)
                0x0000000000000c9c                Chip_Clock_GetMainPLLOutClockRate
 .text.Chip_Clock_GetMainClockRate
                0x0000000000000cf0       0x28 /home/gokul/Documents/MCUXpresso_11.0.1_2563/workspace/lpc_chip_175x_6x/Debug/liblpc_chip_175x_6x.a(clock_17xx_40xx.o)
                0x0000000000000cf0                Chip_Clock_GetMainClockRate
 .text.Chip_Clock_GetSystemClockRate
                0x0000000000000d18       0x18 /home/gokul/Documents/MCUXpresso_11.0.1_2563/workspace/lpc_chip_175x_6x/Debug/liblpc_chip_175x_6x.a(clock_17xx_40xx.o)
                0x0000000000000d18                Chip_Clock_GetSystemClockRate
 .text.Chip_Clock_GetPeripheralClockRate
                0x0000000000000d30       0x26 /home/gokul/Documents/MCUXpresso_11.0.1_2563/workspace/lpc_chip_175x_6x/Debug/liblpc_chip_175x_6x.a(clock_17xx_40xx.o)
                0x0000000000000d30                Chip_Clock_GetPeripheralClockRate
 .text.Chip_IOCON_PinMuxSet
                0x0000000000000d56       0x36 /home/gokul/Documents/MCUXpresso_11.0.1_2563/workspace/lpc_chip_175x_6x/Debug/liblpc_chip_175x_6x.a(iocon_17xx_40xx.o)
                0x0000000000000d56                Chip_IOCON_PinMuxSet
 .text.Chip_IOCON_PinMux
                0x0000000000000d8c       0x94 /home/gokul/Documents/MCUXpresso_11.0.1_2563/workspace/lpc_chip_175x_6x/Debug/liblpc_chip_175x_6x.a(iocon_17xx_40xx.o)
                0x0000000000000d8c                Chip_IOCON_PinMux
 .text.Chip_IOCON_SetPinMuxing
                0x0000000000000e20       0x62 /home/gokul/Documents/MCUXpresso_11.0.1_2563/workspace/lpc_chip_175x_6x/Debug/liblpc_chip_175x_6x.a(iocon_17xx_40xx.o)
                0x0000000000000e20                Chip_IOCON_SetPinMuxing
 *fill*         0x0000000000000e82        0x2 ff
 .text.Chip_Clock_IsMainPLLEnabled
                0x0000000000000e84       0x24 /home/gokul/Documents/MCUXpresso_11.0.1_2563/workspace/lpc_chip_175x_6x/Debug/liblpc_chip_175x_6x.a(sysinit_17xx_40xx.o)
 .text.Chip_Clock_IsMainPLLLocked
                0x0000000000000ea8       0x24 /home/gokul/Documents/MCUXpresso_11.0.1_2563/workspace/lpc_chip_175x_6x/Debug/liblpc_chip_175x_6x.a(sysinit_17xx_40xx.o)
 .text.Chip_Clock_IsMainPLLConnected
                0x0000000000000ecc       0x24 /home/gokul/Documents/MCUXpresso_11.0.1_2563/workspace/lpc_chip_175x_6x/Debug/liblpc_chip_175x_6x.a(sysinit_17xx_40xx.o)
 .text.Chip_Clock_EnableCrystal
                0x0000000000000ef0       0x20 /home/gokul/Documents/MCUXpresso_11.0.1_2563/workspace/lpc_chip_175x_6x/Debug/liblpc_chip_175x_6x.a(sysinit_17xx_40xx.o)
 .text.Chip_Clock_IsCrystalEnabled
                0x0000000000000f10       0x24 /home/gokul/Documents/MCUXpresso_11.0.1_2563/workspace/lpc_chip_175x_6x/Debug/liblpc_chip_175x_6x.a(sysinit_17xx_40xx.o)
 .text.Chip_Clock_SetMainPLLSource
                0x0000000000000f34       0x20 /home/gokul/Documents/MCUXpresso_11.0.1_2563/workspace/lpc_chip_175x_6x/Debug/liblpc_chip_175x_6x.a(sysinit_17xx_40xx.o)
 .text.Chip_SetupXtalClocking
                0x0000000000000f54       0x90 /home/gokul/Documents/MCUXpresso_11.0.1_2563/workspace/lpc_chip_175x_6x/Debug/liblpc_chip_175x_6x.a(sysinit_17xx_40xx.o)
                0x0000000000000f54                Chip_SetupXtalClocking
 .text.Chip_UART_SetupFIFOS
                0x0000000000000fe4       0x1a /home/gokul/Documents/MCUXpresso_11.0.1_2563/workspace/lpc_chip_175x_6x/Debug/liblpc_chip_175x_6x.a(uart_17xx_40xx.o)
 .text.Chip_UART_ConfigData
                0x0000000000000ffe       0x1a /home/gokul/Documents/MCUXpresso_11.0.1_2563/workspace/lpc_chip_175x_6x/Debug/liblpc_chip_175x_6x.a(uart_17xx_40xx.o)
 .text.Chip_UART_EnableDivisorAccess
                0x0000000000001018       0x1e /home/gokul/Documents/MCUXpresso_11.0.1_2563/workspace/lpc_chip_175x_6x/Debug/liblpc_chip_175x_6x.a(uart_17xx_40xx.o)
 .text.Chip_UART_DisableDivisorAccess
                0x0000000000001036       0x1e /home/gokul/Documents/MCUXpresso_11.0.1_2563/workspace/lpc_chip_175x_6x/Debug/liblpc_chip_175x_6x.a(uart_17xx_40xx.o)
 .text.Chip_UART_SetDivisorLatches
                0x0000000000001054       0x26 /home/gokul/Documents/MCUXpresso_11.0.1_2563/workspace/lpc_chip_175x_6x/Debug/liblpc_chip_175x_6x.a(uart_17xx_40xx.o)
 *fill*         0x000000000000107a        0x2 ff
 .text.Chip_UART_GetClockIndex
                0x000000000000107c       0x50 /home/gokul/Documents/MCUXpresso_11.0.1_2563/workspace/lpc_chip_175x_6x/Debug/liblpc_chip_175x_6x.a(uart_17xx_40xx.o)
 .text.Chip_UART_GetClkIndex
                0x00000000000010cc       0x50 /home/gokul/Documents/MCUXpresso_11.0.1_2563/workspace/lpc_chip_175x_6x/Debug/liblpc_chip_175x_6x.a(uart_17xx_40xx.o)
 .text.Chip_UART_Init
                0x000000000000111c       0x78 /home/gokul/Documents/MCUXpresso_11.0.1_2563/workspace/lpc_chip_175x_6x/Debug/liblpc_chip_175x_6x.a(uart_17xx_40xx.o)
                0x000000000000111c                Chip_UART_Init
 .text.Chip_UART_TXEnable
                0x0000000000001194       0x18 /home/gokul/Documents/MCUXpresso_11.0.1_2563/workspace/lpc_chip_175x_6x/Debug/liblpc_chip_175x_6x.a(uart_17xx_40xx.o)
                0x0000000000001194                Chip_UART_TXEnable
 .text.Chip_UART_TXDisable
                0x00000000000011ac       0x18 /home/gokul/Documents/MCUXpresso_11.0.1_2563/workspace/lpc_chip_175x_6x/Debug/liblpc_chip_175x_6x.a(uart_17xx_40xx.o)
                0x00000000000011ac                Chip_UART_TXDisable
 .text.Chip_UART_SetBaud
                0x00000000000011c4       0x62 /home/gokul/Documents/MCUXpresso_11.0.1_2563/workspace/lpc_chip_175x_6x/Debug/liblpc_chip_175x_6x.a(uart_17xx_40xx.o)
                0x00000000000011c4                Chip_UART_SetBaud
 *fill*         0x0000000000001226        0x2 ff
 .text.__libc_init_array
                0x0000000000001228       0x48 /usr/local/mcuxpressoide-11.0.1_2563/ide/plugins/com.nxp.mcuxpresso.tools.linux_11.0.1.201907311258/tools/bin/../lib/gcc/arm-none-eabi/8.2.1/../../../../arm-none-eabi/lib/thumb/v7-m/nofp/libc.a(lib_a-init.o)
                0x0000000000001228                __libc_init_array
 .text          0x0000000000001270       0x40 /usr/local/mcuxpressoide-11.0.1_2563/ide/plugins/com.nxp.mcuxpresso.tools.linux_11.0.1.201907311258/tools/bin/../lib/gcc/arm-none-eabi/8.2.1/thumb/v7-m/nofp/crtbegin.o
 *(.rodata .rodata.* .constdata .constdata.*)
 .rodata.OscRateIn
                0x00000000000012b0        0x4 /home/gokul/Documents/MCUXpresso_11.0.1_2563/workspace/lpc_board_nxp_lpcxpresso_1769/Debug/liblpc_board_nxp_lpcxpresso_1769.a(board.o)
                0x00000000000012b0                OscRateIn
 .rodata.RTCOscRateIn
                0x00000000000012b4        0x4 /home/gokul/Documents/MCUXpresso_11.0.1_2563/workspace/lpc_board_nxp_lpcxpresso_1769/Debug/liblpc_board_nxp_lpcxpresso_1769.a(board.o)
                0x00000000000012b4                RTCOscRateIn
 .rodata.pinmuxing
                0x00000000000012b8       0x5c /home/gokul/Documents/MCUXpresso_11.0.1_2563/workspace/lpc_board_nxp_lpcxpresso_1769/Debug/liblpc_board_nxp_lpcxpresso_1769.a(board_sysinit.o)
                0x0000000000001314                . = ALIGN (0x4)
                0x0000000000001314                . = ALIGN (0x4)
 *(.init)
 .init          0x0000000000001314        0x4 /usr/local/mcuxpressoide-11.0.1_2563/ide/plugins/com.nxp.mcuxpresso.tools.linux_11.0.1.201907311258/tools/bin/../lib/gcc/arm-none-eabi/8.2.1/thumb/v7-m/nofp/crti.o
                0x0000000000001314                _init
 .init          0x0000000000001318        0x8 /usr/local/mcuxpressoide-11.0.1_2563/ide/plugins/com.nxp.mcuxpresso.tools.linux_11.0.1.201907311258/tools/bin/../lib/gcc/arm-none-eabi/8.2.1/thumb/v7-m/nofp/crtn.o
                0x0000000000001320                . = ALIGN (0x4)
                0x0000000000001320                __preinit_array_start = .
 *(.preinit_array)
                0x0000000000001320                __preinit_array_end = .
                0x0000000000001320                . = ALIGN (0x4)
                0x0000000000001320                __init_array_start = .
 *(SORT_BY_NAME(.init_array.*))
 *(.init_array)
 .init_array    0x0000000000001320        0x4 /usr/local/mcuxpressoide-11.0.1_2563/ide/plugins/com.nxp.mcuxpresso.tools.linux_11.0.1.201907311258/tools/bin/../lib/gcc/arm-none-eabi/8.2.1/thumb/v7-m/nofp/crtbegin.o
                0x0000000000001324                __init_array_end = .
 *(.fini)
 .fini          0x0000000000001324        0x4 /usr/local/mcuxpressoide-11.0.1_2563/ide/plugins/com.nxp.mcuxpresso.tools.linux_11.0.1.201907311258/tools/bin/../lib/gcc/arm-none-eabi/8.2.1/thumb/v7-m/nofp/crti.o
                0x0000000000001324                _fini
 .fini          0x0000000000001328        0x8 /usr/local/mcuxpressoide-11.0.1_2563/ide/plugins/com.nxp.mcuxpresso.tools.linux_11.0.1.201907311258/tools/bin/../lib/gcc/arm-none-eabi/8.2.1/thumb/v7-m/nofp/crtn.o
                0x0000000000001330                . = ALIGN (0x4)
 *crtbegin.o(.ctors)
 *(EXCLUDE_FILE(*crtend.o) .ctors)
 *(SORT_BY_NAME(.ctors.*))
 *crtend.o(.ctors)
                0x0000000000001330                . = ALIGN (0x4)
 *crtbegin.o(.dtors)
 *(EXCLUDE_FILE(*crtend.o) .dtors)
 *(SORT_BY_NAME(.dtors.*))
 *crtend.o(.dtors)
                0x0000000000001330                . = ALIGN (0x4)

.glue_7         0x0000000000001330        0x0
 .glue_7        0x0000000000001330        0x0 linker stubs

.glue_7t        0x0000000000001330        0x0
 .glue_7t       0x0000000000001330        0x0 linker stubs

.vfp11_veneer   0x0000000000001330        0x0
 .vfp11_veneer  0x0000000000001330        0x0 linker stubs

.v4_bx          0x0000000000001330        0x0
 .v4_bx         0x0000000000001330        0x0 linker stubs

.iplt           0x0000000000001330        0x0
 .iplt          0x0000000000001330        0x0 ./source/cr_startup_lpc175x_6x.o

.rel.dyn        0x0000000000001330        0x0
 .rel.iplt      0x0000000000001330        0x0 ./source/cr_startup_lpc175x_6x.o

.eh_frame       0x0000000000001330        0x0
 .eh_frame      0x0000000000001330        0x0 /usr/local/mcuxpressoide-11.0.1_2563/ide/plugins/com.nxp.mcuxpresso.tools.linux_11.0.1.201907311258/tools/bin/../lib/gcc/arm-none-eabi/8.2.1/thumb/v7-m/nofp/crtbegin.o

.ARM.extab
 *(.ARM.extab* .gnu.linkonce.armextab.*)
                0x0000000000001330                __exidx_start = .

.ARM.exidx
 *(.ARM.exidx* .gnu.linkonce.armexidx.*)
                0x0000000000001330                __exidx_end = .
                0x0000000000001330                _etext = .

.data_RAM2      0x000000002007c000        0x0 load address 0x0000000000001330
 FILL mask 0xff
                [!provide]                        PROVIDE (__start_data_RAM2 = .)
 *(.ramfunc.$RAM2)
 *(.ramfunc.$RamAHB32)
 *(.data.$RAM2)
 *(.data.$RamAHB32)
 *(.data.$RAM2.*)
 *(.data.$RamAHB32.*)
                0x000000002007c000                . = ALIGN (0x4)
                [!provide]                        PROVIDE (__end_data_RAM2 = .)

.uninit_RESERVED
                0x0000000010000000        0x0
                0x0000000010000000                . = ALIGN (0x4)
 *(.bss.$RESERVED*)
                0x0000000010000000                . = ALIGN (0x4)
                0x0000000010000000                _end_uninit_RESERVED = .

.data           0x0000000010000000        0x0 load address 0x0000000000001330
 FILL mask 0xff
                0x0000000010000000                _data = .
 *(vtable)
 *(.ramfunc*)
 *(CodeQuickAccess)
 *(DataQuickAccess)
 *(RamFunction)
 *(.data*)
                0x0000000010000000                . = ALIGN (0x4)
                0x0000000010000000                _edata = .

.igot.plt       0x0000000010000000        0x0 load address 0x0000000000001330
 .igot.plt      0x0000000010000000        0x0 ./source/cr_startup_lpc175x_6x.o

.bss_RAM2       0x000000002007c000        0x0
                0x000000002007c000                . = ALIGN (0x4)
                [!provide]                        PROVIDE (__start_bss_RAM2 = .)
 *(.bss.$RAM2)
 *(.bss.$RamAHB32)
 *(.bss.$RAM2.*)
 *(.bss.$RamAHB32.*)
                0x000000002007c000                . = ALIGN ((. != 0x0)?0x4:0x1)
                [!provide]                        PROVIDE (__end_bss_RAM2 = .)

.bss            0x0000000010000000       0x20
                0x0000000010000000                . = ALIGN (0x4)
                0x0000000010000000                _bss = .
 *(.bss*)
 .bss           0x0000000010000000       0x1c /usr/local/mcuxpressoide-11.0.1_2563/ide/plugins/com.nxp.mcuxpresso.tools.linux_11.0.1.201907311258/tools/bin/../lib/gcc/arm-none-eabi/8.2.1/thumb/v7-m/nofp/crtbegin.o
 *(COMMON)
 COMMON         0x000000001000001c        0x4 /home/gokul/Documents/MCUXpresso_11.0.1_2563/workspace/lpc_chip_175x_6x/Debug/liblpc_chip_175x_6x.a(chip_17xx_40xx.o)
                0x000000001000001c                SystemCoreClock
                0x0000000010000020                . = ALIGN (0x4)
                0x0000000010000020                _ebss = .
                [!provide]                        PROVIDE (end = .)

.noinit_RAM2    0x000000002007c000        0x0
                0x000000002007c000                . = ALIGN (0x4)
 *(.noinit.$RAM2)
 *(.noinit.$RamAHB32)
 *(.noinit.$RAM2.*)
 *(.noinit.$RamAHB32.*)
                0x000000002007c000                . = ALIGN (0x4)

.noinit         0x0000000010000020        0x0
                0x0000000010000020                . = ALIGN (0x4)
                0x0000000010000020                _noinit = .
 *(.noinit*)
                0x0000000010000020                . = ALIGN (0x4)
                0x0000000010000020                _end_noinit = .
                0x0000000010000020                PROVIDE (_pvHeapStart = DEFINED (__user_heap_base)?__user_heap_base:.)
                0x0000000010008000                PROVIDE (_vStackTop = DEFINED (__user_stack_top)?__user_stack_top:(__top_RamLoc32 - 0x0))
                0xffffffffefff74ca                PROVIDE (__valid_user_code_checksum = (0x0 - ((((((_vStackTop + (ResetISR + 0x1)) + (NMI_Handler + 0x1)) + (HardFault_Handler + 0x1)) + (DEFINED (MemManage_Handler)?MemManage_Handler:0x0 + 0x1)) + (DEFINED (BusFault_Handler)?BusFault_Handler:0x0 + 0x1)) + (DEFINED (UsageFault_Handler)?UsageFault_Handler:0x0 + 0x1))))
                0x0000000000000000                _image_start = LOADADDR (.text)
                0x0000000000001330                _image_end = (LOADADDR (.data) + SIZEOF (.data))
                0x0000000000001330                _image_size = (_image_end - _image_start)
OUTPUT(firstproject.axf elf32-littlearm)

.debug_info     0x0000000000000000     0x5d40
 .debug_info    0x0000000000000000      0x279 ./source/cr_startup_lpc175x_6x.o
 .debug_info    0x0000000000000279       0x40 ./source/crp.o
 .debug_info    0x00000000000002b9      0x9ce ./source/firstproject.o
 .debug_info    0x0000000000000c87      0x9bf ./source/sysinit.o
 .debug_info    0x0000000000001646     0x1651 /home/gokul/Documents/MCUXpresso_11.0.1_2563/workspace/lpc_board_nxp_lpcxpresso_1769/Debug/liblpc_board_nxp_lpcxpresso_1769.a(board.o)
 .debug_info    0x0000000000002c97      0x71d /home/gokul/Documents/MCUXpresso_11.0.1_2563/workspace/lpc_board_nxp_lpcxpresso_1769/Debug/liblpc_board_nxp_lpcxpresso_1769.a(board_sysinit.o)
 .debug_info    0x00000000000033b4      0x591 /home/gokul/Documents/MCUXpresso_11.0.1_2563/workspace/lpc_chip_175x_6x/Debug/liblpc_chip_175x_6x.a(chip_17xx_40xx.o)
 .debug_info    0x0000000000003945      0xc2a /home/gokul/Documents/MCUXpresso_11.0.1_2563/workspace/lpc_chip_175x_6x/Debug/liblpc_chip_175x_6x.a(clock_17xx_40xx.o)
 .debug_info    0x000000000000456f      0x347 /home/gokul/Documents/MCUXpresso_11.0.1_2563/workspace/lpc_chip_175x_6x/Debug/liblpc_chip_175x_6x.a(iocon_17xx_40xx.o)
 .debug_info    0x00000000000048b6      0x4b0 /home/gokul/Documents/MCUXpresso_11.0.1_2563/workspace/lpc_chip_175x_6x/Debug/liblpc_chip_175x_6x.a(sysinit_17xx_40xx.o)
 .debug_info    0x0000000000004d66      0xfda /home/gokul/Documents/MCUXpresso_11.0.1_2563/workspace/lpc_chip_175x_6x/Debug/liblpc_chip_175x_6x.a(uart_17xx_40xx.o)

.debug_abbrev   0x0000000000000000     0x1624
 .debug_abbrev  0x0000000000000000      0x124 ./source/cr_startup_lpc175x_6x.o
 .debug_abbrev  0x0000000000000124       0x38 ./source/crp.o
 .debug_abbrev  0x000000000000015c      0x207 ./source/firstproject.o
 .debug_abbrev  0x0000000000000363      0x1ea ./source/sysinit.o
 .debug_abbrev  0x000000000000054d      0x413 /home/gokul/Documents/MCUXpresso_11.0.1_2563/workspace/lpc_board_nxp_lpcxpresso_1769/Debug/liblpc_board_nxp_lpcxpresso_1769.a(board.o)
 .debug_abbrev  0x0000000000000960      0x1a2 /home/gokul/Documents/MCUXpresso_11.0.1_2563/workspace/lpc_board_nxp_lpcxpresso_1769/Debug/liblpc_board_nxp_lpcxpresso_1769.a(board_sysinit.o)
 .debug_abbrev  0x0000000000000b02      0x16d /home/gokul/Documents/MCUXpresso_11.0.1_2563/workspace/lpc_chip_175x_6x/Debug/liblpc_chip_175x_6x.a(chip_17xx_40xx.o)
 .debug_abbrev  0x0000000000000c6f      0x34d /home/gokul/Documents/MCUXpresso_11.0.1_2563/workspace/lpc_chip_175x_6x/Debug/liblpc_chip_175x_6x.a(clock_17xx_40xx.o)
 .debug_abbrev  0x0000000000000fbc      0x164 /home/gokul/Documents/MCUXpresso_11.0.1_2563/workspace/lpc_chip_175x_6x/Debug/liblpc_chip_175x_6x.a(iocon_17xx_40xx.o)
 .debug_abbrev  0x0000000000001120      0x1b0 /home/gokul/Documents/MCUXpresso_11.0.1_2563/workspace/lpc_chip_175x_6x/Debug/liblpc_chip_175x_6x.a(sysinit_17xx_40xx.o)
 .debug_abbrev  0x00000000000012d0      0x354 /home/gokul/Documents/MCUXpresso_11.0.1_2563/workspace/lpc_chip_175x_6x/Debug/liblpc_chip_175x_6x.a(uart_17xx_40xx.o)

.debug_aranges  0x0000000000000000      0x588
 .debug_aranges
                0x0000000000000000       0x80 ./source/cr_startup_lpc175x_6x.o
 .debug_aranges
                0x0000000000000080       0x18 ./source/crp.o
 .debug_aranges
                0x0000000000000098       0x28 ./source/firstproject.o
 .debug_aranges
                0x00000000000000c0       0x20 ./source/sysinit.o
 .debug_aranges
                0x00000000000000e0      0x160 /home/gokul/Documents/MCUXpresso_11.0.1_2563/workspace/lpc_board_nxp_lpcxpresso_1769/Debug/liblpc_board_nxp_lpcxpresso_1769.a(board.o)
 .debug_aranges
                0x0000000000000240       0x38 /home/gokul/Documents/MCUXpresso_11.0.1_2563/workspace/lpc_board_nxp_lpcxpresso_1769/Debug/liblpc_board_nxp_lpcxpresso_1769.a(board_sysinit.o)
 .debug_aranges
                0x0000000000000278       0x38 /home/gokul/Documents/MCUXpresso_11.0.1_2563/workspace/lpc_chip_175x_6x/Debug/liblpc_chip_175x_6x.a(chip_17xx_40xx.o)
 .debug_aranges
                0x00000000000002b0      0x120 /home/gokul/Documents/MCUXpresso_11.0.1_2563/workspace/lpc_chip_175x_6x/Debug/liblpc_chip_175x_6x.a(clock_17xx_40xx.o)
 .debug_aranges
                0x00000000000003d0       0x30 /home/gokul/Documents/MCUXpresso_11.0.1_2563/workspace/lpc_chip_175x_6x/Debug/liblpc_chip_175x_6x.a(iocon_17xx_40xx.o)
 .debug_aranges
                0x0000000000000400       0x60 /home/gokul/Documents/MCUXpresso_11.0.1_2563/workspace/lpc_chip_175x_6x/Debug/liblpc_chip_175x_6x.a(sysinit_17xx_40xx.o)
 .debug_aranges
                0x0000000000000460      0x128 /home/gokul/Documents/MCUXpresso_11.0.1_2563/workspace/lpc_chip_175x_6x/Debug/liblpc_chip_175x_6x.a(uart_17xx_40xx.o)

.debug_ranges   0x0000000000000000      0x4d0
 .debug_ranges  0x0000000000000000       0x70 ./source/cr_startup_lpc175x_6x.o
 .debug_ranges  0x0000000000000070       0x18 ./source/firstproject.o
 .debug_ranges  0x0000000000000088       0x10 ./source/sysinit.o
 .debug_ranges  0x0000000000000098      0x150 /home/gokul/Documents/MCUXpresso_11.0.1_2563/workspace/lpc_board_nxp_lpcxpresso_1769/Debug/liblpc_board_nxp_lpcxpresso_1769.a(board.o)
 .debug_ranges  0x00000000000001e8       0x28 /home/gokul/Documents/MCUXpresso_11.0.1_2563/workspace/lpc_board_nxp_lpcxpresso_1769/Debug/liblpc_board_nxp_lpcxpresso_1769.a(board_sysinit.o)
 .debug_ranges  0x0000000000000210       0x28 /home/gokul/Documents/MCUXpresso_11.0.1_2563/workspace/lpc_chip_175x_6x/Debug/liblpc_chip_175x_6x.a(chip_17xx_40xx.o)
 .debug_ranges  0x0000000000000238      0x110 /home/gokul/Documents/MCUXpresso_11.0.1_2563/workspace/lpc_chip_175x_6x/Debug/liblpc_chip_175x_6x.a(clock_17xx_40xx.o)
 .debug_ranges  0x0000000000000348       0x20 /home/gokul/Documents/MCUXpresso_11.0.1_2563/workspace/lpc_chip_175x_6x/Debug/liblpc_chip_175x_6x.a(iocon_17xx_40xx.o)
 .debug_ranges  0x0000000000000368       0x50 /home/gokul/Documents/MCUXpresso_11.0.1_2563/workspace/lpc_chip_175x_6x/Debug/liblpc_chip_175x_6x.a(sysinit_17xx_40xx.o)
 .debug_ranges  0x00000000000003b8      0x118 /home/gokul/Documents/MCUXpresso_11.0.1_2563/workspace/lpc_chip_175x_6x/Debug/liblpc_chip_175x_6x.a(uart_17xx_40xx.o)

.debug_macro    0x0000000000000000     0x7779
 .debug_macro   0x0000000000000000       0x1d ./source/cr_startup_lpc175x_6x.o
 .debug_macro   0x000000000000001d       0x1a ./source/crp.o
 .debug_macro   0x0000000000000037      0xaa8 ./source/crp.o
 .debug_macro   0x0000000000000adf       0x34 ./source/crp.o
 .debug_macro   0x0000000000000b13      0x394 ./source/firstproject.o
 .debug_macro   0x0000000000000ea7       0x1c ./source/firstproject.o
 .debug_macro   0x0000000000000ec3       0x8e ./source/firstproject.o
 .debug_macro   0x0000000000000f51       0x51 ./source/firstproject.o
 .debug_macro   0x0000000000000fa2       0xef ./source/firstproject.o
 .debug_macro   0x0000000000001091       0x6a ./source/firstproject.o
 .debug_macro   0x00000000000010fb      0x1df ./source/firstproject.o
 .debug_macro   0x00000000000012da       0x16 ./source/firstproject.o
 .debug_macro   0x00000000000012f0       0x7b ./source/firstproject.o
 .debug_macro   0x000000000000136b       0x10 ./source/firstproject.o
 .debug_macro   0x000000000000137b       0x2d ./source/firstproject.o
 .debug_macro   0x00000000000013a8       0x3a ./source/firstproject.o
 .debug_macro   0x00000000000013e2       0x2d ./source/firstproject.o
 .debug_macro   0x000000000000140f      0xbb1 ./source/firstproject.o
 .debug_macro   0x0000000000001fc0      0x22c ./source/firstproject.o
 .debug_macro   0x00000000000021ec       0x42 ./source/firstproject.o
 .debug_macro   0x000000000000222e       0x52 ./source/firstproject.o
 .debug_macro   0x0000000000002280       0x78 ./source/firstproject.o
 .debug_macro   0x00000000000022f8       0x82 ./source/firstproject.o
 .debug_macro   0x000000000000237a      0x48c ./source/firstproject.o
 .debug_macro   0x0000000000002806       0x34 ./source/firstproject.o
 .debug_macro   0x000000000000283a      0x4c5 ./source/firstproject.o
 .debug_macro   0x0000000000002cff      0x1b7 ./source/firstproject.o
 .debug_macro   0x0000000000002eb6       0x10 ./source/firstproject.o
 .debug_macro   0x0000000000002ec6      0x21b ./source/firstproject.o
 .debug_macro   0x00000000000030e1      0x1b9 ./source/firstproject.o
 .debug_macro   0x000000000000329a       0x40 ./source/firstproject.o
 .debug_macro   0x00000000000032da       0x22 ./source/firstproject.o
 .debug_macro   0x00000000000032fc      0x162 ./source/firstproject.o
 .debug_macro   0x000000000000345e       0x94 ./source/firstproject.o
 .debug_macro   0x00000000000034f2       0xb8 ./source/firstproject.o
 .debug_macro   0x00000000000035aa       0x4c ./source/firstproject.o
 .debug_macro   0x00000000000035f6       0x16 ./source/firstproject.o
 .debug_macro   0x000000000000360c      0x328 ./source/firstproject.o
 .debug_macro   0x0000000000003934       0x49 ./source/firstproject.o
 .debug_macro   0x000000000000397d       0x16 ./source/firstproject.o
 .debug_macro   0x0000000000003993       0xca ./source/firstproject.o
 .debug_macro   0x0000000000003a5d       0x18 ./source/firstproject.o
 .debug_macro   0x0000000000003a75       0x70 ./source/firstproject.o
 .debug_macro   0x0000000000003ae5       0x5e ./source/firstproject.o
 .debug_macro   0x0000000000003b43       0x16 ./source/firstproject.o
 .debug_macro   0x0000000000003b59       0x97 ./source/firstproject.o
 .debug_macro   0x0000000000003bf0      0x104 ./source/firstproject.o
 .debug_macro   0x0000000000003cf4       0x10 ./source/firstproject.o
 .debug_macro   0x0000000000003d04       0x10 ./source/firstproject.o
 .debug_macro   0x0000000000003d14       0x1c ./source/firstproject.o
 .debug_macro   0x0000000000003d30       0x52 ./source/firstproject.o
 .debug_macro   0x0000000000003d82       0x40 ./source/firstproject.o
 .debug_macro   0x0000000000003dc2       0x10 ./source/firstproject.o
 .debug_macro   0x0000000000003dd2       0x40 ./source/firstproject.o
 .debug_macro   0x0000000000003e12       0xd7 ./source/firstproject.o
 .debug_macro   0x0000000000003ee9       0x1c ./source/firstproject.o
 .debug_macro   0x0000000000003f05       0x3d ./source/firstproject.o
 .debug_macro   0x0000000000003f42       0x16 ./source/firstproject.o
 .debug_macro   0x0000000000003f58      0x137 ./source/firstproject.o
 .debug_macro   0x000000000000408f       0x20 ./source/firstproject.o
 .debug_macro   0x00000000000040af       0x28 ./source/firstproject.o
 .debug_macro   0x00000000000040d7       0x82 ./source/firstproject.o
 .debug_macro   0x0000000000004159      0x386 ./source/sysinit.o
 .debug_macro   0x00000000000044df       0x22 ./source/sysinit.o
 .debug_macro   0x0000000000004501      0xbb1 ./source/sysinit.o
 .debug_macro   0x00000000000050b2       0x34 ./source/sysinit.o
 .debug_macro   0x00000000000050e6       0x97 ./source/sysinit.o
 .debug_macro   0x000000000000517d      0x339 ./source/sysinit.o
 .debug_macro   0x00000000000054b6       0xfd ./source/sysinit.o
 .debug_macro   0x00000000000055b3       0x43 ./source/sysinit.o
 .debug_macro   0x00000000000055f6      0x16f ./source/sysinit.o
 .debug_macro   0x0000000000005765      0x2a1 /home/gokul/Documents/MCUXpresso_11.0.1_2563/workspace/lpc_board_nxp_lpcxpresso_1769/Debug/liblpc_board_nxp_lpcxpresso_1769.a(board.o)
 .debug_macro   0x0000000000005a06      0xa9c /home/gokul/Documents/MCUXpresso_11.0.1_2563/workspace/lpc_board_nxp_lpcxpresso_1769/Debug/liblpc_board_nxp_lpcxpresso_1769.a(board.o)
 .debug_macro   0x00000000000064a2       0x10 /home/gokul/Documents/MCUXpresso_11.0.1_2563/workspace/lpc_board_nxp_lpcxpresso_1769/Debug/liblpc_board_nxp_lpcxpresso_1769.a(board.o)
 .debug_macro   0x00000000000064b2      0x12e /home/gokul/Documents/MCUXpresso_11.0.1_2563/workspace/lpc_board_nxp_lpcxpresso_1769/Debug/liblpc_board_nxp_lpcxpresso_1769.a(board.o)
 .debug_macro   0x00000000000065e0      0x5b3 /home/gokul/Documents/MCUXpresso_11.0.1_2563/workspace/lpc_board_nxp_lpcxpresso_1769/Debug/liblpc_board_nxp_lpcxpresso_1769.a(board.o)
 .debug_macro   0x0000000000006b93       0x22 /home/gokul/Documents/MCUXpresso_11.0.1_2563/workspace/lpc_board_nxp_lpcxpresso_1769/Debug/liblpc_board_nxp_lpcxpresso_1769.a(board.o)
 .debug_macro   0x0000000000006bb5       0x9a /home/gokul/Documents/MCUXpresso_11.0.1_2563/workspace/lpc_board_nxp_lpcxpresso_1769/Debug/liblpc_board_nxp_lpcxpresso_1769.a(board.o)
 .debug_macro   0x0000000000006c4f       0x12 /home/gokul/Documents/MCUXpresso_11.0.1_2563/workspace/lpc_board_nxp_lpcxpresso_1769/Debug/liblpc_board_nxp_lpcxpresso_1769.a(board.o)
 .debug_macro   0x0000000000006c61      0x217 /home/gokul/Documents/MCUXpresso_11.0.1_2563/workspace/lpc_board_nxp_lpcxpresso_1769/Debug/liblpc_board_nxp_lpcxpresso_1769.a(board_sysinit.o)
 .debug_macro   0x0000000000006e78      0x1cd /home/gokul/Documents/MCUXpresso_11.0.1_2563/workspace/lpc_chip_175x_6x/Debug/liblpc_chip_175x_6x.a(chip_17xx_40xx.o)
 .debug_macro   0x0000000000007045      0x1cd /home/gokul/Documents/MCUXpresso_11.0.1_2563/workspace/lpc_chip_175x_6x/Debug/liblpc_chip_175x_6x.a(clock_17xx_40xx.o)
 .debug_macro   0x0000000000007212      0x1cd /home/gokul/Documents/MCUXpresso_11.0.1_2563/workspace/lpc_chip_175x_6x/Debug/liblpc_chip_175x_6x.a(iocon_17xx_40xx.o)
 .debug_macro   0x00000000000073df      0x1cd /home/gokul/Documents/MCUXpresso_11.0.1_2563/workspace/lpc_chip_175x_6x/Debug/liblpc_chip_175x_6x.a(sysinit_17xx_40xx.o)
 .debug_macro   0x00000000000075ac      0x1cd /home/gokul/Documents/MCUXpresso_11.0.1_2563/workspace/lpc_chip_175x_6x/Debug/liblpc_chip_175x_6x.a(uart_17xx_40xx.o)

.debug_line     0x0000000000000000     0x473d
 .debug_line    0x0000000000000000      0x172 ./source/cr_startup_lpc175x_6x.o
 .debug_line    0x0000000000000172       0xbd ./source/crp.o
 .debug_line    0x000000000000022f      0x912 ./source/firstproject.o
 .debug_line    0x0000000000000b41      0x783 ./source/sysinit.o
 .debug_line    0x00000000000012c4      0xaba /home/gokul/Documents/MCUXpresso_11.0.1_2563/workspace/lpc_board_nxp_lpcxpresso_1769/Debug/liblpc_board_nxp_lpcxpresso_1769.a(board.o)
 .debug_line    0x0000000000001d7e      0x573 /home/gokul/Documents/MCUXpresso_11.0.1_2563/workspace/lpc_board_nxp_lpcxpresso_1769/Debug/liblpc_board_nxp_lpcxpresso_1769.a(board_sysinit.o)
 .debug_line    0x00000000000022f1      0x523 /home/gokul/Documents/MCUXpresso_11.0.1_2563/workspace/lpc_chip_175x_6x/Debug/liblpc_chip_175x_6x.a(chip_17xx_40xx.o)
 .debug_line    0x0000000000002814      0x98a /home/gokul/Documents/MCUXpresso_11.0.1_2563/workspace/lpc_chip_175x_6x/Debug/liblpc_chip_175x_6x.a(clock_17xx_40xx.o)
 .debug_line    0x000000000000319e      0x53f /home/gokul/Documents/MCUXpresso_11.0.1_2563/workspace/lpc_chip_175x_6x/Debug/liblpc_chip_175x_6x.a(iocon_17xx_40xx.o)
 .debug_line    0x00000000000036dd      0x5fc /home/gokul/Documents/MCUXpresso_11.0.1_2563/workspace/lpc_chip_175x_6x/Debug/liblpc_chip_175x_6x.a(sysinit_17xx_40xx.o)
 .debug_line    0x0000000000003cd9      0xa64 /home/gokul/Documents/MCUXpresso_11.0.1_2563/workspace/lpc_chip_175x_6x/Debug/liblpc_chip_175x_6x.a(uart_17xx_40xx.o)

.debug_str      0x0000000000000000    0x18f6b
 .debug_str     0x0000000000000000     0x338d ./source/cr_startup_lpc175x_6x.o
                                       0x33a0 (size before relaxing)
 .debug_str     0x000000000000338d      0x2a9 ./source/crp.o
                                       0x2ea0 (size before relaxing)
 .debug_str     0x0000000000003636    0x11dd5 ./source/firstproject.o
                                      0x1520a (size before relaxing)
 .debug_str     0x000000000001540b      0x1fd ./source/sysinit.o
                                      0x149e6 (size before relaxing)
 .debug_str     0x0000000000015608     0x292d /home/gokul/Documents/MCUXpresso_11.0.1_2563/workspace/lpc_board_nxp_lpcxpresso_1769/Debug/liblpc_board_nxp_lpcxpresso_1769.a(board.o)
                                      0x1229d (size before relaxing)
 .debug_str     0x0000000000017f35      0x22d /home/gokul/Documents/MCUXpresso_11.0.1_2563/workspace/lpc_board_nxp_lpcxpresso_1769/Debug/liblpc_board_nxp_lpcxpresso_1769.a(board_sysinit.o)
                                      0x11783 (size before relaxing)
 .debug_str     0x0000000000018162       0xc1 /home/gokul/Documents/MCUXpresso_11.0.1_2563/workspace/lpc_chip_175x_6x/Debug/liblpc_chip_175x_6x.a(chip_17xx_40xx.o)
                                      0x113d3 (size before relaxing)
 .debug_str     0x0000000000018223      0x851 /home/gokul/Documents/MCUXpresso_11.0.1_2563/workspace/lpc_chip_175x_6x/Debug/liblpc_chip_175x_6x.a(clock_17xx_40xx.o)
                                      0x11a51 (size before relaxing)
 .debug_str     0x0000000000018a74       0x79 /home/gokul/Documents/MCUXpresso_11.0.1_2563/workspace/lpc_chip_175x_6x/Debug/liblpc_chip_175x_6x.a(iocon_17xx_40xx.o)
                                      0x10ece (size before relaxing)
 .debug_str     0x0000000000018aed       0xc4 /home/gokul/Documents/MCUXpresso_11.0.1_2563/workspace/lpc_chip_175x_6x/Debug/liblpc_chip_175x_6x.a(sysinit_17xx_40xx.o)
                                      0x110b6 (size before relaxing)
 .debug_str     0x0000000000018bb1      0x3ba /home/gokul/Documents/MCUXpresso_11.0.1_2563/workspace/lpc_chip_175x_6x/Debug/liblpc_chip_175x_6x.a(uart_17xx_40xx.o)
                                      0x11926 (size before relaxing)

.comment        0x0000000000000000       0x75
 .comment       0x0000000000000000       0x75 ./source/cr_startup_lpc175x_6x.o
                                         0x76 (size before relaxing)
 .comment       0x0000000000000075       0x76 ./source/crp.o
 .comment       0x0000000000000075       0x76 ./source/firstproject.o
 .comment       0x0000000000000075       0x76 ./source/sysinit.o
 .comment       0x0000000000000075       0x76 /home/gokul/Documents/MCUXpresso_11.0.1_2563/workspace/lpc_board_nxp_lpcxpresso_1769/Debug/liblpc_board_nxp_lpcxpresso_1769.a(board.o)
 .comment       0x0000000000000075       0x76 /home/gokul/Documents/MCUXpresso_11.0.1_2563/workspace/lpc_board_nxp_lpcxpresso_1769/Debug/liblpc_board_nxp_lpcxpresso_1769.a(board_sysinit.o)
 .comment       0x0000000000000075       0x76 /home/gokul/Documents/MCUXpresso_11.0.1_2563/workspace/lpc_chip_175x_6x/Debug/liblpc_chip_175x_6x.a(chip_17xx_40xx.o)
 .comment       0x0000000000000075       0x76 /home/gokul/Documents/MCUXpresso_11.0.1_2563/workspace/lpc_chip_175x_6x/Debug/liblpc_chip_175x_6x.a(clock_17xx_40xx.o)
 .comment       0x0000000000000075       0x76 /home/gokul/Documents/MCUXpresso_11.0.1_2563/workspace/lpc_chip_175x_6x/Debug/liblpc_chip_175x_6x.a(iocon_17xx_40xx.o)
 .comment       0x0000000000000075       0x76 /home/gokul/Documents/MCUXpresso_11.0.1_2563/workspace/lpc_chip_175x_6x/Debug/liblpc_chip_175x_6x.a(sysinit_17xx_40xx.o)
 .comment       0x0000000000000075       0x76 /home/gokul/Documents/MCUXpresso_11.0.1_2563/workspace/lpc_chip_175x_6x/Debug/liblpc_chip_175x_6x.a(uart_17xx_40xx.o)

.ARM.attributes
                0x0000000000000000       0x2b
 .ARM.attributes
                0x0000000000000000       0x2d ./source/cr_startup_lpc175x_6x.o
 .ARM.attributes
                0x000000000000002d       0x33 ./source/crp.o
 .ARM.attributes
                0x0000000000000060       0x2d ./source/firstproject.o
 .ARM.attributes
                0x000000000000008d       0x2d ./source/sysinit.o
 .ARM.attributes
                0x00000000000000ba       0x2d /home/gokul/Documents/MCUXpresso_11.0.1_2563/workspace/lpc_board_nxp_lpcxpresso_1769/Debug/liblpc_board_nxp_lpcxpresso_1769.a(board.o)
 .ARM.attributes
                0x00000000000000e7       0x2d /home/gokul/Documents/MCUXpresso_11.0.1_2563/workspace/lpc_board_nxp_lpcxpresso_1769/Debug/liblpc_board_nxp_lpcxpresso_1769.a(board_sysinit.o)
 .ARM.attributes
                0x0000000000000114       0x2d /home/gokul/Documents/MCUXpresso_11.0.1_2563/workspace/lpc_chip_175x_6x/Debug/liblpc_chip_175x_6x.a(chip_17xx_40xx.o)
 .ARM.attributes
                0x0000000000000141       0x2d /home/gokul/Documents/MCUXpresso_11.0.1_2563/workspace/lpc_chip_175x_6x/Debug/liblpc_chip_175x_6x.a(clock_17xx_40xx.o)
 .ARM.attributes
                0x000000000000016e       0x2d /home/gokul/Documents/MCUXpresso_11.0.1_2563/workspace/lpc_chip_175x_6x/Debug/liblpc_chip_175x_6x.a(iocon_17xx_40xx.o)
 .ARM.attributes
                0x000000000000019b       0x2d /home/gokul/Documents/MCUXpresso_11.0.1_2563/workspace/lpc_chip_175x_6x/Debug/liblpc_chip_175x_6x.a(sysinit_17xx_40xx.o)
 .ARM.attributes
                0x00000000000001c8       0x2d /home/gokul/Documents/MCUXpresso_11.0.1_2563/workspace/lpc_chip_175x_6x/Debug/liblpc_chip_175x_6x.a(uart_17xx_40xx.o)
 .ARM.attributes
                0x00000000000001f5       0x2d /usr/local/mcuxpressoide-11.0.1_2563/ide/plugins/com.nxp.mcuxpresso.tools.linux_11.0.1.201907311258/tools/bin/../lib/gcc/arm-none-eabi/8.2.1/../../../../arm-none-eabi/lib/thumb/v7-m/nofp/libc.a(lib_a-init.o)
 .ARM.attributes
                0x0000000000000222       0x1d /usr/local/mcuxpressoide-11.0.1_2563/ide/plugins/com.nxp.mcuxpresso.tools.linux_11.0.1.201907311258/tools/bin/../lib/gcc/arm-none-eabi/8.2.1/thumb/v7-m/nofp/crti.o
 .ARM.attributes
                0x000000000000023f       0x1d /usr/local/mcuxpressoide-11.0.1_2563/ide/plugins/com.nxp.mcuxpresso.tools.linux_11.0.1.201907311258/tools/bin/../lib/gcc/arm-none-eabi/8.2.1/thumb/v7-m/nofp/crtn.o
 .ARM.attributes
                0x000000000000025c       0x2d /usr/local/mcuxpressoide-11.0.1_2563/ide/plugins/com.nxp.mcuxpresso.tools.linux_11.0.1.201907311258/tools/bin/../lib/gcc/arm-none-eabi/8.2.1/thumb/v7-m/nofp/crtbegin.o

.debug_frame    0x0000000000000000     0x1478
 .debug_frame   0x0000000000000000      0x170 ./source/cr_startup_lpc175x_6x.o
 .debug_frame   0x0000000000000170       0x54 ./source/firstproject.o
 .debug_frame   0x00000000000001c4       0x34 ./source/sysinit.o
 .debug_frame   0x00000000000001f8      0x5d4 /home/gokul/Documents/MCUXpresso_11.0.1_2563/workspace/lpc_board_nxp_lpcxpresso_1769/Debug/liblpc_board_nxp_lpcxpresso_1769.a(board.o)
 .debug_frame   0x00000000000007cc       0x8c /home/gokul/Documents/MCUXpresso_11.0.1_2563/workspace/lpc_board_nxp_lpcxpresso_1769/Debug/liblpc_board_nxp_lpcxpresso_1769.a(board_sysinit.o)
 .debug_frame   0x0000000000000858       0x88 /home/gokul/Documents/MCUXpresso_11.0.1_2563/workspace/lpc_chip_175x_6x/Debug/liblpc_chip_175x_6x.a(chip_17xx_40xx.o)
 .debug_frame   0x00000000000008e0      0x490 /home/gokul/Documents/MCUXpresso_11.0.1_2563/workspace/lpc_chip_175x_6x/Debug/liblpc_chip_175x_6x.a(clock_17xx_40xx.o)
 .debug_frame   0x0000000000000d70       0x80 /home/gokul/Documents/MCUXpresso_11.0.1_2563/workspace/lpc_chip_175x_6x/Debug/liblpc_chip_175x_6x.a(iocon_17xx_40xx.o)
 .debug_frame   0x0000000000000df0      0x12c /home/gokul/Documents/MCUXpresso_11.0.1_2563/workspace/lpc_chip_175x_6x/Debug/liblpc_chip_175x_6x.a(sysinit_17xx_40xx.o)
 .debug_frame   0x0000000000000f1c      0x530 /home/gokul/Documents/MCUXpresso_11.0.1_2563/workspace/lpc_chip_175x_6x/Debug/liblpc_chip_175x_6x.a(uart_17xx_40xx.o)
 .debug_frame   0x000000000000144c       0x2c /usr/local/mcuxpressoide-11.0.1_2563/ide/plugins/com.nxp.mcuxpresso.tools.linux_11.0.1.201907311258/tools/bin/../lib/gcc/arm-none-eabi/8.2.1/../../../../arm-none-eabi/lib/thumb/v7-m/nofp/libc.a(lib_a-init.o)

Cross Reference Table

Symbol                                            File
ADC_IRQHandler                                    ./source/cr_startup_lpc175x_6x.o
BOD_IRQHandler                                    ./source/cr_startup_lpc175x_6x.o
Board_Audio_Init                                  /home/gokul/Documents/MCUXpresso_11.0.1_2563/workspace/lpc_board_nxp_lpcxpresso_1769/Debug/liblpc_board_nxp_lpcxpresso_1769.a(board.o)
Board_Buttons_Init                                /home/gokul/Documents/MCUXpresso_11.0.1_2563/workspace/lpc_board_nxp_lpcxpresso_1769/Debug/liblpc_board_nxp_lpcxpresso_1769.a(board.o)
Board_Debug_Init                                  /home/gokul/Documents/MCUXpresso_11.0.1_2563/workspace/lpc_board_nxp_lpcxpresso_1769/Debug/liblpc_board_nxp_lpcxpresso_1769.a(board.o)
Board_ENET_GetMacADDR                             /home/gokul/Documents/MCUXpresso_11.0.1_2563/workspace/lpc_board_nxp_lpcxpresso_1769/Debug/liblpc_board_nxp_lpcxpresso_1769.a(board.o)
Board_I2C_Init                                    /home/gokul/Documents/MCUXpresso_11.0.1_2563/workspace/lpc_board_nxp_lpcxpresso_1769/Debug/liblpc_board_nxp_lpcxpresso_1769.a(board.o)
Board_Init                                        /home/gokul/Documents/MCUXpresso_11.0.1_2563/workspace/lpc_board_nxp_lpcxpresso_1769/Debug/liblpc_board_nxp_lpcxpresso_1769.a(board.o)
                                                  ./source/firstproject.o
Board_Joystick_Init                               /home/gokul/Documents/MCUXpresso_11.0.1_2563/workspace/lpc_board_nxp_lpcxpresso_1769/Debug/liblpc_board_nxp_lpcxpresso_1769.a(board.o)
Board_LED_Set                                     /home/gokul/Documents/MCUXpresso_11.0.1_2563/workspace/lpc_board_nxp_lpcxpresso_1769/Debug/liblpc_board_nxp_lpcxpresso_1769.a(board.o)
                                                  ./source/firstproject.o
Board_LED_Test                                    /home/gokul/Documents/MCUXpresso_11.0.1_2563/workspace/lpc_board_nxp_lpcxpresso_1769/Debug/liblpc_board_nxp_lpcxpresso_1769.a(board.o)
Board_LED_Toggle                                  /home/gokul/Documents/MCUXpresso_11.0.1_2563/workspace/lpc_board_nxp_lpcxpresso_1769/Debug/liblpc_board_nxp_lpcxpresso_1769.a(board.o)
                                                  ./source/firstproject.o
Board_SPI_AssertSSEL                              /home/gokul/Documents/MCUXpresso_11.0.1_2563/workspace/lpc_board_nxp_lpcxpresso_1769/Debug/liblpc_board_nxp_lpcxpresso_1769.a(board.o)
Board_SPI_DeassertSSEL                            /home/gokul/Documents/MCUXpresso_11.0.1_2563/workspace/lpc_board_nxp_lpcxpresso_1769/Debug/liblpc_board_nxp_lpcxpresso_1769.a(board.o)
Board_SPI_Init                                    /home/gokul/Documents/MCUXpresso_11.0.1_2563/workspace/lpc_board_nxp_lpcxpresso_1769/Debug/liblpc_board_nxp_lpcxpresso_1769.a(board.o)
Board_SSP_Init                                    /home/gokul/Documents/MCUXpresso_11.0.1_2563/workspace/lpc_board_nxp_lpcxpresso_1769/Debug/liblpc_board_nxp_lpcxpresso_1769.a(board.o)
Board_SetupClocking                               /home/gokul/Documents/MCUXpresso_11.0.1_2563/workspace/lpc_board_nxp_lpcxpresso_1769/Debug/liblpc_board_nxp_lpcxpresso_1769.a(board_sysinit.o)
Board_SetupMuxing                                 /home/gokul/Documents/MCUXpresso_11.0.1_2563/workspace/lpc_board_nxp_lpcxpresso_1769/Debug/liblpc_board_nxp_lpcxpresso_1769.a(board_sysinit.o)
Board_SystemInit                                  /home/gokul/Documents/MCUXpresso_11.0.1_2563/workspace/lpc_board_nxp_lpcxpresso_1769/Debug/liblpc_board_nxp_lpcxpresso_1769.a(board_sysinit.o)
                                                  ./source/sysinit.o
Board_UARTGetChar                                 /home/gokul/Documents/MCUXpresso_11.0.1_2563/workspace/lpc_board_nxp_lpcxpresso_1769/Debug/liblpc_board_nxp_lpcxpresso_1769.a(board.o)
Board_UARTPutChar                                 /home/gokul/Documents/MCUXpresso_11.0.1_2563/workspace/lpc_board_nxp_lpcxpresso_1769/Debug/liblpc_board_nxp_lpcxpresso_1769.a(board.o)
Board_UARTPutSTR                                  /home/gokul/Documents/MCUXpresso_11.0.1_2563/workspace/lpc_board_nxp_lpcxpresso_1769/Debug/liblpc_board_nxp_lpcxpresso_1769.a(board.o)
Board_UART_Init                                   /home/gokul/Documents/MCUXpresso_11.0.1_2563/workspace/lpc_board_nxp_lpcxpresso_1769/Debug/liblpc_board_nxp_lpcxpresso_1769.a(board.o)
Board_USBD_Init                                   /home/gokul/Documents/MCUXpresso_11.0.1_2563/workspace/lpc_board_nxp_lpcxpresso_1769/Debug/liblpc_board_nxp_lpcxpresso_1769.a(board.o)
BusFault_Handler                                  ./source/cr_startup_lpc175x_6x.o
Buttons_GetStatus                                 /home/gokul/Documents/MCUXpresso_11.0.1_2563/workspace/lpc_board_nxp_lpcxpresso_1769/Debug/liblpc_board_nxp_lpcxpresso_1769.a(board.o)
CANActivity_IRQHandler                            ./source/cr_startup_lpc175x_6x.o
CAN_IRQHandler                                    ./source/cr_startup_lpc175x_6x.o
CRP_WORD                                          ./source/crp.o
Chip_Clock_DisablePLL                             /home/gokul/Documents/MCUXpresso_11.0.1_2563/workspace/lpc_chip_175x_6x/Debug/liblpc_chip_175x_6x.a(clock_17xx_40xx.o)
                                                  /home/gokul/Documents/MCUXpresso_11.0.1_2563/workspace/lpc_chip_175x_6x/Debug/liblpc_chip_175x_6x.a(sysinit_17xx_40xx.o)
Chip_Clock_DisablePeriphClock                     /home/gokul/Documents/MCUXpresso_11.0.1_2563/workspace/lpc_chip_175x_6x/Debug/liblpc_chip_175x_6x.a(clock_17xx_40xx.o)
                                                  /home/gokul/Documents/MCUXpresso_11.0.1_2563/workspace/lpc_chip_175x_6x/Debug/liblpc_chip_175x_6x.a(uart_17xx_40xx.o)
                                                  /home/gokul/Documents/MCUXpresso_11.0.1_2563/workspace/lpc_chip_175x_6x/Debug/liblpc_chip_175x_6x.a(i2s_17xx_40xx.o)
Chip_Clock_EnablePLL                              /home/gokul/Documents/MCUXpresso_11.0.1_2563/workspace/lpc_chip_175x_6x/Debug/liblpc_chip_175x_6x.a(clock_17xx_40xx.o)
                                                  /home/gokul/Documents/MCUXpresso_11.0.1_2563/workspace/lpc_chip_175x_6x/Debug/liblpc_chip_175x_6x.a(sysinit_17xx_40xx.o)
                                                  /home/gokul/Documents/MCUXpresso_11.0.1_2563/workspace/lpc_chip_175x_6x/Debug/liblpc_chip_175x_6x.a(chip_17xx_40xx.o)
Chip_Clock_EnablePeriphClock                      /home/gokul/Documents/MCUXpresso_11.0.1_2563/workspace/lpc_chip_175x_6x/Debug/liblpc_chip_175x_6x.a(clock_17xx_40xx.o)
                                                  /home/gokul/Documents/MCUXpresso_11.0.1_2563/workspace/lpc_chip_175x_6x/Debug/liblpc_chip_175x_6x.a(uart_17xx_40xx.o)
                                                  /home/gokul/Documents/MCUXpresso_11.0.1_2563/workspace/lpc_chip_175x_6x/Debug/liblpc_chip_175x_6x.a(i2s_17xx_40xx.o)
                                                  /home/gokul/Documents/MCUXpresso_11.0.1_2563/workspace/lpc_chip_175x_6x/Debug/liblpc_chip_175x_6x.a(chip_17xx_40xx.o)
                                                  /home/gokul/Documents/MCUXpresso_11.0.1_2563/workspace/lpc_board_nxp_lpcxpresso_1769/Debug/liblpc_board_nxp_lpcxpresso_1769.a(board.o)
Chip_Clock_GetCPUClockDiv                         /home/gokul/Documents/MCUXpresso_11.0.1_2563/workspace/lpc_chip_175x_6x/Debug/liblpc_chip_175x_6x.a(clock_17xx_40xx.o)
Chip_Clock_GetCPUClockSource                      /home/gokul/Documents/MCUXpresso_11.0.1_2563/workspace/lpc_chip_175x_6x/Debug/liblpc_chip_175x_6x.a(clock_17xx_40xx.o)
Chip_Clock_GetMainClockRate                       /home/gokul/Documents/MCUXpresso_11.0.1_2563/workspace/lpc_chip_175x_6x/Debug/liblpc_chip_175x_6x.a(clock_17xx_40xx.o)
Chip_Clock_GetMainPLLOutClockRate                 /home/gokul/Documents/MCUXpresso_11.0.1_2563/workspace/lpc_chip_175x_6x/Debug/liblpc_chip_175x_6x.a(clock_17xx_40xx.o)
Chip_Clock_GetPCLKDiv                             /home/gokul/Documents/MCUXpresso_11.0.1_2563/workspace/lpc_chip_175x_6x/Debug/liblpc_chip_175x_6x.a(clock_17xx_40xx.o)
Chip_Clock_GetPeripheralClockRate                 /home/gokul/Documents/MCUXpresso_11.0.1_2563/workspace/lpc_chip_175x_6x/Debug/liblpc_chip_175x_6x.a(clock_17xx_40xx.o)
                                                  /home/gokul/Documents/MCUXpresso_11.0.1_2563/workspace/lpc_chip_175x_6x/Debug/liblpc_chip_175x_6x.a(uart_17xx_40xx.o)
                                                  /home/gokul/Documents/MCUXpresso_11.0.1_2563/workspace/lpc_chip_175x_6x/Debug/liblpc_chip_175x_6x.a(i2s_17xx_40xx.o)
Chip_Clock_GetSYSCLKRate                          /home/gokul/Documents/MCUXpresso_11.0.1_2563/workspace/lpc_chip_175x_6x/Debug/liblpc_chip_175x_6x.a(clock_17xx_40xx.o)
Chip_Clock_GetSystemClockRate                     /home/gokul/Documents/MCUXpresso_11.0.1_2563/workspace/lpc_chip_175x_6x/Debug/liblpc_chip_175x_6x.a(clock_17xx_40xx.o)
                                                  /home/gokul/Documents/MCUXpresso_11.0.1_2563/workspace/lpc_chip_175x_6x/Debug/liblpc_chip_175x_6x.a(chip_17xx_40xx.o)
Chip_Clock_GetUSBClockDiv                         /home/gokul/Documents/MCUXpresso_11.0.1_2563/workspace/lpc_chip_175x_6x/Debug/liblpc_chip_175x_6x.a(clock_17xx_40xx.o)
Chip_Clock_GetUSBClockRate                        /home/gokul/Documents/MCUXpresso_11.0.1_2563/workspace/lpc_chip_175x_6x/Debug/liblpc_chip_175x_6x.a(clock_17xx_40xx.o)
Chip_Clock_GetUSBPLLOutClockRate                  /home/gokul/Documents/MCUXpresso_11.0.1_2563/workspace/lpc_chip_175x_6x/Debug/liblpc_chip_175x_6x.a(clock_17xx_40xx.o)
Chip_Clock_IsPeripheralClockEnabled               /home/gokul/Documents/MCUXpresso_11.0.1_2563/workspace/lpc_chip_175x_6x/Debug/liblpc_chip_175x_6x.a(clock_17xx_40xx.o)
Chip_Clock_SetCLKOUTSource                        /home/gokul/Documents/MCUXpresso_11.0.1_2563/workspace/lpc_chip_175x_6x/Debug/liblpc_chip_175x_6x.a(clock_17xx_40xx.o)
Chip_Clock_SetCPUClockDiv                         /home/gokul/Documents/MCUXpresso_11.0.1_2563/workspace/lpc_chip_175x_6x/Debug/liblpc_chip_175x_6x.a(clock_17xx_40xx.o)
                                                  /home/gokul/Documents/MCUXpresso_11.0.1_2563/workspace/lpc_chip_175x_6x/Debug/liblpc_chip_175x_6x.a(sysinit_17xx_40xx.o)
Chip_Clock_SetCPUClockSource                      /home/gokul/Documents/MCUXpresso_11.0.1_2563/workspace/lpc_chip_175x_6x/Debug/liblpc_chip_175x_6x.a(clock_17xx_40xx.o)
Chip_Clock_SetPCLKDiv                             /home/gokul/Documents/MCUXpresso_11.0.1_2563/workspace/lpc_chip_175x_6x/Debug/liblpc_chip_175x_6x.a(clock_17xx_40xx.o)
Chip_Clock_SetUSBClockDiv                         /home/gokul/Documents/MCUXpresso_11.0.1_2563/workspace/lpc_chip_175x_6x/Debug/liblpc_chip_175x_6x.a(clock_17xx_40xx.o)
Chip_Clock_SetupPLL                               /home/gokul/Documents/MCUXpresso_11.0.1_2563/workspace/lpc_chip_175x_6x/Debug/liblpc_chip_175x_6x.a(clock_17xx_40xx.o)
                                                  /home/gokul/Documents/MCUXpresso_11.0.1_2563/workspace/lpc_chip_175x_6x/Debug/liblpc_chip_175x_6x.a(sysinit_17xx_40xx.o)
                                                  /home/gokul/Documents/MCUXpresso_11.0.1_2563/workspace/lpc_chip_175x_6x/Debug/liblpc_chip_175x_6x.a(chip_17xx_40xx.o)
Chip_I2S_DMA_RxCmd                                /home/gokul/Documents/MCUXpresso_11.0.1_2563/workspace/lpc_chip_175x_6x/Debug/liblpc_chip_175x_6x.a(i2s_17xx_40xx.o)
Chip_I2S_DMA_TxCmd                                /home/gokul/Documents/MCUXpresso_11.0.1_2563/workspace/lpc_chip_175x_6x/Debug/liblpc_chip_175x_6x.a(i2s_17xx_40xx.o)
Chip_I2S_DeInit                                   /home/gokul/Documents/MCUXpresso_11.0.1_2563/workspace/lpc_chip_175x_6x/Debug/liblpc_chip_175x_6x.a(i2s_17xx_40xx.o)
Chip_I2S_Init                                     /home/gokul/Documents/MCUXpresso_11.0.1_2563/workspace/lpc_chip_175x_6x/Debug/liblpc_chip_175x_6x.a(i2s_17xx_40xx.o)
                                                  /home/gokul/Documents/MCUXpresso_11.0.1_2563/workspace/lpc_board_nxp_lpcxpresso_1769/Debug/liblpc_board_nxp_lpcxpresso_1769.a(board.o)
Chip_I2S_Int_RxCmd                                /home/gokul/Documents/MCUXpresso_11.0.1_2563/workspace/lpc_chip_175x_6x/Debug/liblpc_chip_175x_6x.a(i2s_17xx_40xx.o)
Chip_I2S_Int_TxCmd                                /home/gokul/Documents/MCUXpresso_11.0.1_2563/workspace/lpc_chip_175x_6x/Debug/liblpc_chip_175x_6x.a(i2s_17xx_40xx.o)
Chip_I2S_RxConfig                                 /home/gokul/Documents/MCUXpresso_11.0.1_2563/workspace/lpc_chip_175x_6x/Debug/liblpc_chip_175x_6x.a(i2s_17xx_40xx.o)
Chip_I2S_TxConfig                                 /home/gokul/Documents/MCUXpresso_11.0.1_2563/workspace/lpc_chip_175x_6x/Debug/liblpc_chip_175x_6x.a(i2s_17xx_40xx.o)
                                                  /home/gokul/Documents/MCUXpresso_11.0.1_2563/workspace/lpc_board_nxp_lpcxpresso_1769/Debug/liblpc_board_nxp_lpcxpresso_1769.a(board.o)
Chip_IOCON_PinMux                                 /home/gokul/Documents/MCUXpresso_11.0.1_2563/workspace/lpc_chip_175x_6x/Debug/liblpc_chip_175x_6x.a(iocon_17xx_40xx.o)
                                                  /home/gokul/Documents/MCUXpresso_11.0.1_2563/workspace/lpc_board_nxp_lpcxpresso_1769/Debug/liblpc_board_nxp_lpcxpresso_1769.a(board.o)
Chip_IOCON_PinMuxSet                              /home/gokul/Documents/MCUXpresso_11.0.1_2563/workspace/lpc_chip_175x_6x/Debug/liblpc_chip_175x_6x.a(iocon_17xx_40xx.o)
Chip_IOCON_SetPinMuxing                           /home/gokul/Documents/MCUXpresso_11.0.1_2563/workspace/lpc_chip_175x_6x/Debug/liblpc_chip_175x_6x.a(iocon_17xx_40xx.o)
                                                  /home/gokul/Documents/MCUXpresso_11.0.1_2563/workspace/lpc_board_nxp_lpcxpresso_1769/Debug/liblpc_board_nxp_lpcxpresso_1769.a(board_sysinit.o)
Chip_SetupIrcClocking                             /home/gokul/Documents/MCUXpresso_11.0.1_2563/workspace/lpc_chip_175x_6x/Debug/liblpc_chip_175x_6x.a(sysinit_17xx_40xx.o)
Chip_SetupXtalClocking                            /home/gokul/Documents/MCUXpresso_11.0.1_2563/workspace/lpc_chip_175x_6x/Debug/liblpc_chip_175x_6x.a(sysinit_17xx_40xx.o)
                                                  /home/gokul/Documents/MCUXpresso_11.0.1_2563/workspace/lpc_board_nxp_lpcxpresso_1769/Debug/liblpc_board_nxp_lpcxpresso_1769.a(board_sysinit.o)
Chip_SystemInit                                   /home/gokul/Documents/MCUXpresso_11.0.1_2563/workspace/lpc_chip_175x_6x/Debug/liblpc_chip_175x_6x.a(sysinit_17xx_40xx.o)
Chip_UART_ABCmd                                   /home/gokul/Documents/MCUXpresso_11.0.1_2563/workspace/lpc_chip_175x_6x/Debug/liblpc_chip_175x_6x.a(uart_17xx_40xx.o)
Chip_UART_CheckBusy                               /home/gokul/Documents/MCUXpresso_11.0.1_2563/workspace/lpc_chip_175x_6x/Debug/liblpc_chip_175x_6x.a(uart_17xx_40xx.o)
Chip_UART_DeInit                                  /home/gokul/Documents/MCUXpresso_11.0.1_2563/workspace/lpc_chip_175x_6x/Debug/liblpc_chip_175x_6x.a(uart_17xx_40xx.o)
Chip_UART_GetABEOStatus                           /home/gokul/Documents/MCUXpresso_11.0.1_2563/workspace/lpc_chip_175x_6x/Debug/liblpc_chip_175x_6x.a(uart_17xx_40xx.o)
Chip_UART_IRQRBHandler                            /home/gokul/Documents/MCUXpresso_11.0.1_2563/workspace/lpc_chip_175x_6x/Debug/liblpc_chip_175x_6x.a(uart_17xx_40xx.o)
Chip_UART_Init                                    /home/gokul/Documents/MCUXpresso_11.0.1_2563/workspace/lpc_chip_175x_6x/Debug/liblpc_chip_175x_6x.a(uart_17xx_40xx.o)
                                                  /home/gokul/Documents/MCUXpresso_11.0.1_2563/workspace/lpc_board_nxp_lpcxpresso_1769/Debug/liblpc_board_nxp_lpcxpresso_1769.a(board.o)
Chip_UART_RXIntHandlerRB                          /home/gokul/Documents/MCUXpresso_11.0.1_2563/workspace/lpc_chip_175x_6x/Debug/liblpc_chip_175x_6x.a(uart_17xx_40xx.o)
Chip_UART_Read                                    /home/gokul/Documents/MCUXpresso_11.0.1_2563/workspace/lpc_chip_175x_6x/Debug/liblpc_chip_175x_6x.a(uart_17xx_40xx.o)
Chip_UART_ReadBlocking                            /home/gokul/Documents/MCUXpresso_11.0.1_2563/workspace/lpc_chip_175x_6x/Debug/liblpc_chip_175x_6x.a(uart_17xx_40xx.o)
Chip_UART_ReadRB                                  /home/gokul/Documents/MCUXpresso_11.0.1_2563/workspace/lpc_chip_175x_6x/Debug/liblpc_chip_175x_6x.a(uart_17xx_40xx.o)
Chip_UART_Send                                    /home/gokul/Documents/MCUXpresso_11.0.1_2563/workspace/lpc_chip_175x_6x/Debug/liblpc_chip_175x_6x.a(uart_17xx_40xx.o)
Chip_UART_SendBlocking                            /home/gokul/Documents/MCUXpresso_11.0.1_2563/workspace/lpc_chip_175x_6x/Debug/liblpc_chip_175x_6x.a(uart_17xx_40xx.o)
Chip_UART_SendRB                                  /home/gokul/Documents/MCUXpresso_11.0.1_2563/workspace/lpc_chip_175x_6x/Debug/liblpc_chip_175x_6x.a(uart_17xx_40xx.o)
Chip_UART_SetBaud                                 /home/gokul/Documents/MCUXpresso_11.0.1_2563/workspace/lpc_chip_175x_6x/Debug/liblpc_chip_175x_6x.a(uart_17xx_40xx.o)
                                                  /home/gokul/Documents/MCUXpresso_11.0.1_2563/workspace/lpc_board_nxp_lpcxpresso_1769/Debug/liblpc_board_nxp_lpcxpresso_1769.a(board.o)
Chip_UART_SetBaudFDR                              /home/gokul/Documents/MCUXpresso_11.0.1_2563/workspace/lpc_chip_175x_6x/Debug/liblpc_chip_175x_6x.a(uart_17xx_40xx.o)
Chip_UART_TXDisable                               /home/gokul/Documents/MCUXpresso_11.0.1_2563/workspace/lpc_chip_175x_6x/Debug/liblpc_chip_175x_6x.a(uart_17xx_40xx.o)
Chip_UART_TXEnable                                /home/gokul/Documents/MCUXpresso_11.0.1_2563/workspace/lpc_chip_175x_6x/Debug/liblpc_chip_175x_6x.a(uart_17xx_40xx.o)
                                                  /home/gokul/Documents/MCUXpresso_11.0.1_2563/workspace/lpc_board_nxp_lpcxpresso_1769/Debug/liblpc_board_nxp_lpcxpresso_1769.a(board.o)
Chip_UART_TXIntHandlerRB                          /home/gokul/Documents/MCUXpresso_11.0.1_2563/workspace/lpc_chip_175x_6x/Debug/liblpc_chip_175x_6x.a(uart_17xx_40xx.o)
Chip_USB_Init                                     /home/gokul/Documents/MCUXpresso_11.0.1_2563/workspace/lpc_chip_175x_6x/Debug/liblpc_chip_175x_6x.a(chip_17xx_40xx.o)
DMA_IRQHandler                                    ./source/cr_startup_lpc175x_6x.o
DebugMon_Handler                                  ./source/cr_startup_lpc175x_6x.o
EINT0_IRQHandler                                  ./source/cr_startup_lpc175x_6x.o
EINT1_IRQHandler                                  ./source/cr_startup_lpc175x_6x.o
EINT2_IRQHandler                                  ./source/cr_startup_lpc175x_6x.o
EINT3_IRQHandler                                  ./source/cr_startup_lpc175x_6x.o
ETH_IRQHandler                                    ./source/cr_startup_lpc175x_6x.o
HardFault_Handler                                 ./source/cr_startup_lpc175x_6x.o
I2C0_IRQHandler                                   ./source/cr_startup_lpc175x_6x.o
I2C1_IRQHandler                                   ./source/cr_startup_lpc175x_6x.o
I2C2_IRQHandler                                   ./source/cr_startup_lpc175x_6x.o
I2S_IRQHandler                                    ./source/cr_startup_lpc175x_6x.o
IntDefaultHandler                                 ./source/cr_startup_lpc175x_6x.o
Joystick_GetStatus                                /home/gokul/Documents/MCUXpresso_11.0.1_2563/workspace/lpc_board_nxp_lpcxpresso_1769/Debug/liblpc_board_nxp_lpcxpresso_1769.a(board.o)
MCPWM_IRQHandler                                  ./source/cr_startup_lpc175x_6x.o
MemManage_Handler                                 ./source/cr_startup_lpc175x_6x.o
NMI_Handler                                       ./source/cr_startup_lpc175x_6x.o
OscRateIn                                         /home/gokul/Documents/MCUXpresso_11.0.1_2563/workspace/lpc_board_nxp_lpcxpresso_1769/Debug/liblpc_board_nxp_lpcxpresso_1769.a(board.o)
                                                  /home/gokul/Documents/MCUXpresso_11.0.1_2563/workspace/lpc_chip_175x_6x/Debug/liblpc_chip_175x_6x.a(clock_17xx_40xx.o)
PLL0_IRQHandler                                   ./source/cr_startup_lpc175x_6x.o
PLL1_IRQHandler                                   ./source/cr_startup_lpc175x_6x.o
PWM1_IRQHandler                                   ./source/cr_startup_lpc175x_6x.o
PendSV_Handler                                    ./source/cr_startup_lpc175x_6x.o
QEI_IRQHandler                                    ./source/cr_startup_lpc175x_6x.o
RIT_IRQHandler                                    ./source/cr_startup_lpc175x_6x.o
RTCOscRateIn                                      /home/gokul/Documents/MCUXpresso_11.0.1_2563/workspace/lpc_board_nxp_lpcxpresso_1769/Debug/liblpc_board_nxp_lpcxpresso_1769.a(board.o)
                                                  /home/gokul/Documents/MCUXpresso_11.0.1_2563/workspace/lpc_chip_175x_6x/Debug/liblpc_chip_175x_6x.a(clock_17xx_40xx.o)
RTC_IRQHandler                                    ./source/cr_startup_lpc175x_6x.o
ResetISR                                          ./source/cr_startup_lpc175x_6x.o
RingBuffer_Init                                   /home/gokul/Documents/MCUXpresso_11.0.1_2563/workspace/lpc_chip_175x_6x/Debug/liblpc_chip_175x_6x.a(ring_buffer.o)
RingBuffer_Insert                                 /home/gokul/Documents/MCUXpresso_11.0.1_2563/workspace/lpc_chip_175x_6x/Debug/liblpc_chip_175x_6x.a(ring_buffer.o)
                                                  /home/gokul/Documents/MCUXpresso_11.0.1_2563/workspace/lpc_chip_175x_6x/Debug/liblpc_chip_175x_6x.a(uart_17xx_40xx.o)
RingBuffer_InsertMult                             /home/gokul/Documents/MCUXpresso_11.0.1_2563/workspace/lpc_chip_175x_6x/Debug/liblpc_chip_175x_6x.a(ring_buffer.o)
                                                  /home/gokul/Documents/MCUXpresso_11.0.1_2563/workspace/lpc_chip_175x_6x/Debug/liblpc_chip_175x_6x.a(uart_17xx_40xx.o)
RingBuffer_Pop                                    /home/gokul/Documents/MCUXpresso_11.0.1_2563/workspace/lpc_chip_175x_6x/Debug/liblpc_chip_175x_6x.a(ring_buffer.o)
                                                  /home/gokul/Documents/MCUXpresso_11.0.1_2563/workspace/lpc_chip_175x_6x/Debug/liblpc_chip_175x_6x.a(uart_17xx_40xx.o)
RingBuffer_PopMult                                /home/gokul/Documents/MCUXpresso_11.0.1_2563/workspace/lpc_chip_175x_6x/Debug/liblpc_chip_175x_6x.a(ring_buffer.o)
                                                  /home/gokul/Documents/MCUXpresso_11.0.1_2563/workspace/lpc_chip_175x_6x/Debug/liblpc_chip_175x_6x.a(uart_17xx_40xx.o)
SPI_IRQHandler                                    ./source/cr_startup_lpc175x_6x.o
SSP0_IRQHandler                                   ./source/cr_startup_lpc175x_6x.o
SSP1_IRQHandler                                   ./source/cr_startup_lpc175x_6x.o
SVC_Handler                                       ./source/cr_startup_lpc175x_6x.o
Serial_CreateStream                               /home/gokul/Documents/MCUXpresso_11.0.1_2563/workspace/lpc_board_nxp_lpcxpresso_1769/Debug/liblpc_board_nxp_lpcxpresso_1769.a(board.o)
SysTick_Handler                                   ./source/cr_startup_lpc175x_6x.o
SystemCoreClock                                   /home/gokul/Documents/MCUXpresso_11.0.1_2563/workspace/lpc_chip_175x_6x/Debug/liblpc_chip_175x_6x.a(chip_17xx_40xx.o)
SystemCoreClockUpdate                             /home/gokul/Documents/MCUXpresso_11.0.1_2563/workspace/lpc_chip_175x_6x/Debug/liblpc_chip_175x_6x.a(chip_17xx_40xx.o)
                                                  ./source/firstproject.o
SystemInit                                        ./source/sysinit.o
                                                  ./source/cr_startup_lpc175x_6x.o
TIMER0_IRQHandler                                 ./source/cr_startup_lpc175x_6x.o
TIMER1_IRQHandler                                 ./source/cr_startup_lpc175x_6x.o
TIMER2_IRQHandler                                 ./source/cr_startup_lpc175x_6x.o
TIMER3_IRQHandler                                 ./source/cr_startup_lpc175x_6x.o
UART0_IRQHandler                                  ./source/cr_startup_lpc175x_6x.o
UART1_IRQHandler                                  ./source/cr_startup_lpc175x_6x.o
UART2_IRQHandler                                  ./source/cr_startup_lpc175x_6x.o
UART3_IRQHandler                                  ./source/cr_startup_lpc175x_6x.o
USBActivity_IRQHandler                            ./source/cr_startup_lpc175x_6x.o
USB_IRQHandler                                    ./source/cr_startup_lpc175x_6x.o
UsageFault_Handler                                ./source/cr_startup_lpc175x_6x.o
WDT_IRQHandler                                    ./source/cr_startup_lpc175x_6x.o
__aeabi_atexit                                    ./source/cr_cpp_config.o
__aeabi_idiv0                                     /usr/local/mcuxpressoide-11.0.1_2563/ide/plugins/com.nxp.mcuxpresso.tools.linux_11.0.1.201907311258/tools/bin/../lib/gcc/arm-none-eabi/8.2.1/thumb/v7-m/nofp/libgcc.a(_dvmd_tls.o)
__aeabi_ldiv0                                     /usr/local/mcuxpressoide-11.0.1_2563/ide/plugins/com.nxp.mcuxpresso.tools.linux_11.0.1.201907311258/tools/bin/../lib/gcc/arm-none-eabi/8.2.1/thumb/v7-m/nofp/libgcc.a(_dvmd_tls.o)
                                                  /usr/local/mcuxpressoide-11.0.1_2563/ide/plugins/com.nxp.mcuxpresso.tools.linux_11.0.1.201907311258/tools/bin/../lib/gcc/arm-none-eabi/8.2.1/thumb/v7-m/nofp/libgcc.a(_aeabi_uldivmod.o)
__aeabi_uldivmod                                  /usr/local/mcuxpressoide-11.0.1_2563/ide/plugins/com.nxp.mcuxpresso.tools.linux_11.0.1.201907311258/tools/bin/../lib/gcc/arm-none-eabi/8.2.1/thumb/v7-m/nofp/libgcc.a(_aeabi_uldivmod.o)
                                                  /home/gokul/Documents/MCUXpresso_11.0.1_2563/workspace/lpc_chip_175x_6x/Debug/liblpc_chip_175x_6x.a(uart_17xx_40xx.o)
                                                  /home/gokul/Documents/MCUXpresso_11.0.1_2563/workspace/lpc_chip_175x_6x/Debug/liblpc_chip_175x_6x.a(i2s_17xx_40xx.o)
__bss_section_table_end                           ./source/cr_startup_lpc175x_6x.o
__check_heap_overflow                             /usr/local/mcuxpressoide-11.0.1_2563/ide/plugins/com.nxp.mcuxpresso.tools.linux_11.0.1.201907311258/tools/bin/../lib/gcc/arm-none-eabi/8.2.1/../../../../arm-none-eabi/lib/thumb/v7-m/nofp/libcr_newlib_nohost.a(_cr_check_heap.o)
                                                  /usr/local/mcuxpressoide-11.0.1_2563/ide/plugins/com.nxp.mcuxpresso.tools.linux_11.0.1.201907311258/tools/bin/../lib/gcc/arm-none-eabi/8.2.1/../../../../arm-none-eabi/lib/thumb/v7-m/nofp/libcr_newlib_nohost.a(_cr_sbrk.o)
__data_section_table                              ./source/cr_startup_lpc175x_6x.o
__data_section_table_end                          ./source/cr_startup_lpc175x_6x.o
__deregister_frame_info                           /usr/local/mcuxpressoide-11.0.1_2563/ide/plugins/com.nxp.mcuxpresso.tools.linux_11.0.1.201907311258/tools/bin/../lib/gcc/arm-none-eabi/8.2.1/thumb/v7-m/nofp/crtbegin.o
__dso_handle                                      /usr/local/mcuxpressoide-11.0.1_2563/ide/plugins/com.nxp.mcuxpresso.tools.linux_11.0.1.201907311258/tools/bin/../lib/gcc/arm-none-eabi/8.2.1/thumb/v7-m/nofp/crtbegin.o
__end_of_heap                                     /usr/local/mcuxpressoide-11.0.1_2563/ide/plugins/com.nxp.mcuxpresso.tools.linux_11.0.1.201907311258/tools/bin/../lib/gcc/arm-none-eabi/8.2.1/../../../../arm-none-eabi/lib/thumb/v7-m/nofp/libcr_newlib_nohost.a(_cr_sbrk.o)
__errno                                           /usr/local/mcuxpressoide-11.0.1_2563/ide/plugins/com.nxp.mcuxpresso.tools.linux_11.0.1.201907311258/tools/bin/../lib/gcc/arm-none-eabi/8.2.1/../../../../arm-none-eabi/lib/thumb/v7-m/nofp/libc.a(lib_a-errno.o)
                                                  /usr/local/mcuxpressoide-11.0.1_2563/ide/plugins/com.nxp.mcuxpresso.tools.linux_11.0.1.201907311258/tools/bin/../lib/gcc/arm-none-eabi/8.2.1/../../../../arm-none-eabi/lib/thumb/v7-m/nofp/libcr_newlib_nohost.a(_cr_sbrk.o)
__gnu_cxx::__verbose_terminate_handler()          ./source/cr_cpp_config.o
__init_array_end                                  /usr/local/mcuxpressoide-11.0.1_2563/ide/plugins/com.nxp.mcuxpresso.tools.linux_11.0.1.201907311258/tools/bin/../lib/gcc/arm-none-eabi/8.2.1/../../../../arm-none-eabi/lib/thumb/v7-m/nofp/libc.a(lib_a-init.o)
__init_array_start                                /usr/local/mcuxpressoide-11.0.1_2563/ide/plugins/com.nxp.mcuxpresso.tools.linux_11.0.1.201907311258/tools/bin/../lib/gcc/arm-none-eabi/8.2.1/../../../../arm-none-eabi/lib/thumb/v7-m/nofp/libc.a(lib_a-init.o)
__libc_init_array                                 /usr/local/mcuxpressoide-11.0.1_2563/ide/plugins/com.nxp.mcuxpresso.tools.linux_11.0.1.201907311258/tools/bin/../lib/gcc/arm-none-eabi/8.2.1/../../../../arm-none-eabi/lib/thumb/v7-m/nofp/libc.a(lib_a-init.o)
                                                  ./source/cr_startup_lpc175x_6x.o
__lock___arc4random_mutex                         /usr/local/mcuxpressoide-11.0.1_2563/ide/plugins/com.nxp.mcuxpresso.tools.linux_11.0.1.201907311258/tools/bin/../lib/gcc/arm-none-eabi/8.2.1/../../../../arm-none-eabi/lib/thumb/v7-m/nofp/libc.a(lib_a-lock.o)
__lock___at_quick_exit_mutex                      /usr/local/mcuxpressoide-11.0.1_2563/ide/plugins/com.nxp.mcuxpresso.tools.linux_11.0.1.201907311258/tools/bin/../lib/gcc/arm-none-eabi/8.2.1/../../../../arm-none-eabi/lib/thumb/v7-m/nofp/libc.a(lib_a-lock.o)
__lock___atexit_recursive_mutex                   /usr/local/mcuxpressoide-11.0.1_2563/ide/plugins/com.nxp.mcuxpresso.tools.linux_11.0.1.201907311258/tools/bin/../lib/gcc/arm-none-eabi/8.2.1/../../../../arm-none-eabi/lib/thumb/v7-m/nofp/libc.a(lib_a-lock.o)
__lock___dd_hash_mutex                            /usr/local/mcuxpressoide-11.0.1_2563/ide/plugins/com.nxp.mcuxpresso.tools.linux_11.0.1.201907311258/tools/bin/../lib/gcc/arm-none-eabi/8.2.1/../../../../arm-none-eabi/lib/thumb/v7-m/nofp/libc.a(lib_a-lock.o)
__lock___env_recursive_mutex                      /usr/local/mcuxpressoide-11.0.1_2563/ide/plugins/com.nxp.mcuxpresso.tools.linux_11.0.1.201907311258/tools/bin/../lib/gcc/arm-none-eabi/8.2.1/../../../../arm-none-eabi/lib/thumb/v7-m/nofp/libc.a(lib_a-lock.o)
__lock___malloc_recursive_mutex                   /usr/local/mcuxpressoide-11.0.1_2563/ide/plugins/com.nxp.mcuxpresso.tools.linux_11.0.1.201907311258/tools/bin/../lib/gcc/arm-none-eabi/8.2.1/../../../../arm-none-eabi/lib/thumb/v7-m/nofp/libc.a(lib_a-lock.o)
                                                  /usr/local/mcuxpressoide-11.0.1_2563/ide/plugins/com.nxp.mcuxpresso.tools.linux_11.0.1.201907311258/tools/bin/../lib/gcc/arm-none-eabi/8.2.1/../../../../arm-none-eabi/lib/thumb/v7-m/nofp/libc.a(lib_a-mlock.o)
__lock___sfp_recursive_mutex                      /usr/local/mcuxpressoide-11.0.1_2563/ide/plugins/com.nxp.mcuxpresso.tools.linux_11.0.1.201907311258/tools/bin/../lib/gcc/arm-none-eabi/8.2.1/../../../../arm-none-eabi/lib/thumb/v7-m/nofp/libc.a(lib_a-lock.o)
__lock___sinit_recursive_mutex                    /usr/local/mcuxpressoide-11.0.1_2563/ide/plugins/com.nxp.mcuxpresso.tools.linux_11.0.1.201907311258/tools/bin/../lib/gcc/arm-none-eabi/8.2.1/../../../../arm-none-eabi/lib/thumb/v7-m/nofp/libc.a(lib_a-lock.o)
__lock___tz_mutex                                 /usr/local/mcuxpressoide-11.0.1_2563/ide/plugins/com.nxp.mcuxpresso.tools.linux_11.0.1.201907311258/tools/bin/../lib/gcc/arm-none-eabi/8.2.1/../../../../arm-none-eabi/lib/thumb/v7-m/nofp/libc.a(lib_a-lock.o)
__malloc_av_                                      /usr/local/mcuxpressoide-11.0.1_2563/ide/plugins/com.nxp.mcuxpresso.tools.linux_11.0.1.201907311258/tools/bin/../lib/gcc/arm-none-eabi/8.2.1/../../../../arm-none-eabi/lib/thumb/v7-m/nofp/libc.a(lib_a-mallocr.o)
                                                  /usr/local/mcuxpressoide-11.0.1_2563/ide/plugins/com.nxp.mcuxpresso.tools.linux_11.0.1.201907311258/tools/bin/../lib/gcc/arm-none-eabi/8.2.1/../../../../arm-none-eabi/lib/thumb/v7-m/nofp/libc.a(lib_a-freer.o)
__malloc_current_mallinfo                         /usr/local/mcuxpressoide-11.0.1_2563/ide/plugins/com.nxp.mcuxpresso.tools.linux_11.0.1.201907311258/tools/bin/../lib/gcc/arm-none-eabi/8.2.1/../../../../arm-none-eabi/lib/thumb/v7-m/nofp/libc.a(lib_a-mallocr.o)
                                                  /usr/local/mcuxpressoide-11.0.1_2563/ide/plugins/com.nxp.mcuxpresso.tools.linux_11.0.1.201907311258/tools/bin/../lib/gcc/arm-none-eabi/8.2.1/../../../../arm-none-eabi/lib/thumb/v7-m/nofp/libc.a(lib_a-freer.o)
__malloc_lock                                     /usr/local/mcuxpressoide-11.0.1_2563/ide/plugins/com.nxp.mcuxpresso.tools.linux_11.0.1.201907311258/tools/bin/../lib/gcc/arm-none-eabi/8.2.1/../../../../arm-none-eabi/lib/thumb/v7-m/nofp/libc.a(lib_a-mlock.o)
                                                  /usr/local/mcuxpressoide-11.0.1_2563/ide/plugins/com.nxp.mcuxpresso.tools.linux_11.0.1.201907311258/tools/bin/../lib/gcc/arm-none-eabi/8.2.1/../../../../arm-none-eabi/lib/thumb/v7-m/nofp/libc.a(lib_a-freer.o)
                                                  /usr/local/mcuxpressoide-11.0.1_2563/ide/plugins/com.nxp.mcuxpresso.tools.linux_11.0.1.201907311258/tools/bin/../lib/gcc/arm-none-eabi/8.2.1/../../../../arm-none-eabi/lib/thumb/v7-m/nofp/libc.a(lib_a-mallocr.o)
__malloc_max_sbrked_mem                           /usr/local/mcuxpressoide-11.0.1_2563/ide/plugins/com.nxp.mcuxpresso.tools.linux_11.0.1.201907311258/tools/bin/../lib/gcc/arm-none-eabi/8.2.1/../../../../arm-none-eabi/lib/thumb/v7-m/nofp/libc.a(lib_a-mallocr.o)
__malloc_max_total_mem                            /usr/local/mcuxpressoide-11.0.1_2563/ide/plugins/com.nxp.mcuxpresso.tools.linux_11.0.1.201907311258/tools/bin/../lib/gcc/arm-none-eabi/8.2.1/../../../../arm-none-eabi/lib/thumb/v7-m/nofp/libc.a(lib_a-mallocr.o)
__malloc_sbrk_base                                /usr/local/mcuxpressoide-11.0.1_2563/ide/plugins/com.nxp.mcuxpresso.tools.linux_11.0.1.201907311258/tools/bin/../lib/gcc/arm-none-eabi/8.2.1/../../../../arm-none-eabi/lib/thumb/v7-m/nofp/libc.a(lib_a-mallocr.o)
                                                  /usr/local/mcuxpressoide-11.0.1_2563/ide/plugins/com.nxp.mcuxpresso.tools.linux_11.0.1.201907311258/tools/bin/../lib/gcc/arm-none-eabi/8.2.1/../../../../arm-none-eabi/lib/thumb/v7-m/nofp/libc.a(lib_a-freer.o)
__malloc_top_pad                                  /usr/local/mcuxpressoide-11.0.1_2563/ide/plugins/com.nxp.mcuxpresso.tools.linux_11.0.1.201907311258/tools/bin/../lib/gcc/arm-none-eabi/8.2.1/../../../../arm-none-eabi/lib/thumb/v7-m/nofp/libc.a(lib_a-mallocr.o)
                                                  /usr/local/mcuxpressoide-11.0.1_2563/ide/plugins/com.nxp.mcuxpresso.tools.linux_11.0.1.201907311258/tools/bin/../lib/gcc/arm-none-eabi/8.2.1/../../../../arm-none-eabi/lib/thumb/v7-m/nofp/libc.a(lib_a-freer.o)
__malloc_trim_threshold                           /usr/local/mcuxpressoide-11.0.1_2563/ide/plugins/com.nxp.mcuxpresso.tools.linux_11.0.1.201907311258/tools/bin/../lib/gcc/arm-none-eabi/8.2.1/../../../../arm-none-eabi/lib/thumb/v7-m/nofp/libc.a(lib_a-mallocr.o)
                                                  /usr/local/mcuxpressoide-11.0.1_2563/ide/plugins/com.nxp.mcuxpresso.tools.linux_11.0.1.201907311258/tools/bin/../lib/gcc/arm-none-eabi/8.2.1/../../../../arm-none-eabi/lib/thumb/v7-m/nofp/libc.a(lib_a-freer.o)
__malloc_unlock                                   /usr/local/mcuxpressoide-11.0.1_2563/ide/plugins/com.nxp.mcuxpresso.tools.linux_11.0.1.201907311258/tools/bin/../lib/gcc/arm-none-eabi/8.2.1/../../../../arm-none-eabi/lib/thumb/v7-m/nofp/libc.a(lib_a-mlock.o)
                                                  /usr/local/mcuxpressoide-11.0.1_2563/ide/plugins/com.nxp.mcuxpresso.tools.linux_11.0.1.201907311258/tools/bin/../lib/gcc/arm-none-eabi/8.2.1/../../../../arm-none-eabi/lib/thumb/v7-m/nofp/libc.a(lib_a-freer.o)
                                                  /usr/local/mcuxpressoide-11.0.1_2563/ide/plugins/com.nxp.mcuxpresso.tools.linux_11.0.1.201907311258/tools/bin/../lib/gcc/arm-none-eabi/8.2.1/../../../../arm-none-eabi/lib/thumb/v7-m/nofp/libc.a(lib_a-mallocr.o)
__preinit_array_end                               /usr/local/mcuxpressoide-11.0.1_2563/ide/plugins/com.nxp.mcuxpresso.tools.linux_11.0.1.201907311258/tools/bin/../lib/gcc/arm-none-eabi/8.2.1/../../../../arm-none-eabi/lib/thumb/v7-m/nofp/libc.a(lib_a-init.o)
__preinit_array_start                             /usr/local/mcuxpressoide-11.0.1_2563/ide/plugins/com.nxp.mcuxpresso.tools.linux_11.0.1.201907311258/tools/bin/../lib/gcc/arm-none-eabi/8.2.1/../../../../arm-none-eabi/lib/thumb/v7-m/nofp/libc.a(lib_a-init.o)
__register_frame_info                             /usr/local/mcuxpressoide-11.0.1_2563/ide/plugins/com.nxp.mcuxpresso.tools.linux_11.0.1.201907311258/tools/bin/../lib/gcc/arm-none-eabi/8.2.1/thumb/v7-m/nofp/crtbegin.o
__retarget_lock_acquire                           /usr/local/mcuxpressoide-11.0.1_2563/ide/plugins/com.nxp.mcuxpresso.tools.linux_11.0.1.201907311258/tools/bin/../lib/gcc/arm-none-eabi/8.2.1/../../../../arm-none-eabi/lib/thumb/v7-m/nofp/libc.a(lib_a-lock.o)
__retarget_lock_acquire_recursive                 /usr/local/mcuxpressoide-11.0.1_2563/ide/plugins/com.nxp.mcuxpresso.tools.linux_11.0.1.201907311258/tools/bin/../lib/gcc/arm-none-eabi/8.2.1/../../../../arm-none-eabi/lib/thumb/v7-m/nofp/libc.a(lib_a-lock.o)