15:00:23 **** Build of configuration Debug for project lpc_board_nxp_lpcxpresso_1769 ****
make -r all 
Building file: ../src/board.c
Invoking: MCU C Compiler
arm-none-eabi-gcc -D__REDLIB__ -DDEBUG -D__CODE_RED -D__USE_LPCOPEN -DCORE_M3 -I"/home/gokul/Documents/MCUXpresso_11.0.1_2563/workspace/lpc_chip_175x_6x/inc" -I"/home/gokul/Documents/MCUXpresso_11.0.1_2563/workspace/lpc_board_nxp_lpcxpresso_1769/inc" -O0 -g3 -Wall -c -fmessage-length=0 -fno-builtin -ffunction-sections -fdata-sections -mcpu=cortex-m3 -mthumb -fstack-usage -specs=redlib.specs -MMD -MP -MF"src/board.d" -MT"src/board.o" -MT"src/board.d" -o "src/board.o" "../src/board.c"
../src/board.c: In function 'Board_I2C_Init':
../src/board.c:267:2: warning: enumeration value 'I2C_NUM_INTERFACE' not handled in switch [-Wswitch]
  switch (id) {
  ^~~~~~
Finished building: ../src/board.c
 
Building file: ../src/board_sysinit.c
Invoking: MCU C Compiler
arm-none-eabi-gcc -D__REDLIB__ -DDEBUG -D__CODE_RED -D__USE_LPCOPEN -DCORE_M3 -I"/home/gokul/Documents/MCUXpresso_11.0.1_2563/workspace/lpc_chip_175x_6x/inc" -I"/home/gokul/Documents/MCUXpresso_11.0.1_2563/workspace/lpc_board_nxp_lpcxpresso_1769/inc" -O0 -g3 -Wall -c -fmessage-length=0 -fno-builtin -ffunction-sections -fdata-sections -mcpu=cortex-m3 -mthumb -fstack-usage -specs=redlib.specs -MMD -MP -MF"src/board_sysinit.d" -MT"src/board_sysinit.o" -MT"src/board_sysinit.d" -o "src/board_sysinit.o" "../src/board_sysinit.c"
Finished building: ../src/board_sysinit.c
 
Building file: ../src/lpc_phy_smsc87x0.c
Invoking: MCU C Compiler
arm-none-eabi-gcc -D__REDLIB__ -DDEBUG -D__CODE_RED -D__USE_LPCOPEN -DCORE_M3 -I"/home/gokul/Documents/MCUXpresso_11.0.1_2563/workspace/lpc_chip_175x_6x/inc" -I"/home/gokul/Documents/MCUXpresso_11.0.1_2563/workspace/lpc_board_nxp_lpcxpresso_1769/inc" -O0 -g3 -Wall -c -fmessage-length=0 -fno-builtin -ffunction-sections -fdata-sections -mcpu=cortex-m3 -mthumb -fstack-usage -specs=redlib.specs -MMD -MP -MF"src/lpc_phy_smsc87x0.d" -MT"src/lpc_phy_smsc87x0.o" -MT"src/lpc_phy_smsc87x0.d" -o "src/lpc_phy_smsc87x0.o" "../src/lpc_phy_smsc87x0.c"
Finished building: ../src/lpc_phy_smsc87x0.c
 
Building target: liblpc_board_nxp_lpcxpresso_1769.a
Invoking: MCU Archiver
arm-none-eabi-ar -r  "liblpc_board_nxp_lpcxpresso_1769.a"  ./src/board.o ./src/board_sysinit.o ./src/lpc_phy_smsc87x0.o   
arm-none-eabi-ar: creating liblpc_board_nxp_lpcxpresso_1769.a
Finished building target: liblpc_board_nxp_lpcxpresso_1769.a
 
make --no-print-directory post-build
Performing post-build steps
arm-none-eabi-size "liblpc_board_nxp_lpcxpresso_1769.a" ; # arm-none-eabi-objdump -h -S "liblpc_board_nxp_lpcxpresso_1769.a" >"liblpc_board_nxp_lpcxpresso_1769.lss"
   text	   data	    bss	    dec	    hex	filename
   2203	      0	      0	   2203	    89b	board.o (ex liblpc_board_nxp_lpcxpresso_1769.a)
    202	      0	      0	    202	     ca	board_sysinit.o (ex liblpc_board_nxp_lpcxpresso_1769.a)
    856	      0	     18	    874	    36a	lpc_phy_smsc87x0.o (ex liblpc_board_nxp_lpcxpresso_1769.a)
 
15:00:25 **** Build of configuration Debug for project lpc_chip_175x_6x ****
make -r all 
Building file: ../src/adc_17xx_40xx.c
Invoking: MCU C Compiler
arm-none-eabi-gcc -D__REDLIB__ -DDEBUG -D__CODE_RED -D__USE_LPCOPEN -DCORE_M3 -I"/home/gokul/Documents/MCUXpresso_11.0.1_2563/workspace/lpc_chip_175x_6x/inc" -O0 -g3 -Wall -c -fmessage-length=0 -fno-builtin -ffunction-sections -fdata-sections -mcpu=cortex-m3 -mthumb -fstack-usage -specs=redlib.specs -MMD -MP -MF"src/adc_17xx_40xx.d" -MT"src/adc_17xx_40xx.o" -MT"src/adc_17xx_40xx.d" -o "src/adc_17xx_40xx.o" "../src/adc_17xx_40xx.c"
Finished building: ../src/adc_17xx_40xx.c
 
Building file: ../src/can_17xx_40xx.c
Invoking: MCU C Compiler
arm-none-eabi-gcc -D__REDLIB__ -DDEBUG -D__CODE_RED -D__USE_LPCOPEN -DCORE_M3 -I"/home/gokul/Documents/MCUXpresso_11.0.1_2563/workspace/lpc_chip_175x_6x/inc" -O0 -g3 -Wall -c -fmessage-length=0 -fno-builtin -ffunction-sections -fdata-sections -mcpu=cortex-m3 -mthumb -fstack-usage -specs=redlib.specs -MMD -MP -MF"src/can_17xx_40xx.d" -MT"src/can_17xx_40xx.o" -MT"src/can_17xx_40xx.d" -o "src/can_17xx_40xx.o" "../src/can_17xx_40xx.c"
../src/can_17xx_40xx.c: In function 'Chip_CAN_Init':
../src/can_17xx_40xx.c:751:20: warning: variable 'i' set but not used [-Wunused-but-set-variable]
  volatile uint32_t i;
                    ^
Finished building: ../src/can_17xx_40xx.c
 
Building file: ../src/chip_17xx_40xx.c
Invoking: MCU C Compiler
arm-none-eabi-gcc -D__REDLIB__ -DDEBUG -D__CODE_RED -D__USE_LPCOPEN -DCORE_M3 -I"/home/gokul/Documents/MCUXpresso_11.0.1_2563/workspace/lpc_chip_175x_6x/inc" -O0 -g3 -Wall -c -fmessage-length=0 -fno-builtin -ffunction-sections -fdata-sections -mcpu=cortex-m3 -mthumb -fstack-usage -specs=redlib.specs -MMD -MP -MF"src/chip_17xx_40xx.d" -MT"src/chip_17xx_40xx.o" -MT"src/chip_17xx_40xx.d" -o "src/chip_17xx_40xx.o" "../src/chip_17xx_40xx.c"
Finished building: ../src/chip_17xx_40xx.c
 
Building file: ../src/clock_17xx_40xx.c
Invoking: MCU C Compiler
arm-none-eabi-gcc -D__REDLIB__ -DDEBUG -D__CODE_RED -D__USE_LPCOPEN -DCORE_M3 -I"/home/gokul/Documents/MCUXpresso_11.0.1_2563/workspace/lpc_chip_175x_6x/inc" -O0 -g3 -Wall -c -fmessage-length=0 -fno-builtin -ffunction-sections -fdata-sections -mcpu=cortex-m3 -mthumb -fstack-usage -specs=redlib.specs -MMD -MP -MF"src/clock_17xx_40xx.d" -MT"src/clock_17xx_40xx.o" -MT"src/clock_17xx_40xx.d" -o "src/clock_17xx_40xx.o" "../src/clock_17xx_40xx.c"
../src/clock_17xx_40xx.c: In function 'Chip_Clock_GetSYSCLKRate':
../src/clock_17xx_40xx.c:320:2: warning: enumeration value 'SYSCTL_PLLCLKSRC_RESERVED2' not handled in switch [-Wswitch]
  switch (Chip_Clock_GetMainPLLSource()) {
  ^~~~~~
Finished building: ../src/clock_17xx_40xx.c
 
Building file: ../src/cmp_17xx_40xx.c
Invoking: MCU C Compiler
arm-none-eabi-gcc -D__REDLIB__ -DDEBUG -D__CODE_RED -D__USE_LPCOPEN -DCORE_M3 -I"/home/gokul/Documents/MCUXpresso_11.0.1_2563/workspace/lpc_chip_175x_6x/inc" -O0 -g3 -Wall -c -fmessage-length=0 -fno-builtin -ffunction-sections -fdata-sections -mcpu=cortex-m3 -mthumb -fstack-usage -specs=redlib.specs -MMD -MP -MF"src/cmp_17xx_40xx.d" -MT"src/cmp_17xx_40xx.o" -MT"src/cmp_17xx_40xx.d" -o "src/cmp_17xx_40xx.o" "../src/cmp_17xx_40xx.c"
Finished building: ../src/cmp_17xx_40xx.c
 
Building file: ../src/crc_17xx_40xx.c
Invoking: MCU C Compiler
arm-none-eabi-gcc -D__REDLIB__ -DDEBUG -D__CODE_RED -D__USE_LPCOPEN -DCORE_M3 -I"/home/gokul/Documents/MCUXpresso_11.0.1_2563/workspace/lpc_chip_175x_6x/inc" -O0 -g3 -Wall -c -fmessage-length=0 -fno-builtin -ffunction-sections -fdata-sections -mcpu=cortex-m3 -mthumb -fstack-usage -specs=redlib.specs -MMD -MP -MF"src/crc_17xx_40xx.d" -MT"src/crc_17xx_40xx.o" -MT"src/crc_17xx_40xx.d" -o "src/crc_17xx_40xx.o" "../src/crc_17xx_40xx.c"
Finished building: ../src/crc_17xx_40xx.c
 
Building file: ../src/dac_17xx_40xx.c
Invoking: MCU C Compiler
arm-none-eabi-gcc -D__REDLIB__ -DDEBUG -D__CODE_RED -D__USE_LPCOPEN -DCORE_M3 -I"/home/gokul/Documents/MCUXpresso_11.0.1_2563/workspace/lpc_chip_175x_6x/inc" -O0 -g3 -Wall -c -fmessage-length=0 -fno-builtin -ffunction-sections -fdata-sections -mcpu=cortex-m3 -mthumb -fstack-usage -specs=redlib.specs -MMD -MP -MF"src/dac_17xx_40xx.d" -MT"src/dac_17xx_40xx.o" -MT"src/dac_17xx_40xx.d" -o "src/dac_17xx_40xx.o" "../src/dac_17xx_40xx.c"
Finished building: ../src/dac_17xx_40xx.c
 
Building file: ../src/eeprom_17xx_40xx.c
Invoking: MCU C Compiler
arm-none-eabi-gcc -D__REDLIB__ -DDEBUG -D__CODE_RED -D__USE_LPCOPEN -DCORE_M3 -I"/home/gokul/Documents/MCUXpresso_11.0.1_2563/workspace/lpc_chip_175x_6x/inc" -O0 -g3 -Wall -c -fmessage-length=0 -fno-builtin -ffunction-sections -fdata-sections -mcpu=cortex-m3 -mthumb -fstack-usage -specs=redlib.specs -MMD -MP -MF"src/eeprom_17xx_40xx.d" -MT"src/eeprom_17xx_40xx.o" -MT"src/eeprom_17xx_40xx.d" -o "src/eeprom_17xx_40xx.o" "../src/eeprom_17xx_40xx.c"
Finished building: ../src/eeprom_17xx_40xx.c
 
Building file: ../src/emc_17xx_40xx.c
Invoking: MCU C Compiler
arm-none-eabi-gcc -D__REDLIB__ -DDEBUG -D__CODE_RED -D__USE_LPCOPEN -DCORE_M3 -I"/home/gokul/Documents/MCUXpresso_11.0.1_2563/workspace/lpc_chip_175x_6x/inc" -O0 -g3 -Wall -c -fmessage-length=0 -fno-builtin -ffunction-sections -fdata-sections -mcpu=cortex-m3 -mthumb -fstack-usage -specs=redlib.specs -MMD -MP -MF"src/emc_17xx_40xx.d" -MT"src/emc_17xx_40xx.o" -MT"src/emc_17xx_40xx.d" -o "src/emc_17xx_40xx.o" "../src/emc_17xx_40xx.c"
Finished building: ../src/emc_17xx_40xx.c
 
Building file: ../src/enet_17xx_40xx.c
Invoking: MCU C Compiler
arm-none-eabi-gcc -D__REDLIB__ -DDEBUG -D__CODE_RED -D__USE_LPCOPEN -DCORE_M3 -I"/home/gokul/Documents/MCUXpresso_11.0.1_2563/workspace/lpc_chip_175x_6x/inc" -O0 -g3 -Wall -c -fmessage-length=0 -fno-builtin -ffunction-sections -fdata-sections -mcpu=cortex-m3 -mthumb -fstack-usage -specs=redlib.specs -MMD -MP -MF"src/enet_17xx_40xx.d" -MT"src/enet_17xx_40xx.o" -MT"src/enet_17xx_40xx.d" -o "src/enet_17xx_40xx.o" "../src/enet_17xx_40xx.c"
Finished building: ../src/enet_17xx_40xx.c
 
Building file: ../src/gpdma_17xx_40xx.c
Invoking: MCU C Compiler
arm-none-eabi-gcc -D__REDLIB__ -DDEBUG -D__CODE_RED -D__USE_LPCOPEN -DCORE_M3 -I"/home/gokul/Documents/MCUXpresso_11.0.1_2563/workspace/lpc_chip_175x_6x/inc" -O0 -g3 -Wall -c -fmessage-length=0 -fno-builtin -ffunction-sections -fdata-sections -mcpu=cortex-m3 -mthumb -fstack-usage -specs=redlib.specs -MMD -MP -MF"src/gpdma_17xx_40xx.d" -MT"src/gpdma_17xx_40xx.o" -MT"src/gpdma_17xx_40xx.d" -o "src/gpdma_17xx_40xx.o" "../src/gpdma_17xx_40xx.c"
Finished building: ../src/gpdma_17xx_40xx.c
 
Building file: ../src/gpio_17xx_40xx.c
Invoking: MCU C Compiler
arm-none-eabi-gcc -D__REDLIB__ -DDEBUG -D__CODE_RED -D__USE_LPCOPEN -DCORE_M3 -I"/home/gokul/Documents/MCUXpresso_11.0.1_2563/workspace/lpc_chip_175x_6x/inc" -O0 -g3 -Wall -c -fmessage-length=0 -fno-builtin -ffunction-sections -fdata-sections -mcpu=cortex-m3 -mthumb -fstack-usage -specs=redlib.specs -MMD -MP -MF"src/gpio_17xx_40xx.d" -MT"src/gpio_17xx_40xx.o" -MT"src/gpio_17xx_40xx.d" -o "src/gpio_17xx_40xx.o" "../src/gpio_17xx_40xx.c"
Finished building: ../src/gpio_17xx_40xx.c
 
Building file: ../src/gpioint_17xx_40xx.c
Invoking: MCU C Compiler
arm-none-eabi-gcc -D__REDLIB__ -DDEBUG -D__CODE_RED -D__USE_LPCOPEN -DCORE_M3 -I"/home/gokul/Documents/MCUXpresso_11.0.1_2563/workspace/lpc_chip_175x_6x/inc" -O0 -g3 -Wall -c -fmessage-length=0 -fno-builtin -ffunction-sections -fdata-sections -mcpu=cortex-m3 -mthumb -fstack-usage -specs=redlib.specs -MMD -MP -MF"src/gpioint_17xx_40xx.d" -MT"src/gpioint_17xx_40xx.o" -MT"src/gpioint_17xx_40xx.d" -o "src/gpioint_17xx_40xx.o" "../src/gpioint_17xx_40xx.c"
Finished building: ../src/gpioint_17xx_40xx.c
 
Building file: ../src/i2c_17xx_40xx.c
Invoking: MCU C Compiler
arm-none-eabi-gcc -D__REDLIB__ -DDEBUG -D__CODE_RED -D__USE_LPCOPEN -DCORE_M3 -I"/home/gokul/Documents/MCUXpresso_11.0.1_2563/workspace/lpc_chip_175x_6x/inc" -O0 -g3 -Wall -c -fmessage-length=0 -fno-builtin -ffunction-sections -fdata-sections -mcpu=cortex-m3 -mthumb -fstack-usage -specs=redlib.specs -MMD -MP -MF"src/i2c_17xx_40xx.d" -MT"src/i2c_17xx_40xx.o" -MT"src/i2c_17xx_40xx.d" -o "src/i2c_17xx_40xx.o" "../src/i2c_17xx_40xx.c"
Finished building: ../src/i2c_17xx_40xx.c
 
Building file: ../src/i2s_17xx_40xx.c
Invoking: MCU C Compiler
arm-none-eabi-gcc -D__REDLIB__ -DDEBUG -D__CODE_RED -D__USE_LPCOPEN -DCORE_M3 -I"/home/gokul/Documents/MCUXpresso_11.0.1_2563/workspace/lpc_chip_175x_6x/inc" -O0 -g3 -Wall -c -fmessage-length=0 -fno-builtin -ffunction-sections -fdata-sections -mcpu=cortex-m3 -mthumb -fstack-usage -specs=redlib.specs -MMD -MP -MF"src/i2s_17xx_40xx.d" -MT"src/i2s_17xx_40xx.o" -MT"src/i2s_17xx_40xx.d" -o "src/i2s_17xx_40xx.o" "../src/i2s_17xx_40xx.c"
Finished building: ../src/i2s_17xx_40xx.c
 
Building file: ../src/iap.c
Invoking: MCU C Compiler
arm-none-eabi-gcc -D__REDLIB__ -DDEBUG -D__CODE_RED -D__USE_LPCOPEN -DCORE_M3 -I"/home/gokul/Documents/MCUXpresso_11.0.1_2563/workspace/lpc_chip_175x_6x/inc" -O0 -g3 -Wall -c -fmessage-length=0 -fno-builtin -ffunction-sections -fdata-sections -mcpu=cortex-m3 -mthumb -fstack-usage -specs=redlib.specs -MMD -MP -MF"src/iap.d" -MT"src/iap.o" -MT"src/iap.d" -o "src/iap.o" "../src/iap.c"
Finished building: ../src/iap.c
 
Building file: ../src/iocon_17xx_40xx.c
Invoking: MCU C Compiler
arm-none-eabi-gcc -D__REDLIB__ -DDEBUG -D__CODE_RED -D__USE_LPCOPEN -DCORE_M3 -I"/home/gokul/Documents/MCUXpresso_11.0.1_2563/workspace/lpc_chip_175x_6x/inc" -O0 -g3 -Wall -c -fmessage-length=0 -fno-builtin -ffunction-sections -fdata-sections -mcpu=cortex-m3 -mthumb -fstack-usage -specs=redlib.specs -MMD -MP -MF"src/iocon_17xx_40xx.d" -MT"src/iocon_17xx_40xx.o" -MT"src/iocon_17xx_40xx.d" -o "src/iocon_17xx_40xx.o" "../src/iocon_17xx_40xx.c"
Finished building: ../src/iocon_17xx_40xx.c
 
Building file: ../src/lcd_17xx_40xx.c
Invoking: MCU C Compiler
arm-none-eabi-gcc -D__REDLIB__ -DDEBUG -D__CODE_RED -D__USE_LPCOPEN -DCORE_M3 -I"/home/gokul/Documents/MCUXpresso_11.0.1_2563/workspace/lpc_chip_175x_6x/inc" -O0 -g3 -Wall -c -fmessage-length=0 -fno-builtin -ffunction-sections -fdata-sections -mcpu=cortex-m3 -mthumb -fstack-usage -specs=redlib.specs -MMD -MP -MF"src/lcd_17xx_40xx.d" -MT"src/lcd_17xx_40xx.o" -MT"src/lcd_17xx_40xx.d" -o "src/lcd_17xx_40xx.o" "../src/lcd_17xx_40xx.c"
Finished building: ../src/lcd_17xx_40xx.c
 
Building file: ../src/pmu_17xx_40xx.c
Invoking: MCU C Compiler
arm-none-eabi-gcc -D__REDLIB__ -DDEBUG -D__CODE_RED -D__USE_LPCOPEN -DCORE_M3 -I"/home/gokul/Documents/MCUXpresso_11.0.1_2563/workspace/lpc_chip_175x_6x/inc" -O0 -g3 -Wall -c -fmessage-length=0 -fno-builtin -ffunction-sections -fdata-sections -mcpu=cortex-m3 -mthumb -fstack-usage -specs=redlib.specs -MMD -MP -MF"src/pmu_17xx_40xx.d" -MT"src/pmu_17xx_40xx.o" -MT"src/pmu_17xx_40xx.d" -o "src/pmu_17xx_40xx.o" "../src/pmu_17xx_40xx.c"
Finished building: ../src/pmu_17xx_40xx.c
 
Building file: ../src/ring_buffer.c
Invoking: MCU C Compiler
arm-none-eabi-gcc -D__REDLIB__ -DDEBUG -D__CODE_RED -D__USE_LPCOPEN -DCORE_M3 -I"/home/gokul/Documents/MCUXpresso_11.0.1_2563/workspace/lpc_chip_175x_6x/inc" -O0 -g3 -Wall -c -fmessage-length=0 -fno-builtin -ffunction-sections -fdata-sections -mcpu=cortex-m3 -mthumb -fstack-usage -specs=redlib.specs -MMD -MP -MF"src/ring_buffer.d" -MT"src/ring_buffer.o" -MT"src/ring_buffer.d" -o "src/ring_buffer.o" "../src/ring_buffer.c"
Finished building: ../src/ring_buffer.c
 
Building file: ../src/ritimer_17xx_40xx.c
Invoking: MCU C Compiler
arm-none-eabi-gcc -D__REDLIB__ -DDEBUG -D__CODE_RED -D__USE_LPCOPEN -DCORE_M3 -I"/home/gokul/Documents/MCUXpresso_11.0.1_2563/workspace/lpc_chip_175x_6x/inc" -O0 -g3 -Wall -c -fmessage-length=0 -fno-builtin -ffunction-sections -fdata-sections -mcpu=cortex-m3 -mthumb -fstack-usage -specs=redlib.specs -MMD -MP -MF"src/ritimer_17xx_40xx.d" -MT"src/ritimer_17xx_40xx.o" -MT"src/ritimer_17xx_40xx.d" -o "src/ritimer_17xx_40xx.o" "../src/ritimer_17xx_40xx.c"
Finished building: ../src/ritimer_17xx_40xx.c
 
Building file: ../src/rtc_17xx_40xx.c
Invoking: MCU C Compiler
arm-none-eabi-gcc -D__REDLIB__ -DDEBUG -D__CODE_RED -D__USE_LPCOPEN -DCORE_M3 -I"/home/gokul/Documents/MCUXpresso_11.0.1_2563/workspace/lpc_chip_175x_6x/inc" -O0 -g3 -Wall -c -fmessage-length=0 -fno-builtin -ffunction-sections -fdata-sections -mcpu=cortex-m3 -mthumb -fstack-usage -specs=redlib.specs -MMD -MP -MF"src/rtc_17xx_40xx.d" -MT"src/rtc_17xx_40xx.o" -MT"src/rtc_17xx_40xx.d" -o "src/rtc_17xx_40xx.o" "../src/rtc_17xx_40xx.c"
Finished building: ../src/rtc_17xx_40xx.c
 
Building file: ../src/sdc_17xx_40xx.c
Invoking: MCU C Compiler
arm-none-eabi-gcc -D__REDLIB__ -DDEBUG -D__CODE_RED -D__USE_LPCOPEN -DCORE_M3 -I"/home/gokul/Documents/MCUXpresso_11.0.1_2563/workspace/lpc_chip_175x_6x/inc" -O0 -g3 -Wall -c -fmessage-length=0 -fno-builtin -ffunction-sections -fdata-sections -mcpu=cortex-m3 -mthumb -fstack-usage -specs=redlib.specs -MMD -MP -MF"src/sdc_17xx_40xx.d" -MT"src/sdc_17xx_40xx.o" -MT"src/sdc_17xx_40xx.d" -o "src/sdc_17xx_40xx.o" "../src/sdc_17xx_40xx.c"
Finished building: ../src/sdc_17xx_40xx.c
 
Building file: ../src/sdmmc_17xx_40xx.c
Invoking: MCU C Compiler
arm-none-eabi-gcc -D__REDLIB__ -DDEBUG -D__CODE_RED -D__USE_LPCOPEN -DCORE_M3 -I"/home/gokul/Documents/MCUXpresso_11.0.1_2563/workspace/lpc_chip_175x_6x/inc" -O0 -g3 -Wall -c -fmessage-length=0 -fno-builtin -ffunction-sections -fdata-sections -mcpu=cortex-m3 -mthumb -fstack-usage -specs=redlib.specs -MMD -MP -MF"src/sdmmc_17xx_40xx.d" -MT"src/sdmmc_17xx_40xx.o" -MT"src/sdmmc_17xx_40xx.d" -o "src/sdmmc_17xx_40xx.o" "../src/sdmmc_17xx_40xx.c"
Finished building: ../src/sdmmc_17xx_40xx.c
 
Building file: ../src/spi_17xx_40xx.c
Invoking: MCU C Compiler
arm-none-eabi-gcc -D__REDLIB__ -DDEBUG -D__CODE_RED -D__USE_LPCOPEN -DCORE_M3 -I"/home/gokul/Documents/MCUXpresso_11.0.1_2563/workspace/lpc_chip_175x_6x/inc" -O0 -g3 -Wall -c -fmessage-length=0 -fno-builtin -ffunction-sections -fdata-sections -mcpu=cortex-m3 -mthumb -fstack-usage -specs=redlib.specs -MMD -MP -MF"src/spi_17xx_40xx.d" -MT"src/spi_17xx_40xx.o" -MT"src/spi_17xx_40xx.d" -o "src/spi_17xx_40xx.o" "../src/spi_17xx_40xx.c"
../src/spi_17xx_40xx.c: In function 'Chip_SPI_Int_FlushData':
../src/spi_17xx_40xx.c:138:20: warning: variable 'tmp' set but not used [-Wunused-but-set-variable]
  volatile uint32_t tmp;
                    ^~~
Finished building: ../src/spi_17xx_40xx.c
 
Building file: ../src/ssp_17xx_40xx.c
Invoking: MCU C Compiler
arm-none-eabi-gcc -D__REDLIB__ -DDEBUG -D__CODE_RED -D__USE_LPCOPEN -DCORE_M3 -I"/home/gokul/Documents/MCUXpresso_11.0.1_2563/workspace/lpc_chip_175x_6x/inc" -O0 -g3 -Wall -c -fmessage-length=0 -fno-builtin -ffunction-sections -fdata-sections -mcpu=cortex-m3 -mthumb -fstack-usage -specs=redlib.specs -MMD -MP -MF"src/ssp_17xx_40xx.d" -MT"src/ssp_17xx_40xx.o" -MT"src/ssp_17xx_40xx.d" -o "src/ssp_17xx_40xx.o" "../src/ssp_17xx_40xx.c"
Finished building: ../src/ssp_17xx_40xx.c
 
Building file: ../src/stopwatch_17xx_40xx.c
Invoking: MCU C Compiler
arm-none-eabi-gcc -D__REDLIB__ -DDEBUG -D__CODE_RED -D__USE_LPCOPEN -DCORE_M3 -I"/home/gokul/Documents/MCUXpresso_11.0.1_2563/workspace/lpc_chip_175x_6x/inc" -O0 -g3 -Wall -c -fmessage-length=0 -fno-builtin -ffunction-sections -fdata-sections -mcpu=cortex-m3 -mthumb -fstack-usage -specs=redlib.specs -MMD -MP -MF"src/stopwatch_17xx_40xx.d" -MT"src/stopwatch_17xx_40xx.o" -MT"src/stopwatch_17xx_40xx.d" -o "src/stopwatch_17xx_40xx.o" "../src/stopwatch_17xx_40xx.c"
Finished building: ../src/stopwatch_17xx_40xx.c
 
Building file: ../src/sysctl_17xx_40xx.c
Invoking: MCU C Compiler
arm-none-eabi-gcc -D__REDLIB__ -DDEBUG -D__CODE_RED -D__USE_LPCOPEN -DCORE_M3 -I"/home/gokul/Documents/MCUXpresso_11.0.1_2563/workspace/lpc_chip_175x_6x/inc" -O0 -g3 -Wall -c -fmessage-length=0 -fno-builtin -ffunction-sections -fdata-sections -mcpu=cortex-m3 -mthumb -fstack-usage -specs=redlib.specs -MMD -MP -MF"src/sysctl_17xx_40xx.d" -MT"src/sysctl_17xx_40xx.o" -MT"src/sysctl_17xx_40xx.d" -o "src/sysctl_17xx_40xx.o" "../src/sysctl_17xx_40xx.c"
Finished building: ../src/sysctl_17xx_40xx.c
 
Building file: ../src/sysinit_17xx_40xx.c
Invoking: MCU C Compiler
arm-none-eabi-gcc -D__REDLIB__ -DDEBUG -D__CODE_RED -D__USE_LPCOPEN -DCORE_M3 -I"/home/gokul/Documents/MCUXpresso_11.0.1_2563/workspace/lpc_chip_175x_6x/inc" -O0 -g3 -Wall -c -fmessage-length=0 -fno-builtin -ffunction-sections -fdata-sections -mcpu=cortex-m3 -mthumb -fstack-usage -specs=redlib.specs -MMD -MP -MF"src/sysinit_17xx_40xx.d" -MT"src/sysinit_17xx_40xx.o" -MT"src/sysinit_17xx_40xx.d" -o "src/sysinit_17xx_40xx.o" "../src/sysinit_17xx_40xx.c"
Finished building: ../src/sysinit_17xx_40xx.c
 
Building file: ../src/timer_17xx_40xx.c
Invoking: MCU C Compiler
arm-none-eabi-gcc -D__REDLIB__ -DDEBUG -D__CODE_RED -D__USE_LPCOPEN -DCORE_M3 -I"/home/gokul/Documents/MCUXpresso_11.0.1_2563/workspace/lpc_chip_175x_6x/inc" -O0 -g3 -Wall -c -fmessage-length=0 -fno-builtin -ffunction-sections -fdata-sections -mcpu=cortex-m3 -mthumb -fstack-usage -specs=redlib.specs -MMD -MP -MF"src/timer_17xx_40xx.d" -MT"src/timer_17xx_40xx.o" -MT"src/timer_17xx_40xx.d" -o "src/timer_17xx_40xx.o" "../src/timer_17xx_40xx.c"
Finished building: ../src/timer_17xx_40xx.c
 
Building file: ../src/uart_17xx_40xx.c
Invoking: MCU C Compiler
arm-none-eabi-gcc -D__REDLIB__ -DDEBUG -D__CODE_RED -D__USE_LPCOPEN -DCORE_M3 -I"/home/gokul/Documents/MCUXpresso_11.0.1_2563/workspace/lpc_chip_175x_6x/inc" -O0 -g3 -Wall -c -fmessage-length=0 -fno-builtin -ffunction-sections -fdata-sections -mcpu=cortex-m3 -mthumb -fstack-usage -specs=redlib.specs -MMD -MP -MF"src/uart_17xx_40xx.d" -MT"src/uart_17xx_40xx.o" -MT"src/uart_17xx_40xx.d" -o "src/uart_17xx_40xx.o" "../src/uart_17xx_40xx.c"
Finished building: ../src/uart_17xx_40xx.c
 
Building file: ../src/wwdt_17xx_40xx.c
Invoking: MCU C Compiler
arm-none-eabi-gcc -D__REDLIB__ -DDEBUG -D__CODE_RED -D__USE_LPCOPEN -DCORE_M3 -I"/home/gokul/Documents/MCUXpresso_11.0.1_2563/workspace/lpc_chip_175x_6x/inc" -O0 -g3 -Wall -c -fmessage-length=0 -fno-builtin -ffunction-sections -fdata-sections -mcpu=cortex-m3 -mthumb -fstack-usage -specs=redlib.specs -MMD -MP -MF"src/wwdt_17xx_40xx.d" -MT"src/wwdt_17xx_40xx.o" -MT"src/wwdt_17xx_40xx.d" -o "src/wwdt_17xx_40xx.o" "../src/wwdt_17xx_40xx.c"
Finished building: ../src/wwdt_17xx_40xx.c
 
Building target: liblpc_chip_175x_6x.a
Invoking: MCU Archiver
arm-none-eabi-ar -r  "liblpc_chip_175x_6x.a"  ./src/adc_17xx_40xx.o ./src/can_17xx_40xx.o ./src/chip_17xx_40xx.o ./src/clock_17xx_40xx.o ./src/cmp_17xx_40xx.o ./src/crc_17xx_40xx.o ./src/dac_17xx_40xx.o ./src/eeprom_17xx_40xx.o ./src/emc_17xx_40xx.o ./src/enet_17xx_40xx.o ./src/gpdma_17xx_40xx.o ./src/gpio_17xx_40xx.o ./src/gpioint_17xx_40xx.o ./src/i2c_17xx_40xx.o ./src/i2s_17xx_40xx.o ./src/iap.o ./src/iocon_17xx_40xx.o ./src/lcd_17xx_40xx.o ./src/pmu_17xx_40xx.o ./src/ring_buffer.o ./src/ritimer_17xx_40xx.o ./src/rtc_17xx_40xx.o ./src/sdc_17xx_40xx.o ./src/sdmmc_17xx_40xx.o ./src/spi_17xx_40xx.o ./src/ssp_17xx_40xx.o ./src/stopwatch_17xx_40xx.o ./src/sysctl_17xx_40xx.o ./src/sysinit_17xx_40xx.o ./src/timer_17xx_40xx.o ./src/uart_17xx_40xx.o ./src/wwdt_17xx_40xx.o   
arm-none-eabi-ar: creating liblpc_chip_175x_6x.a
Finished building target: liblpc_chip_175x_6x.a
 
make --no-print-directory post-build
Performing post-build steps
arm-none-eabi-size "liblpc_chip_175x_6x.a" ; # arm-none-eabi-objdump -h -S "liblpc_chip_175x_6x.a" >"liblpc_chip_175x_6x.lss"
   text	   data	    bss	    dec	    hex	filename
    932	      0	      0	    932	    3a4	adc_17xx_40xx.o (ex liblpc_chip_175x_6x.a)
   8628	      0	      0	   8628	   21b4	can_17xx_40xx.o (ex liblpc_chip_175x_6x.a)
    172	      0	      0	    172	     ac	chip_17xx_40xx.o (ex liblpc_chip_175x_6x.a)
   1596	      0	      0	   1596	    63c	clock_17xx_40xx.o (ex liblpc_chip_175x_6x.a)
      0	      0	      0	      0	      0	cmp_17xx_40xx.o (ex liblpc_chip_175x_6x.a)
      0	      0	      0	      0	      0	crc_17xx_40xx.o (ex liblpc_chip_175x_6x.a)
    140	      0	      0	    140	     8c	dac_17xx_40xx.o (ex liblpc_chip_175x_6x.a)
      0	      0	      0	      0	      0	eeprom_17xx_40xx.o (ex liblpc_chip_175x_6x.a)
      0	      0	      0	      0	      0	emc_17xx_40xx.o (ex liblpc_chip_175x_6x.a)
   1089	      0	      4	   1093	    445	enet_17xx_40xx.o (ex liblpc_chip_175x_6x.a)
   2244	     96	      8	   2348	    92c	gpdma_17xx_40xx.o (ex liblpc_chip_175x_6x.a)
      0	      0	      0	      0	      0	gpio_17xx_40xx.o (ex liblpc_chip_175x_6x.a)
      0	      0	      0	      0	      0	gpioint_17xx_40xx.o (ex liblpc_chip_175x_6x.a)
   3601	     84	    120	   3805	    edd	i2c_17xx_40xx.o (ex liblpc_chip_175x_6x.a)
   1462	      0	      0	   1462	    5b6	i2s_17xx_40xx.o (ex liblpc_chip_175x_6x.a)
    552	      0	      0	    552	    228	iap.o (ex liblpc_chip_175x_6x.a)
    300	      0	      0	    300	    12c	iocon_17xx_40xx.o (ex liblpc_chip_175x_6x.a)
      0	      0	      0	      0	      0	lcd_17xx_40xx.o (ex liblpc_chip_175x_6x.a)
    264	      0	      0	    264	    108	pmu_17xx_40xx.o (ex liblpc_chip_175x_6x.a)
    962	      0	      0	    962	    3c2	ring_buffer.o (ex liblpc_chip_175x_6x.a)
    238	      0	      0	    238	     ee	ritimer_17xx_40xx.o (ex liblpc_chip_175x_6x.a)
    738	      0	      0	    738	    2e2	rtc_17xx_40xx.o (ex liblpc_chip_175x_6x.a)
      0	      0	      0	      0	      0	sdc_17xx_40xx.o (ex liblpc_chip_175x_6x.a)
      0	      0	      0	      0	      0	sdmmc_17xx_40xx.o (ex liblpc_chip_175x_6x.a)
   1036	      0	      0	   1036	    40c	spi_17xx_40xx.o (ex liblpc_chip_175x_6x.a)
   2270	      0	      0	   2270	    8de	ssp_17xx_40xx.o (ex liblpc_chip_175x_6x.a)
    362	      0	     12	    374	    176	stopwatch_17xx_40xx.o (ex liblpc_chip_175x_6x.a)
     44	      0	      0	     44	     2c	sysctl_17xx_40xx.o (ex liblpc_chip_175x_6x.a)
    470	      0	      0	    470	    1d6	sysinit_17xx_40xx.o (ex liblpc_chip_175x_6x.a)
    310	      0	      0	    310	    136	timer_17xx_40xx.o (ex liblpc_chip_175x_6x.a)
   2274	      0	      1	   2275	    8e3	uart_17xx_40xx.o (ex liblpc_chip_175x_6x.a)
     94	      0	      0	     94	     5e	wwdt_17xx_40xx.o (ex liblpc_chip_175x_6x.a)
 
15:00:30 **** Build of configuration Debug for project firstproject ****
make -r -j4 all 
Building file: ../source/cr_cpp_config.cpp
Building file: ../source/cr_startup_lpc175x_6x.cpp
Building file: ../source/crp.c
Invoking: MCU C++ Compiler
Invoking: MCU C Compiler
arm-none-eabi-c++ -DDEBUG -D__CODE_RED -D__NEWLIB__ -DCORE_M3 -D__USE_LPCOPEN -DCPP_USE_HEAP -D__LPC17XX__ -I"/home/gokul/Documents/mcu projects/inc" -I"/home/gokul/Documents/MCUXpresso_11.0.1_2563/workspace/lpc_board_nxp_lpcxpresso_1769/inc" -I"/home/gokul/Documents/MCUXpresso_11.0.1_2563/workspace/lpc_chip_175x_6x/inc" -O0 -fno-common -g3 -Wall -c -fmessage-length=0 -fno-builtin -ffunction-sections -fdata-sections -fno-rtti -fno-exceptions -mcpu=cortex-m3 -mthumb -fstack-usage -MMD -MP -MF"source/cr_startup_lpc175x_6x.d" -MT"source/cr_startup_lpc175x_6x.o" -MT"source/cr_startup_lpc175x_6x.d" -o "source/cr_startup_lpc175x_6x.o" "../source/cr_startup_lpc175x_6x.cpp"
arm-none-eabi-gcc -DDEBUG -D__CODE_RED -D__NEWLIB__ -DCORE_M3 -D__USE_LPCOPEN -DCPP_USE_HEAP -D__LPC17XX__ -I"/home/gokul/Documents/mcu projects/inc" -I"/home/gokul/Documents/MCUXpresso_11.0.1_2563/workspace/lpc_board_nxp_lpcxpresso_1769/inc" -I"/home/gokul/Documents/MCUXpresso_11.0.1_2563/workspace/lpc_chip_175x_6x/inc" -O0 -fno-common -g3 -Wall -c -fmessage-length=0 -fno-builtin -ffunction-sections -fdata-sections -mcpu=cortex-m3 -mthumb -fstack-usage -MMD -MP -MF"source/crp.d" -MT"source/crp.o" -MT"source/crp.d" -o "source/crp.o" "../source/crp.c"
Building file: ../source/firstproject.cpp
Invoking: MCU C++ Compiler
arm-none-eabi-c++ -DDEBUG -D__CODE_RED -D__NEWLIB__ -DCORE_M3 -D__USE_LPCOPEN -DCPP_USE_HEAP -D__LPC17XX__ -I"/home/gokul/Documents/mcu projects/inc" -I"/home/gokul/Documents/MCUXpresso_11.0.1_2563/workspace/lpc_board_nxp_lpcxpresso_1769/inc" -I"/home/gokul/Documents/MCUXpresso_11.0.1_2563/workspace/lpc_chip_175x_6x/inc" -O0 -fno-common -g3 -Wall -c -fmessage-length=0 -fno-builtin -ffunction-sections -fdata-sections -fno-rtti -fno-exceptions -mcpu=cortex-m3 -mthumb -fstack-usage -MMD -MP -MF"source/firstproject.d" -MT"source/firstproject.o" -MT"source/firstproject.d" -o "source/firstproject.o" "../source/firstproject.cpp"
Invoking: MCU C++ Compiler
arm-none-eabi-c++ -DDEBUG -D__CODE_RED -D__NEWLIB__ -DCORE_M3 -D__USE_LPCOPEN -DCPP_USE_HEAP -D__LPC17XX__ -I"/home/gokul/Documents/mcu projects/inc" -I"/home/gokul/Documents/MCUXpresso_11.0.1_2563/workspace/lpc_board_nxp_lpcxpresso_1769/inc" -I"/home/gokul/Documents/MCUXpresso_11.0.1_2563/workspace/lpc_chip_175x_6x/inc" -O0 -fno-common -g3 -Wall -c -fmessage-length=0 -fno-builtin -ffunction-sections -fdata-sections -fno-rtti -fno-exceptions -mcpu=cortex-m3 -mthumb -fstack-usage -MMD -MP -MF"source/cr_cpp_config.d" -MT"source/cr_cpp_config.o" -MT"source/cr_cpp_config.d" -o "source/cr_cpp_config.o" "../source/cr_cpp_config.cpp"
Finished building: ../source/crp.c
 
Building file: ../source/sysinit.c
Invoking: MCU C Compiler
arm-none-eabi-gcc -DDEBUG -D__CODE_RED -D__NEWLIB__ -DCORE_M3 -D__USE_LPCOPEN -DCPP_USE_HEAP -D__LPC17XX__ -I"/home/gokul/Documents/mcu projects/inc" -I"/home/gokul/Documents/MCUXpresso_11.0.1_2563/workspace/lpc_board_nxp_lpcxpresso_1769/inc" -I"/home/gokul/Documents/MCUXpresso_11.0.1_2563/workspace/lpc_chip_175x_6x/inc" -O0 -fno-common -g3 -Wall -c -fmessage-length=0 -fno-builtin -ffunction-sections -fdata-sections -mcpu=cortex-m3 -mthumb -fstack-usage -MMD -MP -MF"source/sysinit.d" -MT"source/sysinit.o" -MT"source/sysinit.d" -o "source/sysinit.o" "../source/sysinit.c"
Finished building: ../source/sysinit.c
 
Finished building: ../source/firstproject.cpp
 
Finished building: ../source/cr_startup_lpc175x_6x.cpp
Finished building: ../source/cr_cpp_config.cpp
 
 
Building target: firstproject.axf
Invoking: MCU C++ Linker
arm-none-eabi-c++ -nostdlib -L"/home/gokul/Documents/MCUXpresso_11.0.1_2563/workspace/lpc_board_nxp_lpcxpresso_1769/Debug" -L"/home/gokul/Documents/MCUXpresso_11.0.1_2563/workspace/lpc_chip_175x_6x/Debug" -Xlinker -Map="firstproject.map" -Xlinker --cref -Xlinker --gc-sections -Xlinker -print-memory-usage -mcpu=cortex-m3 -mthumb -T "firstproject_Debug.ld" -o "firstproject.axf"  ./source/cr_cpp_config.o ./source/cr_startup_lpc175x_6x.o ./source/crp.o ./source/firstproject.o ./source/sysinit.o   -llpc_board_nxp_lpcxpresso_1769 -llpc_chip_175x_6x
Memory region         Used Size  Region Size  %age Used
       MFlash512:        4080 B       512 KB      0.78%
        RamLoc32:          36 B        32 KB      0.11%
        RamAHB32:          0 GB        32 KB      0.00%
Finished building target: firstproject.axf
 
make --no-print-directory post-build
Performing post-build steps
arm-none-eabi-size "firstproject.axf"; # arm-none-eabi-objcopy -v -O binary "firstproject.axf" "firstproject.bin" ; # checksum -p LPC1769 -d "firstproject.bin";
   text	   data	    bss	    dec	    hex	filename
   4080	      0	     36	   4116	   1014	firstproject.axf
 
15:40:25 **** Incremental Build of configuration Debug for project lpc_board_nxp_lpcxpresso_1769 ****
make -r all 
make: Nothing to be done for 'all'.
15:40:25 **** Incremental Build of configuration Debug for project lpc_chip_175x_6x ****
make -r all 
make: Nothing to be done for 'all'.
15:40:27 **** Incremental Build of configuration Debug for project firstproject ****
make -r -j4 all 
Building file: ../source/firstproject.cpp
Invoking: MCU C++ Compiler
arm-none-eabi-c++ -DDEBUG -D__CODE_RED -D__NEWLIB__ -DCORE_M3 -D__USE_LPCOPEN -DCPP_USE_HEAP -D__LPC17XX__ -I"/home/gokul/Documents/mcu projects/inc" -I"/home/gokul/Documents/MCUXpresso_11.0.1_2563/workspace/lpc_board_nxp_lpcxpresso_1769/inc" -I"/home/gokul/Documents/MCUXpresso_11.0.1_2563/workspace/lpc_chip_175x_6x/inc" -O0 -fno-common -g3 -Wall -c -fmessage-length=0 -fno-builtin -ffunction-sections -fdata-sections -fno-rtti -fno-exceptions -mcpu=cortex-m3 -mthumb -fstack-usage -MMD -MP -MF"source/firstproject.d" -MT"source/firstproject.o" -MT"source/firstproject.d" -o "source/firstproject.o" "../source/firstproject.cpp"
Finished building: ../source/firstproject.cpp
 
Building target: firstproject.axf
Invoking: MCU C++ Linker
arm-none-eabi-c++ -nostdlib -L"/home/gokul/Documents/MCUXpresso_11.0.1_2563/workspace/lpc_board_nxp_lpcxpresso_1769/Debug" -L"/home/gokul/Documents/MCUXpresso_11.0.1_2563/workspace/lpc_chip_175x_6x/Debug" -Xlinker -Map="firstproject.map" -Xlinker --cref -Xlinker --gc-sections -Xlinker -print-memory-usage -mcpu=cortex-m3 -mthumb -T "firstproject_Debug.ld" -o "firstproject.axf"  ./source/cr_cpp_config.o ./source/cr_startup_lpc175x_6x.o ./source/crp.o ./source/firstproject.o ./source/sysinit.o   -llpc_board_nxp_lpcxpresso_1769 -llpc_chip_175x_6x
Memory region         Used Size  Region Size  %age Used
       MFlash512:        4080 B       512 KB      0.78%
        RamLoc32:          36 B        32 KB      0.11%
        RamAHB32:          0 GB        32 KB      0.00%
Finished building target: firstproject.axf
 
make --no-print-directory post-build
Performing post-build steps
arm-none-eabi-size "firstproject.axf"; # arm-none-eabi-objcopy -v -O binary "firstproject.axf" "firstproject.bin" ; # checksum -p LPC1769 -d "firstproject.bin";
   text	   data	    bss	    dec	    hex	filename
   4080	      0	     36	   4116	   1014	firstproject.axf
 
16:27:57 **** Incremental Build of configuration Debug for project lpc_board_nxp_lpcxpresso_1769 ****
make -r all 
Building file: ../src/board.c
Invoking: MCU C Compiler
arm-none-eabi-gcc -D__REDLIB__ -DDEBUG -D__CODE_RED -D__USE_LPCOPEN -DCORE_M3 -I"/home/gokul/Documents/MCUXpresso_11.0.1_2563/workspace/lpc_chip_175x_6x/inc" -I"/home/gokul/Documents/MCUXpresso_11.0.1_2563/workspace/lpc_board_nxp_lpcxpresso_1769/inc" -O0 -g3 -Wall -c -fmessage-length=0 -fno-builtin -ffunction-sections -fdata-sections -mcpu=cortex-m3 -mthumb -fstack-usage -specs=redlib.specs -MMD -MP -MF"src/board.d" -MT"src/board.o" -MT"src/board.d" -o "src/board.o" "../src/board.c"
../src/board.c:55: warning: "LED1_GPIO_BIT_NUM" redefined
 #define LED1_GPIO_BIT_NUM                       25
 
../src/board.c:54: note: this is the location of the previous definition
 #define LED1_GPIO_BIT_NUM                       3
 
../src/board.c:57: warning: "LED2_GPIO_BIT_NUM" redefined
 #define LED2_GPIO_BIT_NUM                       26
 
../src/board.c:56: note: this is the location of the previous definition
 #define LED2_GPIO_BIT_NUM                       3
 
../src/board.c: In function 'Board_LED_Set':
../src/board.c:141:37: error: 'LED1_GPIO_PORT_NUM' undeclared (first use in this function); did you mean 'LED0_GPIO_PORT_NUM'?
    Chip_GPIO_WritePortBit(LPC_GPIO, LED1_GPIO_PORT_NUM, LED1_GPIO_BIT_NUM, On);
                                     ^~~~~~~~~~~~~~~~~~
                                     LED0_GPIO_PORT_NUM
../src/board.c:141:37: note: each undeclared identifier is reported only once for each function it appears in
../src/board.c:144:37: error: 'LED2_GPIO_PORT_NUM' undeclared (first use in this function); did you mean 'LED0_GPIO_PORT_NUM'?
    Chip_GPIO_WritePortBit(LPC_GPIO, LED2_GPIO_PORT_NUM, LED2_GPIO_BIT_NUM, On);
                                     ^~~~~~~~~~~~~~~~~~
                                     LED0_GPIO_PORT_NUM
../src/board.c: In function 'Board_LED_Test':
../src/board.c:158:43: error: 'LED1_GPIO_PORT_NUM' undeclared (first use in this function); did you mean 'LED0_GPIO_PORT_NUM'?
   state = Chip_GPIO_ReadPortBit(LPC_GPIO, LED1_GPIO_PORT_NUM, LED1_GPIO_BIT_NUM);
                                           ^~~~~~~~~~~~~~~~~~
                                           LED0_GPIO_PORT_NUM
../src/board.c:161:43: error: 'LED2_GPIO_PORT_NUM' undeclared (first use in this function); did you mean 'LED0_GPIO_PORT_NUM'?
   state = Chip_GPIO_ReadPortBit(LPC_GPIO, LED2_GPIO_PORT_NUM, LED2_GPIO_BIT_NUM);
                                           ^~~~~~~~~~~~~~~~~~
                                           LED0_GPIO_PORT_NUM
../src/board.c: In function 'Board_I2C_Init':
../src/board.c:287:2: warning: enumeration value 'I2C_NUM_INTERFACE' not handled in switch [-Wswitch]
  switch (id) {
  ^~~~~~
src/subdir.mk:24: recipe for target 'src/board.o' failed
make: *** [src/board.o] Error 1
"make -r all" terminated with exit code 2. Build might be incomplete.
16:27:59 **** Incremental Build of configuration Debug for project lpc_chip_175x_6x ****
make -r all 
Building file: ../src/adc_17xx_40xx.c
Invoking: MCU C Compiler
arm-none-eabi-gcc -D__REDLIB__ -DDEBUG -D__CODE_RED -D__USE_LPCOPEN -DCORE_M3 -I"/home/gokul/Documents/MCUXpresso_11.0.1_2563/workspace/lpc_chip_175x_6x/inc" -O0 -g3 -Wall -c -fmessage-length=0 -fno-builtin -ffunction-sections -fdata-sections -mcpu=cortex-m3 -mthumb -fstack-usage -specs=redlib.specs -MMD -MP -MF"src/adc_17xx_40xx.d" -MT"src/adc_17xx_40xx.o" -MT"src/adc_17xx_40xx.d" -o "src/adc_17xx_40xx.o" "../src/adc_17xx_40xx.c"
Finished building: ../src/adc_17xx_40xx.c
 
Building file: ../src/can_17xx_40xx.c
Invoking: MCU C Compiler
arm-none-eabi-gcc -D__REDLIB__ -DDEBUG -D__CODE_RED -D__USE_LPCOPEN -DCORE_M3 -I"/home/gokul/Documents/MCUXpresso_11.0.1_2563/workspace/lpc_chip_175x_6x/inc" -O0 -g3 -Wall -c -fmessage-length=0 -fno-builtin -ffunction-sections -fdata-sections -mcpu=cortex-m3 -mthumb -fstack-usage -specs=redlib.specs -MMD -MP -MF"src/can_17xx_40xx.d" -MT"src/can_17xx_40xx.o" -MT"src/can_17xx_40xx.d" -o "src/can_17xx_40xx.o" "../src/can_17xx_40xx.c"
../src/can_17xx_40xx.c: In function 'Chip_CAN_Init':
../src/can_17xx_40xx.c:751:20: warning: variable 'i' set but not used [-Wunused-but-set-variable]
  volatile uint32_t i;
                    ^
Finished building: ../src/can_17xx_40xx.c
 
Building file: ../src/chip_17xx_40xx.c
Invoking: MCU C Compiler
arm-none-eabi-gcc -D__REDLIB__ -DDEBUG -D__CODE_RED -D__USE_LPCOPEN -DCORE_M3 -I"/home/gokul/Documents/MCUXpresso_11.0.1_2563/workspace/lpc_chip_175x_6x/inc" -O0 -g3 -Wall -c -fmessage-length=0 -fno-builtin -ffunction-sections -fdata-sections -mcpu=cortex-m3 -mthumb -fstack-usage -specs=redlib.specs -MMD -MP -MF"src/chip_17xx_40xx.d" -MT"src/chip_17xx_40xx.o" -MT"src/chip_17xx_40xx.d" -o "src/chip_17xx_40xx.o" "../src/chip_17xx_40xx.c"
Finished building: ../src/chip_17xx_40xx.c
 
Building file: ../src/clock_17xx_40xx.c
Invoking: MCU C Compiler
arm-none-eabi-gcc -D__REDLIB__ -DDEBUG -D__CODE_RED -D__USE_LPCOPEN -DCORE_M3 -I"/home/gokul/Documents/MCUXpresso_11.0.1_2563/workspace/lpc_chip_175x_6x/inc" -O0 -g3 -Wall -c -fmessage-length=0 -fno-builtin -ffunction-sections -fdata-sections -mcpu=cortex-m3 -mthumb -fstack-usage -specs=redlib.specs -MMD -MP -MF"src/clock_17xx_40xx.d" -MT"src/clock_17xx_40xx.o" -MT"src/clock_17xx_40xx.d" -o "src/clock_17xx_40xx.o" "../src/clock_17xx_40xx.c"
../src/clock_17xx_40xx.c: In function 'Chip_Clock_GetSYSCLKRate':
../src/clock_17xx_40xx.c:320:2: warning: enumeration value 'SYSCTL_PLLCLKSRC_RESERVED2' not handled in switch [-Wswitch]
  switch (Chip_Clock_GetMainPLLSource()) {
  ^~~~~~
Finished building: ../src/clock_17xx_40xx.c
 
Building file: ../src/cmp_17xx_40xx.c
Invoking: MCU C Compiler
arm-none-eabi-gcc -D__REDLIB__ -DDEBUG -D__CODE_RED -D__USE_LPCOPEN -DCORE_M3 -I"/home/gokul/Documents/MCUXpresso_11.0.1_2563/workspace/lpc_chip_175x_6x/inc" -O0 -g3 -Wall -c -fmessage-length=0 -fno-builtin -ffunction-sections -fdata-sections -mcpu=cortex-m3 -mthumb -fstack-usage -specs=redlib.specs -MMD -MP -MF"src/cmp_17xx_40xx.d" -MT"src/cmp_17xx_40xx.o" -MT"src/cmp_17xx_40xx.d" -o "src/cmp_17xx_40xx.o" "../src/cmp_17xx_40xx.c"
Finished building: ../src/cmp_17xx_40xx.c
 
Building file: ../src/crc_17xx_40xx.c
Invoking: MCU C Compiler
arm-none-eabi-gcc -D__REDLIB__ -DDEBUG -D__CODE_RED -D__USE_LPCOPEN -DCORE_M3 -I"/home/gokul/Documents/MCUXpresso_11.0.1_2563/workspace/lpc_chip_175x_6x/inc" -O0 -g3 -Wall -c -fmessage-length=0 -fno-builtin -ffunction-sections -fdata-sections -mcpu=cortex-m3 -mthumb -fstack-usage -specs=redlib.specs -MMD -MP -MF"src/crc_17xx_40xx.d" -MT"src/crc_17xx_40xx.o" -MT"src/crc_17xx_40xx.d" -o "src/crc_17xx_40xx.o" "../src/crc_17xx_40xx.c"
Finished building: ../src/crc_17xx_40xx.c
 
Building file: ../src/dac_17xx_40xx.c
Invoking: MCU C Compiler
arm-none-eabi-gcc -D__REDLIB__ -DDEBUG -D__CODE_RED -D__USE_LPCOPEN -DCORE_M3 -I"/home/gokul/Documents/MCUXpresso_11.0.1_2563/workspace/lpc_chip_175x_6x/inc" -O0 -g3 -Wall -c -fmessage-length=0 -fno-builtin -ffunction-sections -fdata-sections -mcpu=cortex-m3 -mthumb -fstack-usage -specs=redlib.specs -MMD -MP -MF"src/dac_17xx_40xx.d" -MT"src/dac_17xx_40xx.o" -MT"src/dac_17xx_40xx.d" -o "src/dac_17xx_40xx.o" "../src/dac_17xx_40xx.c"
Finished building: ../src/dac_17xx_40xx.c
 
Building file: ../src/eeprom_17xx_40xx.c
Invoking: MCU C Compiler
arm-none-eabi-gcc -D__REDLIB__ -DDEBUG -D__CODE_RED -D__USE_LPCOPEN -DCORE_M3 -I"/home/gokul/Documents/MCUXpresso_11.0.1_2563/workspace/lpc_chip_175x_6x/inc" -O0 -g3 -Wall -c -fmessage-length=0 -fno-builtin -ffunction-sections -fdata-sections -mcpu=cortex-m3 -mthumb -fstack-usage -specs=redlib.specs -MMD -MP -MF"src/eeprom_17xx_40xx.d" -MT"src/eeprom_17xx_40xx.o" -MT"src/eeprom_17xx_40xx.d" -o "src/eeprom_17xx_40xx.o" "../src/eeprom_17xx_40xx.c"
Finished building: ../src/eeprom_17xx_40xx.c
 
Building file: ../src/emc_17xx_40xx.c
Invoking: MCU C Compiler
arm-none-eabi-gcc -D__REDLIB__ -DDEBUG -D__CODE_RED -D__USE_LPCOPEN -DCORE_M3 -I"/home/gokul/Documents/MCUXpresso_11.0.1_2563/workspace/lpc_chip_175x_6x/inc" -O0 -g3 -Wall -c -fmessage-length=0 -fno-builtin -ffunction-sections -fdata-sections -mcpu=cortex-m3 -mthumb -fstack-usage -specs=redlib.specs -MMD -MP -MF"src/emc_17xx_40xx.d" -MT"src/emc_17xx_40xx.o" -MT"src/emc_17xx_40xx.d" -o "src/emc_17xx_40xx.o" "../src/emc_17xx_40xx.c"
Finished building: ../src/emc_17xx_40xx.c
 
Building file: ../src/enet_17xx_40xx.c
Invoking: MCU C Compiler
arm-none-eabi-gcc -D__REDLIB__ -DDEBUG -D__CODE_RED -D__USE_LPCOPEN -DCORE_M3 -I"/home/gokul/Documents/MCUXpresso_11.0.1_2563/workspace/lpc_chip_175x_6x/inc" -O0 -g3 -Wall -c -fmessage-length=0 -fno-builtin -ffunction-sections -fdata-sections -mcpu=cortex-m3 -mthumb -fstack-usage -specs=redlib.specs -MMD -MP -MF"src/enet_17xx_40xx.d" -MT"src/enet_17xx_40xx.o" -MT"src/enet_17xx_40xx.d" -o "src/enet_17xx_40xx.o" "../src/enet_17xx_40xx.c"
Finished building: ../src/enet_17xx_40xx.c
 
Building file: ../src/gpdma_17xx_40xx.c
Invoking: MCU C Compiler
arm-none-eabi-gcc -D__REDLIB__ -DDEBUG -D__CODE_RED -D__USE_LPCOPEN -DCORE_M3 -I"/home/gokul/Documents/MCUXpresso_11.0.1_2563/workspace/lpc_chip_175x_6x/inc" -O0 -g3 -Wall -c -fmessage-length=0 -fno-builtin -ffunction-sections -fdata-sections -mcpu=cortex-m3 -mthumb -fstack-usage -specs=redlib.specs -MMD -MP -MF"src/gpdma_17xx_40xx.d" -MT"src/gpdma_17xx_40xx.o" -MT"src/gpdma_17xx_40xx.d" -o "src/gpdma_17xx_40xx.o" "../src/gpdma_17xx_40xx.c"
Finished building: ../src/gpdma_17xx_40xx.c
 
Building file: ../src/gpio_17xx_40xx.c
Invoking: MCU C Compiler
arm-none-eabi-gcc -D__REDLIB__ -DDEBUG -D__CODE_RED -D__USE_LPCOPEN -DCORE_M3 -I"/home/gokul/Documents/MCUXpresso_11.0.1_2563/workspace/lpc_chip_175x_6x/inc" -O0 -g3 -Wall -c -fmessage-length=0 -fno-builtin -ffunction-sections -fdata-sections -mcpu=cortex-m3 -mthumb -fstack-usage -specs=redlib.specs -MMD -MP -MF"src/gpio_17xx_40xx.d" -MT"src/gpio_17xx_40xx.o" -MT"src/gpio_17xx_40xx.d" -o "src/gpio_17xx_40xx.o" "../src/gpio_17xx_40xx.c"
Finished building: ../src/gpio_17xx_40xx.c
 
Building file: ../src/gpioint_17xx_40xx.c
Invoking: MCU C Compiler
arm-none-eabi-gcc -D__REDLIB__ -DDEBUG -D__CODE_RED -D__USE_LPCOPEN -DCORE_M3 -I"/home/gokul/Documents/MCUXpresso_11.0.1_2563/workspace/lpc_chip_175x_6x/inc" -O0 -g3 -Wall -c -fmessage-length=0 -fno-builtin -ffunction-sections -fdata-sections -mcpu=cortex-m3 -mthumb -fstack-usage -specs=redlib.specs -MMD -MP -MF"src/gpioint_17xx_40xx.d" -MT"src/gpioint_17xx_40xx.o" -MT"src/gpioint_17xx_40xx.d" -o "src/gpioint_17xx_40xx.o" "../src/gpioint_17xx_40xx.c"
Finished building: ../src/gpioint_17xx_40xx.c
 
Building file: ../src/i2c_17xx_40xx.c
Invoking: MCU C Compiler
arm-none-eabi-gcc -D__REDLIB__ -DDEBUG -D__CODE_RED -D__USE_LPCOPEN -DCORE_M3 -I"/home/gokul/Documents/MCUXpresso_11.0.1_2563/workspace/lpc_chip_175x_6x/inc" -O0 -g3 -Wall -c -fmessage-length=0 -fno-builtin -ffunction-sections -fdata-sections -mcpu=cortex-m3 -mthumb -fstack-usage -specs=redlib.specs -MMD -MP -MF"src/i2c_17xx_40xx.d" -MT"src/i2c_17xx_40xx.o" -MT"src/i2c_17xx_40xx.d" -o "src/i2c_17xx_40xx.o" "../src/i2c_17xx_40xx.c"
Finished building: ../src/i2c_17xx_40xx.c
 
Building file: ../src/i2s_17xx_40xx.c
Invoking: MCU C Compiler
arm-none-eabi-gcc -D__REDLIB__ -DDEBUG -D__CODE_RED -D__USE_LPCOPEN -DCORE_M3 -I"/home/gokul/Documents/MCUXpresso_11.0.1_2563/workspace/lpc_chip_175x_6x/inc" -O0 -g3 -Wall -c -fmessage-length=0 -fno-builtin -ffunction-sections -fdata-sections -mcpu=cortex-m3 -mthumb -fstack-usage -specs=redlib.specs -MMD -MP -MF"src/i2s_17xx_40xx.d" -MT"src/i2s_17xx_40xx.o" -MT"src/i2s_17xx_40xx.d" -o "src/i2s_17xx_40xx.o" "../src/i2s_17xx_40xx.c"
Finished building: ../src/i2s_17xx_40xx.c
 
Building file: ../src/iap.c
Invoking: MCU C Compiler
arm-none-eabi-gcc -D__REDLIB__ -DDEBUG -D__CODE_RED -D__USE_LPCOPEN -DCORE_M3 -I"/home/gokul/Documents/MCUXpresso_11.0.1_2563/workspace/lpc_chip_175x_6x/inc" -O0 -g3 -Wall -c -fmessage-length=0 -fno-builtin -ffunction-sections -fdata-sections -mcpu=cortex-m3 -mthumb -fstack-usage -specs=redlib.specs -MMD -MP -MF"src/iap.d" -MT"src/iap.o" -MT"src/iap.d" -o "src/iap.o" "../src/iap.c"
Finished building: ../src/iap.c
 
Building file: ../src/iocon_17xx_40xx.c
Invoking: MCU C Compiler
arm-none-eabi-gcc -D__REDLIB__ -DDEBUG -D__CODE_RED -D__USE_LPCOPEN -DCORE_M3 -I"/home/gokul/Documents/MCUXpresso_11.0.1_2563/workspace/lpc_chip_175x_6x/inc" -O0 -g3 -Wall -c -fmessage-length=0 -fno-builtin -ffunction-sections -fdata-sections -mcpu=cortex-m3 -mthumb -fstack-usage -specs=redlib.specs -MMD -MP -MF"src/iocon_17xx_40xx.d" -MT"src/iocon_17xx_40xx.o" -MT"src/iocon_17xx_40xx.d" -o "src/iocon_17xx_40xx.o" "../src/iocon_17xx_40xx.c"
Finished building: ../src/iocon_17xx_40xx.c
 
Building file: ../src/lcd_17xx_40xx.c
Invoking: MCU C Compiler
arm-none-eabi-gcc -D__REDLIB__ -DDEBUG -D__CODE_RED -D__USE_LPCOPEN -DCORE_M3 -I"/home/gokul/Documents/MCUXpresso_11.0.1_2563/workspace/lpc_chip_175x_6x/inc" -O0 -g3 -Wall -c -fmessage-length=0 -fno-builtin -ffunction-sections -fdata-sections -mcpu=cortex-m3 -mthumb -fstack-usage -specs=redlib.specs -MMD -MP -MF"src/lcd_17xx_40xx.d" -MT"src/lcd_17xx_40xx.o" -MT"src/lcd_17xx_40xx.d" -o "src/lcd_17xx_40xx.o" "../src/lcd_17xx_40xx.c"
Finished building: ../src/lcd_17xx_40xx.c
 
Building file: ../src/pmu_17xx_40xx.c
Invoking: MCU C Compiler
arm-none-eabi-gcc -D__REDLIB__ -DDEBUG -D__CODE_RED -D__USE_LPCOPEN -DCORE_M3 -I"/home/gokul/Documents/MCUXpresso_11.0.1_2563/workspace/lpc_chip_175x_6x/inc" -O0 -g3 -Wall -c -fmessage-length=0 -fno-builtin -ffunction-sections -fdata-sections -mcpu=cortex-m3 -mthumb -fstack-usage -specs=redlib.specs -MMD -MP -MF"src/pmu_17xx_40xx.d" -MT"src/pmu_17xx_40xx.o" -MT"src/pmu_17xx_40xx.d" -o "src/pmu_17xx_40xx.o" "../src/pmu_17xx_40xx.c"
Finished building: ../src/pmu_17xx_40xx.c
 
Building file: ../src/ring_buffer.c
Invoking: MCU C Compiler
arm-none-eabi-gcc -D__REDLIB__ -DDEBUG -D__CODE_RED -D__USE_LPCOPEN -DCORE_M3 -I"/home/gokul/Documents/MCUXpresso_11.0.1_2563/workspace/lpc_chip_175x_6x/inc" -O0 -g3 -Wall -c -fmessage-length=0 -fno-builtin -ffunction-sections -fdata-sections -mcpu=cortex-m3 -mthumb -fstack-usage -specs=redlib.specs -MMD -MP -MF"src/ring_buffer.d" -MT"src/ring_buffer.o" -MT"src/ring_buffer.d" -o "src/ring_buffer.o" "../src/ring_buffer.c"
Finished building: ../src/ring_buffer.c
 
Building file: ../src/ritimer_17xx_40xx.c
Invoking: MCU C Compiler
arm-none-eabi-gcc -D__REDLIB__ -DDEBUG -D__CODE_RED -D__USE_LPCOPEN -DCORE_M3 -I"/home/gokul/Documents/MCUXpresso_11.0.1_2563/workspace/lpc_chip_175x_6x/inc" -O0 -g3 -Wall -c -fmessage-length=0 -fno-builtin -ffunction-sections -fdata-sections -mcpu=cortex-m3 -mthumb -fstack-usage -specs=redlib.specs -MMD -MP -MF"src/ritimer_17xx_40xx.d" -MT"src/ritimer_17xx_40xx.o" -MT"src/ritimer_17xx_40xx.d" -o "src/ritimer_17xx_40xx.o" "../src/ritimer_17xx_40xx.c"
Finished building: ../src/ritimer_17xx_40xx.c
 
Building file: ../src/rtc_17xx_40xx.c
Invoking: MCU C Compiler
arm-none-eabi-gcc -D__REDLIB__ -DDEBUG -D__CODE_RED -D__USE_LPCOPEN -DCORE_M3 -I"/home/gokul/Documents/MCUXpresso_11.0.1_2563/workspace/lpc_chip_175x_6x/inc" -O0 -g3 -Wall -c -fmessage-length=0 -fno-builtin -ffunction-sections -fdata-sections -mcpu=cortex-m3 -mthumb -fstack-usage -specs=redlib.specs -MMD -MP -MF"src/rtc_17xx_40xx.d" -MT"src/rtc_17xx_40xx.o" -MT"src/rtc_17xx_40xx.d" -o "src/rtc_17xx_40xx.o" "../src/rtc_17xx_40xx.c"
Finished building: ../src/rtc_17xx_40xx.c
 
Building file: ../src/sdc_17xx_40xx.c
Invoking: MCU C Compiler
arm-none-eabi-gcc -D__REDLIB__ -DDEBUG -D__CODE_RED -D__USE_LPCOPEN -DCORE_M3 -I"/home/gokul/Documents/MCUXpresso_11.0.1_2563/workspace/lpc_chip_175x_6x/inc" -O0 -g3 -Wall -c -fmessage-length=0 -fno-builtin -ffunction-sections -fdata-sections -mcpu=cortex-m3 -mthumb -fstack-usage -specs=redlib.specs -MMD -MP -MF"src/sdc_17xx_40xx.d" -MT"src/sdc_17xx_40xx.o" -MT"src/sdc_17xx_40xx.d" -o "src/sdc_17xx_40xx.o" "../src/sdc_17xx_40xx.c"
Finished building: ../src/sdc_17xx_40xx.c
 
Building file: ../src/sdmmc_17xx_40xx.c
Invoking: MCU C Compiler
arm-none-eabi-gcc -D__REDLIB__ -DDEBUG -D__CODE_RED -D__USE_LPCOPEN -DCORE_M3 -I"/home/gokul/Documents/MCUXpresso_11.0.1_2563/workspace/lpc_chip_175x_6x/inc" -O0 -g3 -Wall -c -fmessage-length=0 -fno-builtin -ffunction-sections -fdata-sections -mcpu=cortex-m3 -mthumb -fstack-usage -specs=redlib.specs -MMD -MP -MF"src/sdmmc_17xx_40xx.d" -MT"src/sdmmc_17xx_40xx.o" -MT"src/sdmmc_17xx_40xx.d" -o "src/sdmmc_17xx_40xx.o" "../src/sdmmc_17xx_40xx.c"
Finished building: ../src/sdmmc_17xx_40xx.c
 
Building file: ../src/spi_17xx_40xx.c
Invoking: MCU C Compiler
arm-none-eabi-gcc -D__REDLIB__ -DDEBUG -D__CODE_RED -D__USE_LPCOPEN -DCORE_M3 -I"/home/gokul/Documents/MCUXpresso_11.0.1_2563/workspace/lpc_chip_175x_6x/inc" -O0 -g3 -Wall -c -fmessage-length=0 -fno-builtin -ffunction-sections -fdata-sections -mcpu=cortex-m3 -mthumb -fstack-usage -specs=redlib.specs -MMD -MP -MF"src/spi_17xx_40xx.d" -MT"src/spi_17xx_40xx.o" -MT"src/spi_17xx_40xx.d" -o "src/spi_17xx_40xx.o" "../src/spi_17xx_40xx.c"
../src/spi_17xx_40xx.c: In function 'Chip_SPI_Int_FlushData':
../src/spi_17xx_40xx.c:138:20: warning: variable 'tmp' set but not used [-Wunused-but-set-variable]
  volatile uint32_t tmp;
                    ^~~
Finished building: ../src/spi_17xx_40xx.c
 
Building file: ../src/ssp_17xx_40xx.c
Invoking: MCU C Compiler
arm-none-eabi-gcc -D__REDLIB__ -DDEBUG -D__CODE_RED -D__USE_LPCOPEN -DCORE_M3 -I"/home/gokul/Documents/MCUXpresso_11.0.1_2563/workspace/lpc_chip_175x_6x/inc" -O0 -g3 -Wall -c -fmessage-length=0 -fno-builtin -ffunction-sections -fdata-sections -mcpu=cortex-m3 -mthumb -fstack-usage -specs=redlib.specs -MMD -MP -MF"src/ssp_17xx_40xx.d" -MT"src/ssp_17xx_40xx.o" -MT"src/ssp_17xx_40xx.d" -o "src/ssp_17xx_40xx.o" "../src/ssp_17xx_40xx.c"
Finished building: ../src/ssp_17xx_40xx.c
 
Building file: ../src/stopwatch_17xx_40xx.c
Invoking: MCU C Compiler
arm-none-eabi-gcc -D__REDLIB__ -DDEBUG -D__CODE_RED -D__USE_LPCOPEN -DCORE_M3 -I"/home/gokul/Documents/MCUXpresso_11.0.1_2563/workspace/lpc_chip_175x_6x/inc" -O0 -g3 -Wall -c -fmessage-length=0 -fno-builtin -ffunction-sections -fdata-sections -mcpu=cortex-m3 -mthumb -fstack-usage -specs=redlib.specs -MMD -MP -MF"src/stopwatch_17xx_40xx.d" -MT"src/stopwatch_17xx_40xx.o" -MT"src/stopwatch_17xx_40xx.d" -o "src/stopwatch_17xx_40xx.o" "../src/stopwatch_17xx_40xx.c"
Finished building: ../src/stopwatch_17xx_40xx.c
 
Building file: ../src/sysctl_17xx_40xx.c
Invoking: MCU C Compiler
arm-none-eabi-gcc -D__REDLIB__ -DDEBUG -D__CODE_RED -D__USE_LPCOPEN -DCORE_M3 -I"/home/gokul/Documents/MCUXpresso_11.0.1_2563/workspace/lpc_chip_175x_6x/inc" -O0 -g3 -Wall -c -fmessage-length=0 -fno-builtin -ffunction-sections -fdata-sections -mcpu=cortex-m3 -mthumb -fstack-usage -specs=redlib.specs -MMD -MP -MF"src/sysctl_17xx_40xx.d" -MT"src/sysctl_17xx_40xx.o" -MT"src/sysctl_17xx_40xx.d" -o "src/sysctl_17xx_40xx.o" "../src/sysctl_17xx_40xx.c"
Finished building: ../src/sysctl_17xx_40xx.c
 
Building file: ../src/sysinit_17xx_40xx.c
Invoking: MCU C Compiler
arm-none-eabi-gcc -D__REDLIB__ -DDEBUG -D__CODE_RED -D__USE_LPCOPEN -DCORE_M3 -I"/home/gokul/Documents/MCUXpresso_11.0.1_2563/workspace/lpc_chip_175x_6x/inc" -O0 -g3 -Wall -c -fmessage-length=0 -fno-builtin -ffunction-sections -fdata-sections -mcpu=cortex-m3 -mthumb -fstack-usage -specs=redlib.specs -MMD -MP -MF"src/sysinit_17xx_40xx.d" -MT"src/sysinit_17xx_40xx.o" -MT"src/sysinit_17xx_40xx.d" -o "src/sysinit_17xx_40xx.o" "../src/sysinit_17xx_40xx.c"
Finished building: ../src/sysinit_17xx_40xx.c
 
Building file: ../src/timer_17xx_40xx.c
Invoking: MCU C Compiler
arm-none-eabi-gcc -D__REDLIB__ -DDEBUG -D__CODE_RED -D__USE_LPCOPEN -DCORE_M3 -I"/home/gokul/Documents/MCUXpresso_11.0.1_2563/workspace/lpc_chip_175x_6x/inc" -O0 -g3 -Wall -c -fmessage-length=0 -fno-builtin -ffunction-sections -fdata-sections -mcpu=cortex-m3 -mthumb -fstack-usage -specs=redlib.specs -MMD -MP -MF"src/timer_17xx_40xx.d" -MT"src/timer_17xx_40xx.o" -MT"src/timer_17xx_40xx.d" -o "src/timer_17xx_40xx.o" "../src/timer_17xx_40xx.c"
Finished building: ../src/timer_17xx_40xx.c
 
Building file: ../src/uart_17xx_40xx.c
Invoking: MCU C Compiler
arm-none-eabi-gcc -D__REDLIB__ -DDEBUG -D__CODE_RED -D__USE_LPCOPEN -DCORE_M3 -I"/home/gokul/Documents/MCUXpresso_11.0.1_2563/workspace/lpc_chip_175x_6x/inc" -O0 -g3 -Wall -c -fmessage-length=0 -fno-builtin -ffunction-sections -fdata-sections -mcpu=cortex-m3 -mthumb -fstack-usage -specs=redlib.specs -MMD -MP -MF"src/uart_17xx_40xx.d" -MT"src/uart_17xx_40xx.o" -MT"src/uart_17xx_40xx.d" -o "src/uart_17xx_40xx.o" "../src/uart_17xx_40xx.c"
Finished building: ../src/uart_17xx_40xx.c
 
Building file: ../src/wwdt_17xx_40xx.c
Invoking: MCU C Compiler
arm-none-eabi-gcc -D__REDLIB__ -DDEBUG -D__CODE_RED -D__USE_LPCOPEN -DCORE_M3 -I"/home/gokul/Documents/MCUXpresso_11.0.1_2563/workspace/lpc_chip_175x_6x/inc" -O0 -g3 -Wall -c -fmessage-length=0 -fno-builtin -ffunction-sections -fdata-sections -mcpu=cortex-m3 -mthumb -fstack-usage -specs=redlib.specs -MMD -MP -MF"src/wwdt_17xx_40xx.d" -MT"src/wwdt_17xx_40xx.o" -MT"src/wwdt_17xx_40xx.d" -o "src/wwdt_17xx_40xx.o" "../src/wwdt_17xx_40xx.c"
Finished building: ../src/wwdt_17xx_40xx.c
 
Building target: liblpc_chip_175x_6x.a
Invoking: MCU Archiver
arm-none-eabi-ar -r  "liblpc_chip_175x_6x.a"  ./src/adc_17xx_40xx.o ./src/can_17xx_40xx.o ./src/chip_17xx_40xx.o ./src/clock_17xx_40xx.o ./src/cmp_17xx_40xx.o ./src/crc_17xx_40xx.o ./src/dac_17xx_40xx.o ./src/eeprom_17xx_40xx.o ./src/emc_17xx_40xx.o ./src/enet_17xx_40xx.o ./src/gpdma_17xx_40xx.o ./src/gpio_17xx_40xx.o ./src/gpioint_17xx_40xx.o ./src/i2c_17xx_40xx.o ./src/i2s_17xx_40xx.o ./src/iap.o ./src/iocon_17xx_40xx.o ./src/lcd_17xx_40xx.o ./src/pmu_17xx_40xx.o ./src/ring_buffer.o ./src/ritimer_17xx_40xx.o ./src/rtc_17xx_40xx.o ./src/sdc_17xx_40xx.o ./src/sdmmc_17xx_40xx.o ./src/spi_17xx_40xx.o ./src/ssp_17xx_40xx.o ./src/stopwatch_17xx_40xx.o ./src/sysctl_17xx_40xx.o ./src/sysinit_17xx_40xx.o ./src/timer_17xx_40xx.o ./src/uart_17xx_40xx.o ./src/wwdt_17xx_40xx.o   
arm-none-eabi-ar: creating liblpc_chip_175x_6x.a
Finished building target: liblpc_chip_175x_6x.a
 
make --no-print-directory post-build
Performing post-build steps
arm-none-eabi-size "liblpc_chip_175x_6x.a" ; # arm-none-eabi-objdump -h -S "liblpc_chip_175x_6x.a" >"liblpc_chip_175x_6x.lss"
   text	   data	    bss	    dec	    hex	filename
    932	      0	      0	    932	    3a4	adc_17xx_40xx.o (ex liblpc_chip_175x_6x.a)
   8628	      0	      0	   8628	   21b4	can_17xx_40xx.o (ex liblpc_chip_175x_6x.a)
    172	      0	      0	    172	     ac	chip_17xx_40xx.o (ex liblpc_chip_175x_6x.a)
   1596	      0	      0	   1596	    63c	clock_17xx_40xx.o (ex liblpc_chip_175x_6x.a)
      0	      0	      0	      0	      0	cmp_17xx_40xx.o (ex liblpc_chip_175x_6x.a)
      0	      0	      0	      0	      0	crc_17xx_40xx.o (ex liblpc_chip_175x_6x.a)
    140	      0	      0	    140	     8c	dac_17xx_40xx.o (ex liblpc_chip_175x_6x.a)
      0	      0	      0	      0	      0	eeprom_17xx_40xx.o (ex liblpc_chip_175x_6x.a)
      0	      0	      0	      0	      0	emc_17xx_40xx.o (ex liblpc_chip_175x_6x.a)
   1089	      0	      4	   1093	    445	enet_17xx_40xx.o (ex liblpc_chip_175x_6x.a)
   2244	     96	      8	   2348	    92c	gpdma_17xx_40xx.o (ex liblpc_chip_175x_6x.a)
      0	      0	      0	      0	      0	gpio_17xx_40xx.o (ex liblpc_chip_175x_6x.a)
      0	      0	      0	      0	      0	gpioint_17xx_40xx.o (ex liblpc_chip_175x_6x.a)
   3601	     84	    120	   3805	    edd	i2c_17xx_40xx.o (ex liblpc_chip_175x_6x.a)
   1462	      0	      0	   1462	    5b6	i2s_17xx_40xx.o (ex liblpc_chip_175x_6x.a)
    552	      0	      0	    552	    228	iap.o (ex liblpc_chip_175x_6x.a)
    300	      0	      0	    300	    12c	iocon_17xx_40xx.o (ex liblpc_chip_175x_6x.a)
      0	      0	      0	      0	      0	lcd_17xx_40xx.o (ex liblpc_chip_175x_6x.a)
    264	      0	      0	    264	    108	pmu_17xx_40xx.o (ex liblpc_chip_175x_6x.a)
    962	      0	      0	    962	    3c2	ring_buffer.o (ex liblpc_chip_175x_6x.a)
    238	      0	      0	    238	     ee	ritimer_17xx_40xx.o (ex liblpc_chip_175x_6x.a)
    738	      0	      0	    738	    2e2	rtc_17xx_40xx.o (ex liblpc_chip_175x_6x.a)
      0	      0	      0	      0	      0	sdc_17xx_40xx.o (ex liblpc_chip_175x_6x.a)
      0	      0	      0	      0	      0	sdmmc_17xx_40xx.o (ex liblpc_chip_175x_6x.a)
   1036	      0	      0	   1036	    40c	spi_17xx_40xx.o (ex liblpc_chip_175x_6x.a)
   2270	      0	      0	   2270	    8de	ssp_17xx_40xx.o (ex liblpc_chip_175x_6x.a)
    362	      0	     12	    374	    176	stopwatch_17xx_40xx.o (ex liblpc_chip_175x_6x.a)
     44	      0	      0	     44	     2c	sysctl_17xx_40xx.o (ex liblpc_chip_175x_6x.a)
    470	      0	      0	    470	    1d6	sysinit_17xx_40xx.o (ex liblpc_chip_175x_6x.a)
    310	      0	      0	    310	    136	timer_17xx_40xx.o (ex liblpc_chip_175x_6x.a)
   2274	      0	      1	   2275	    8e3	uart_17xx_40xx.o (ex liblpc_chip_175x_6x.a)
     94	      0	      0	     94	     5e	wwdt_17xx_40xx.o (ex liblpc_chip_175x_6x.a)
 
16:28:07 **** Incremental Build of configuration Debug for project firstproject ****
make -r -j4 all 
Building file: ../source/firstproject.cpp
Invoking: MCU C++ Compiler
arm-none-eabi-c++ -DDEBUG -D__CODE_RED -D__NEWLIB__ -DCORE_M3 -D__USE_LPCOPEN -DCPP_USE_HEAP -D__LPC17XX__ -I"/home/gokul/Documents/mcu projects/inc" -I"/home/gokul/Documents/MCUXpresso_11.0.1_2563/workspace/lpc_board_nxp_lpcxpresso_1769/inc" -I"/home/gokul/Documents/MCUXpresso_11.0.1_2563/workspace/lpc_chip_175x_6x/inc" -O0 -fno-common -g3 -Wall -c -fmessage-length=0 -fno-builtin -ffunction-sections -fdata-sections -fno-rtti -fno-exceptions -mcpu=cortex-m3 -mthumb -fstack-usage -MMD -MP -MF"source/firstproject.d" -MT"source/firstproject.o" -MT"source/firstproject.d" -o "source/firstproject.o" "../source/firstproject.cpp"
Finished building: ../source/firstproject.cpp
 
Building target: firstproject.axf
Invoking: MCU C++ Linker
arm-none-eabi-c++ -nostdlib -L"/home/gokul/Documents/MCUXpresso_11.0.1_2563/workspace/lpc_board_nxp_lpcxpresso_1769/Debug" -L"/home/gokul/Documents/MCUXpresso_11.0.1_2563/workspace/lpc_chip_175x_6x/Debug" -Xlinker -Map="firstproject.map" -Xlinker --cref -Xlinker --gc-sections -Xlinker -print-memory-usage -mcpu=cortex-m3 -mthumb -T "firstproject_Debug.ld" -o "firstproject.axf"  ./source/cr_cpp_config.o ./source/cr_startup_lpc175x_6x.o ./source/crp.o ./source/firstproject.o ./source/sysinit.o   -llpc_board_nxp_lpcxpresso_1769 -llpc_chip_175x_6x
/usr/local/mcuxpressoide-11.0.1_2563/ide/plugins/com.nxp.mcuxpresso.tools.linux_11.0.1.201907311258/tools/bin/../lib/gcc/arm-none-eabi/8.2.1/../../../../arm-none-eabi/bin/ld: cannot find -llpc_board_nxp_lpcxpresso_1769
collect2: error: ld returned 1 exit status
make: *** [firstproject.axf] Error 1
makefile:45: recipe for target 'firstproject.axf' failed
"make -r -j4 all" terminated with exit code 2. Build might be incomplete.
16:29:44 **** Incremental Build of configuration Debug for project lpc_board_nxp_lpcxpresso_1769 ****
make -r all 
Building file: ../src/board.c
Invoking: MCU C Compiler
arm-none-eabi-gcc -D__REDLIB__ -DDEBUG -D__CODE_RED -D__USE_LPCOPEN -DCORE_M3 -I"/home/gokul/Documents/MCUXpresso_11.0.1_2563/workspace/lpc_chip_175x_6x/inc" -I"/home/gokul/Documents/MCUXpresso_11.0.1_2563/workspace/lpc_board_nxp_lpcxpresso_1769/inc" -O0 -g3 -Wall -c -fmessage-length=0 -fno-builtin -ffunction-sections -fdata-sections -mcpu=cortex-m3 -mthumb -fstack-usage -specs=redlib.specs -MMD -MP -MF"src/board.d" -MT"src/board.o" -MT"src/board.d" -o "src/board.o" "../src/board.c"
../src/board.c: In function 'Board_I2C_Init':
../src/board.c:287:2: warning: enumeration value 'I2C_NUM_INTERFACE' not handled in switch [-Wswitch]
  switch (id) {
  ^~~~~~
Finished building: ../src/board.c
 
Building file: ../src/board_sysinit.c
Invoking: MCU C Compiler
arm-none-eabi-gcc -D__REDLIB__ -DDEBUG -D__CODE_RED -D__USE_LPCOPEN -DCORE_M3 -I"/home/gokul/Documents/MCUXpresso_11.0.1_2563/workspace/lpc_chip_175x_6x/inc" -I"/home/gokul/Documents/MCUXpresso_11.0.1_2563/workspace/lpc_board_nxp_lpcxpresso_1769/inc" -O0 -g3 -Wall -c -fmessage-length=0 -fno-builtin -ffunction-sections -fdata-sections -mcpu=cortex-m3 -mthumb -fstack-usage -specs=redlib.specs -MMD -MP -MF"src/board_sysinit.d" -MT"src/board_sysinit.o" -MT"src/board_sysinit.d" -o "src/board_sysinit.o" "../src/board_sysinit.c"
Finished building: ../src/board_sysinit.c
 
Building file: ../src/lpc_phy_smsc87x0.c
Invoking: MCU C Compiler
arm-none-eabi-gcc -D__REDLIB__ -DDEBUG -D__CODE_RED -D__USE_LPCOPEN -DCORE_M3 -I"/home/gokul/Documents/MCUXpresso_11.0.1_2563/workspace/lpc_chip_175x_6x/inc" -I"/home/gokul/Documents/MCUXpresso_11.0.1_2563/workspace/lpc_board_nxp_lpcxpresso_1769/inc" -O0 -g3 -Wall -c -fmessage-length=0 -fno-builtin -ffunction-sections -fdata-sections -mcpu=cortex-m3 -mthumb -fstack-usage -specs=redlib.specs -MMD -MP -MF"src/lpc_phy_smsc87x0.d" -MT"src/lpc_phy_smsc87x0.o" -MT"src/lpc_phy_smsc87x0.d" -o "src/lpc_phy_smsc87x0.o" "../src/lpc_phy_smsc87x0.c"
Finished building: ../src/lpc_phy_smsc87x0.c
 
Building target: liblpc_board_nxp_lpcxpresso_1769.a
Invoking: MCU Archiver
arm-none-eabi-ar -r  "liblpc_board_nxp_lpcxpresso_1769.a"  ./src/board.o ./src/board_sysinit.o ./src/lpc_phy_smsc87x0.o   
arm-none-eabi-ar: creating liblpc_board_nxp_lpcxpresso_1769.a
Finished building target: liblpc_board_nxp_lpcxpresso_1769.a
 
make --no-print-directory post-build
Performing post-build steps
arm-none-eabi-size "liblpc_board_nxp_lpcxpresso_1769.a" ; # arm-none-eabi-objdump -h -S "liblpc_board_nxp_lpcxpresso_1769.a" >"liblpc_board_nxp_lpcxpresso_1769.lss"
   text	   data	    bss	    dec	    hex	filename
   2375	      0	      0	   2375	    947	board.o (ex liblpc_board_nxp_lpcxpresso_1769.a)
    202	      0	      0	    202	     ca	board_sysinit.o (ex liblpc_board_nxp_lpcxpresso_1769.a)
    856	      0	     18	    874	    36a	lpc_phy_smsc87x0.o (ex liblpc_board_nxp_lpcxpresso_1769.a)
 
16:29:46 **** Incremental Build of configuration Debug for project lpc_chip_175x_6x ****
make -r all 
make: Nothing to be done for 'all'.
16:29:47 **** Incremental Build of configuration Debug for project firstproject ****
make -r -j4 all 
Building target: firstproject.axf
Invoking: MCU C++ Linker
arm-none-eabi-c++ -nostdlib -L"/home/gokul/Documents/MCUXpresso_11.0.1_2563/workspace/lpc_board_nxp_lpcxpresso_1769/Debug" -L"/home/gokul/Documents/MCUXpresso_11.0.1_2563/workspace/lpc_chip_175x_6x/Debug" -Xlinker -Map="firstproject.map" -Xlinker --cref -Xlinker --gc-sections -Xlinker -print-memory-usage -mcpu=cortex-m3 -mthumb -T "firstproject_Debug.ld" -o "firstproject.axf"  ./source/cr_cpp_config.o ./source/cr_startup_lpc175x_6x.o ./source/crp.o ./source/firstproject.o ./source/sysinit.o   -llpc_board_nxp_lpcxpresso_1769 -llpc_chip_175x_6x
Memory region         Used Size  Region Size  %age Used
       MFlash512:        4888 B       512 KB      0.93%
        RamLoc32:          36 B        32 KB      0.11%
        RamAHB32:          0 GB        32 KB      0.00%
Finished building target: firstproject.axf
 
make --no-print-directory post-build
Performing post-build steps
arm-none-eabi-size "firstproject.axf"; # arm-none-eabi-objcopy -v -O binary "firstproject.axf" "firstproject.bin" ; # checksum -p LPC1769 -d "firstproject.bin";
   text	   data	    bss	    dec	    hex	filename
   4888	      0	     36	   4924	   133c	firstproject.axf
 
16:32:00 **** Incremental Build of configuration Debug for project lpc_board_nxp_lpcxpresso_1769 ****
make -r all 
Building file: ../src/board.c
Invoking: MCU C Compiler
arm-none-eabi-gcc -D__REDLIB__ -DDEBUG -D__CODE_RED -D__USE_LPCOPEN -DCORE_M3 -I"/home/gokul/Documents/MCUXpresso_11.0.1_2563/workspace/lpc_chip_175x_6x/inc" -I"/home/gokul/Documents/MCUXpresso_11.0.1_2563/workspace/lpc_board_nxp_lpcxpresso_1769/inc" -O0 -g3 -Wall -c -fmessage-length=0 -fno-builtin -ffunction-sections -fdata-sections -mcpu=cortex-m3 -mthumb -fstack-usage -specs=redlib.specs -MMD -MP -MF"src/board.d" -MT"src/board.o" -MT"src/board.d" -o "src/board.o" "../src/board.c"
../src/board.c: In function 'Board_I2C_Init':
../src/board.c:289:2: warning: enumeration value 'I2C_NUM_INTERFACE' not handled in switch [-Wswitch]
  switch (id) {
  ^~~~~~
Finished building: ../src/board.c
 
Building target: liblpc_board_nxp_lpcxpresso_1769.a
Invoking: MCU Archiver
arm-none-eabi-ar -r  "liblpc_board_nxp_lpcxpresso_1769.a"  ./src/board.o ./src/board_sysinit.o ./src/lpc_phy_smsc87x0.o   
arm-none-eabi-ar: creating liblpc_board_nxp_lpcxpresso_1769.a
Finished building target: liblpc_board_nxp_lpcxpresso_1769.a
 
make --no-print-directory post-build
Performing post-build steps
arm-none-eabi-size "liblpc_board_nxp_lpcxpresso_1769.a" ; # arm-none-eabi-objdump -h -S "liblpc_board_nxp_lpcxpresso_1769.a" >"liblpc_board_nxp_lpcxpresso_1769.lss"
   text	   data	    bss	    dec	    hex	filename
   2399	      0	      0	   2399	    95f	board.o (ex liblpc_board_nxp_lpcxpresso_1769.a)
    202	      0	      0	    202	     ca	board_sysinit.o (ex liblpc_board_nxp_lpcxpresso_1769.a)
    856	      0	     18	    874	    36a	lpc_phy_smsc87x0.o (ex liblpc_board_nxp_lpcxpresso_1769.a)
 
16:32:01 **** Incremental Build of configuration Debug for project lpc_chip_175x_6x ****
make -r all 
make: Nothing to be done for 'all'.
16:32:02 **** Incremental Build of configuration Debug for project firstproject ****
make -r -j4 all 
Building target: firstproject.axf
Invoking: MCU C++ Linker
arm-none-eabi-c++ -nostdlib -L"/home/gokul/Documents/MCUXpresso_11.0.1_2563/workspace/lpc_board_nxp_lpcxpresso_1769/Debug" -L"/home/gokul/Documents/MCUXpresso_11.0.1_2563/workspace/lpc_chip_175x_6x/Debug" -Xlinker -Map="firstproject.map" -Xlinker --cref -Xlinker --gc-sections -Xlinker -print-memory-usage -mcpu=cortex-m3 -mthumb -T "firstproject_Debug.ld" -o "firstproject.axf"  ./source/cr_cpp_config.o ./source/cr_startup_lpc175x_6x.o ./source/crp.o ./source/firstproject.o ./source/sysinit.o   -llpc_board_nxp_lpcxpresso_1769 -llpc_chip_175x_6x
Memory region         Used Size  Region Size  %age Used
       MFlash512:        4912 B       512 KB      0.94%
        RamLoc32:          36 B        32 KB      0.11%
        RamAHB32:          0 GB        32 KB      0.00%
Finished building target: firstproject.axf
 
make --no-print-directory post-build
Performing post-build steps
arm-none-eabi-size "firstproject.axf"; # arm-none-eabi-objcopy -v -O binary "firstproject.axf" "firstproject.bin" ; # checksum -p LPC1769 -d "firstproject.bin";
   text	   data	    bss	    dec	    hex	filename
   4912	      0	     36	   4948	   1354	firstproject.axf
 
16:34:58 **** Incremental Build of configuration Debug for project lpc_board_nxp_lpcxpresso_1769 ****
make -r all 
make: Nothing to be done for 'all'.
16:34:59 **** Incremental Build of configuration Debug for project lpc_chip_175x_6x ****
make -r all 
make: Nothing to be done for 'all'.
16:35:00 **** Incremental Build of configuration Debug for project firstproject ****
make -r -j4 all 
Building file: ../source/firstproject.cpp
Invoking: MCU C++ Compiler
arm-none-eabi-c++ -DDEBUG -D__CODE_RED -D__NEWLIB__ -DCORE_M3 -D__USE_LPCOPEN -DCPP_USE_HEAP -D__LPC17XX__ -I"/home/gokul/Documents/mcu projects/inc" -I"/home/gokul/Documents/MCUXpresso_11.0.1_2563/workspace/lpc_board_nxp_lpcxpresso_1769/inc" -I"/home/gokul/Documents/MCUXpresso_11.0.1_2563/workspace/lpc_chip_175x_6x/inc" -O0 -fno-common -g3 -Wall -c -fmessage-length=0 -fno-builtin -ffunction-sections -fdata-sections -fno-rtti -fno-exceptions -mcpu=cortex-m3 -mthumb -fstack-usage -MMD -MP -MF"source/firstproject.d" -MT"source/firstproject.o" -MT"source/firstproject.d" -o "source/firstproject.o" "../source/firstproject.cpp"
Finished building: ../source/firstproject.cpp
 
Building target: firstproject.axf
Invoking: MCU C++ Linker
arm-none-eabi-c++ -nostdlib -L"/home/gokul/Documents/MCUXpresso_11.0.1_2563/workspace/lpc_board_nxp_lpcxpresso_1769/Debug" -L"/home/gokul/Documents/MCUXpresso_11.0.1_2563/workspace/lpc_chip_175x_6x/Debug" -Xlinker -Map="firstproject.map" -Xlinker --cref -Xlinker --gc-sections -Xlinker -print-memory-usage -mcpu=cortex-m3 -mthumb -T "firstproject_Debug.ld" -o "firstproject.axf"  ./source/cr_cpp_config.o ./source/cr_startup_lpc175x_6x.o ./source/crp.o ./source/firstproject.o ./source/sysinit.o   -llpc_board_nxp_lpcxpresso_1769 -llpc_chip_175x_6x
Memory region         Used Size  Region Size  %age Used
       MFlash512:        4912 B       512 KB      0.94%
        RamLoc32:          32 B        32 KB      0.10%
        RamAHB32:          0 GB        32 KB      0.00%
Finished building target: firstproject.axf
 
make --no-print-directory post-build
Performing post-build steps
arm-none-eabi-size "firstproject.axf"; # arm-none-eabi-objcopy -v -O binary "firstproject.axf" "firstproject.bin" ; # checksum -p LPC1769 -d "firstproject.bin";
   text	   data	    bss	    dec	    hex	filename
   4912	      0	     32	   4944	   1350	firstproject.axf
 
